******************************************************************************
                  TI ARM Linker Unix v20.2.2                   
******************************************************************************
>> Linked Tue Jun  8 12:11:45 2021

OUTPUT FILE NAME:   <base-practica-TIVA-2021-ADC.out>
ENTRY POINT SYMBOL: "_c_int00_noargs"  address: 000195dd


MEMORY CONFIGURATION

         name            origin    length      used     unused   attr    fill
----------------------  --------  ---------  --------  --------  ----  --------
  FLASH                 00000000   00040000  0001a77e  00025882  R  X
  SRAM                  20000000   00008000  000067ed  00001813  RW X


SEGMENT ALLOCATION MAP

run origin  load origin   length   init length attrs members
----------  ----------- ---------- ----------- ----- -------
00000000    00000000    0001a780   0001a780    r-x
  00000000    00000000    0000026c   0000026c    r-- .intvecs
  0000026c    0000026c    0001957e   0001957e    r-x .text
  000197ec    000197ec    00000e04   00000e04    r-- .const
  0001a5f0    0001a5f0    00000190   00000190    r-- .cinit
20000000    20000000    000067f0   00000000    rw-
  20000000    20000000    0000026c   00000000    rw- .vtable
  2000026c    2000026c    000060b5   00000000    rw- .bss
  20006324    20006324    000002cc   00000000    rw- .data
  200065f0    200065f0    00000200   00000000    rw- .stack


SECTION ALLOCATION MAP

 output                                  attributes/
section   page    origin      length       input sections
--------  ----  ----------  ----------   ----------------
.intvecs   0    00000000    0000026c     
                  00000000    0000026c     startup_ccs.obj (.intvecs)

.text      0    0000026c    0001957e     
                  0000026c    00003084     usbhostenum.obj (.text)
                  000032f0    00002398     usb.obj (.text)
                  00005688    0000211c     tasks.obj (.text)
                  000077a4    00001688     sysctl.obj (.text)
                  00008e2c    00001570     usbdenum.obj (.text)
                  0000a39c    00001288     gpio.obj (.text)
                  0000b624    00001234     queue.obj (.text)
                  0000c858    0000104c     adc.obj (.text)
                  0000d8a4    00000fdc     usbdcdc.obj (.text)
                  0000e880    00000fa8     usbdma.obj (.text)
                  0000f828    00000d20     timer.obj (.text)
                  00010548    00000b8c     uartstdio.obj (.text)
                  000110d4    00000b08     uart.obj (.text)
                  00011bdc    00000a4e     rtsv7M4_T_le_v4SPD16_eabi.lib : _printfi.c.obj (.text:__TI_printfi)
                  0001262a    00000002                                   : div0.asm.obj (.text)
                  0001262c    00000924     usbhhub.obj (.text)
                  00012f50    00000820     timers.obj (.text)
                  00013770    00000778     commands.obj (.text)
                  00013ee8    00000598     usbbuffer.obj (.text)
                  00014480    00000570     usbmode.obj (.text)
                  000149f0    00000490     interrupt.obj (.text)
                  00014e80    0000048c     usbringbuf.obj (.text)
                  0001530c    00000464     heap_4.obj (.text)
                  00015770    0000042c     rgb.obj (.text)
                  00015b9c    000003cc     main.obj (.text)
                  00015f68    000003c8     rtsv7M4_T_le_v4SPD16_eabi.lib : strtof.c.obj (.text:strtof)
                  00016330    000003c0     usb_dev_serial.obj (.text)
                  000166f0    000003bc     usbdconfig.obj (.text)
                  00016aac    000002f2     serialprotocol.obj (.text)
                  00016d9e    000002de     usbdcdesc.obj (.text)
                  0001707c    000002d0     port.obj (.text)
                  0001734c    000002b0     remotelink.obj (.text)
                  000175fc    00000270     rtsv7M4_T_le_v4SPD16_eabi.lib : _printfi.c.obj (.text:_pconv_a)
                  0001786c    000001d2     usbdesc.obj (.text)
                  00017a3e    00000002     --HOLE-- [fill = 0]
                  00017a40    000001d0     rtsv7M4_T_le_v4SPD16_eabi.lib : _printfi.c.obj (.text:_pconv_g)
                  00017c10    000001b6                                   : fd_add_t2.asm.obj (.text)
                  00017dc6    00000002     --HOLE-- [fill = 0]
                  00017dc8    00000148     configADC.obj (.text)
                  00017f10    0000013c     rtsv7M4_T_le_v4SPD16_eabi.lib : _printfi.c.obj (.text:_pconv_e)
                  0001804c    00000136                                   : fd_div_t2.asm.obj (.text)
                  00018182    0000012a     list.obj (.text)
                  000182ac    00000128     buttons.obj (.text)
                  000183d4    00000124     cpu_usage.obj (.text)
                  000184f8    00000124     rtsv7M4_T_le_v4SPD16_eabi.lib : _printfi.c.obj (.text:fcvt)
                  0001861c    00000110                                   : s_scalbn.c.obj (.text:scalbn)
                  0001872c    00000110                                   : strtoul.c.obj (.text:strtoul)
                  0001883c    000000fc                                   : fd_mul_t2.asm.obj (.text)
                  00018938    000000ec     usbtick.obj (.text)
                  00018a24    000000da     portasm.obj (.text)
                  00018afe    00000002     --HOLE-- [fill = 0]
                  00018b00    000000d0     rtsv7M4_T_le_v4SPD16_eabi.lib : s_scalbnf.c.obj (.text:scalbnf)
                  00018bd0    000000c8     usbulpi.obj (.text)
                  00018c98    000000b1     rtsv7M4_T_le_v4SPD16_eabi.lib : _printfi.c.obj (.text:_ltostr)
                  00018d49    00000003     --HOLE-- [fill = 0]
                  00018d4c    000000ac     cmdline.obj (.text)
                  00018df8    0000009c     rtsv7M4_T_le_v4SPD16_eabi.lib : memcpy_t2.asm.obj (.text)
                  00018e94    00000096                                   : ull_div_t2.asm.obj (.text)
                  00018f2a    00000086                                   : fd_cmp_t2.asm.obj (.text:__aeabi_cdcmple)
                  00018fb0    00000086                                   : fd_cmp_t2.asm.obj (.text:__aeabi_cdrcmple)
                  00019036    0000007a                                   : memset_t2.asm.obj (.text)
                  000190b0    0000006e                                   : _printfi.c.obj (.text:_mcpy)
                  0001911e    00000002     --HOLE-- [fill = 0]
                  00019120    00000068     crc.obj (.text)
                  00019188    00000068     RunTimeStatsConfig.obj (.text)
                  000191f0    00000068     rtsv7M4_T_le_v4SPD16_eabi.lib : copy_decompress_lzss.c.obj (.text:decompress:lzss:__TI_decompress_lzss)
                  00019258    00000064                                   : s_frexp.c.obj (.text:frexp)
                  000192bc    00000056                                   : _printfi.c.obj (.text:_pconv_f)
                  00019312    00000054                                   : _ltoa.c.obj (.text:__TI_ltoa)
                  00019366    00000052                                   : _printfi.c.obj (.text:_ecpy)
                  000193b8    00000050                                   : fs_toull_t2.asm.obj (.text)
                  00019408    0000004c                                   : atoi.c.obj (.text:atoi)
                  00019454    00000048                                   : fd_toi_t2.asm.obj (.text)
                  0001949c    00000044                                   : autoinit.c.obj (.text:__TI_auto_init_nobinit_nopinit:__TI_auto_init_nobinit_nopinit)
                  000194e0    00000040                                   : u_divt2.asm.obj (.text)
                  00019520    00000040                                   : sprintf.c.obj (.text:sprintf)
                  00019560    0000003e                                   : _printfi.c.obj (.text:_fcpy)
                  0001959e    0000003e     cpu.obj (.text)
                  000195dc    00000034     rtsv7M4_T_le_v4SPD16_eabi.lib : boot_cortex_m.c.obj (.text:_c_int00_noargs:_c_int00_noargs)
                  00019610    0000002e                                   : i_tofd_t2.asm.obj (.text)
                  0001963e    00000002     --HOLE-- [fill = 0]
                  00019640    0000002c     startup_ccs.obj (.text)
                  0001966c    0000002c     rtsv7M4_T_le_v4SPD16_eabi.lib : strncmp.c.obj (.text:strncmp)
                  00019698    00000024     RunTimeStatsConfig.obj (.text:GetOverflowCounts)
                  000196bc    00000024     usbdhandler.obj (.text)
                  000196e0    0000001c     rtsv7M4_T_le_v4SPD16_eabi.lib : memccpy.c.obj (.text:memccpy)
                  000196fc    0000001a                                   : s_copysign.c.obj (.text:copysign)
                  00019716    00000018                                   : sprintf.c.obj (.text:_outs)
                  0001972e    00000018                                   : s_copysignf.c.obj (.text:copysignf)
                  00019746    00000018                                   : strcmp.c.obj (.text:strcmp)
                  0001975e    00000016                                   : strchr.c.obj (.text:strchr)
                  00019774    00000014                                   : strcpy.c.obj (.text:strcpy)
                  00019788    00000014                                   : strlen.c.obj (.text:strlen)
                  0001979c    00000012                                   : wcslen.c.obj (.text:wcslen)
                  000197ae    0000000e                                   : copy_decompress_none.c.obj (.text:decompress:none:__TI_decompress_none)
                  000197bc    0000000c                                   : copy_zero_init.c.obj (.text:decompress:ZI:__TI_zero_init)
                  000197c8    0000000a                                   : sprintf.c.obj (.text:_outc)
                  000197d2    00000002     --HOLE-- [fill = 0]
                  000197d4    00000008                                   : errno.c.obj (.text:__aeabi_errno_addr)
                  000197dc    00000006     sysctl.obj (.text:SysCtlDelay)
                  000197e2    00000004     rtsv7M4_T_le_v4SPD16_eabi.lib : pre_init.c.obj (.text:_system_pre_init)
                  000197e6    00000004                                   : exit.c.obj (.text:abort:abort)

.const     0    000197ec    00000e04     
                  000197ec    00000200     crc.obj (.const:crctttab)
                  000199ec    000001ca     commands.obj (.const:.string)
                  00019bb6    00000002     --HOLE-- [fill = 0]
                  00019bb8    000001b0     sysctl.obj (.const:g_pppui32XTALtoVCO)
                  00019d68    00000101     rtsv7M4_T_le_v4SPD16_eabi.lib : ctype.c.obj (.const:.string:_ctypes_)
                  00019e69    00000003     --HOLE-- [fill = 0]
                  00019e6c    000000d8     gpio.obj (.const:g_ppui32GPIOIntMapSnowflake)
                  00019f44    000000c0     gpio.obj (.const:g_ppui32GPIOIntMapBlizzard)
                  0001a004    0000009c     interrupt.obj (.const:g_pui32Regs)
                  0001a0a0    00000090     gpio.obj (.const:g_pui32GPIOBaseAddrs)
                  0001a130    0000006c     sysctl.obj (.const:g_pui32Xtals)
                  0001a19c    00000060     timer.obj (.const:g_ppui32TimerIntMap)
                  0001a1fc    00000058     rtsv7M4_T_le_v4SPD16_eabi.lib : strtof.c.obj (.const:$O1$$)
                  0001a254    00000040     timer.obj (.const:g_ppui32TimerIntMapSnowflake)
                  0001a294    00000040     uart.obj (.const:g_ppui32UARTIntMap)
                  0001a2d4    00000040     uart.obj (.const:g_ppui32UARTIntMapSnowflake)
                  0001a314    00000036     usb_serial_structs.obj (.const:.string:g_pui8ConfigString)
                  0001a34a    00000002     --HOLE-- [fill = 0]
                  0001a34c    00000034     usbdenum.obj (.const:g_psUSBDStdRequests)
                  0001a380    00000030     usbdcdc.obj (.const:g_sCDCHandlers)
                  0001a3b0    00000030     sysctl.obj (.const:g_sXTALtoMEMTIM)
                  0001a3e0    0000002c     usb_serial_structs.obj (.const:.string:g_pui8ControlInterfaceString)
                  0001a40c    00000024     usb_serial_structs.obj (.const:.string:g_pui8ManufacturerString)
                  0001a430    00000023     usbdcdc.obj (.const:.string:g_pui8CDCSerCommInterface)
                  0001a453    00000022     usb_serial_structs.obj (.const:.string:g_pui8ProductString)
                  0001a475    00000003     --HOLE-- [fill = 0]
                  0001a478    00000020     interrupt.obj (.const:g_pui32Priority)
                  0001a498    00000018     usb_serial_structs.obj (.const:g_ppui8StringDescriptors)
                  0001a4b0    00000017     usbdcdc.obj (.const:.string:g_pui8CDCSerDataInterface)
                  0001a4c7    00000017     usbdcdc.obj (.const:.string:g_pui8CDCSerDataInterfaceHS)
                  0001a4de    00000002     --HOLE-- [fill = 0]
                  0001a4e0    00000014     interrupt.obj (.const:g_pui32Dii16Regs)
                  0001a4f4    00000014     interrupt.obj (.const:g_pui32EnRegs)
                  0001a508    00000014     interrupt.obj (.const:g_pui32PendRegs)
                  0001a51c    00000014     interrupt.obj (.const:g_pui32UnpendRegs)
                  0001a530    00000012     usb_serial_structs.obj (.const:.string:g_pui8SerialNumberString)
                  0001a542    00000002     --HOLE-- [fill = 0]
                  0001a544    00000012     uartstdio.obj (.const:.string)
                  0001a556    00000002     --HOLE-- [fill = 0]
                  0001a558    0000000c     uartstdio.obj (.const:g_ui32UARTBase)
                  0001a564    0000000c     uartstdio.obj (.const:g_ui32UARTInt)
                  0001a570    0000000c     uartstdio.obj (.const:g_ui32UARTPeriph)
                  0001a57c    00000008     sysctl.obj (.const:g_pui32VCOFrequencies)
                  0001a584    00000008     usbdcdc.obj (.const:g_sCDCCompSerConfigHeader)
                  0001a58c    00000008     usbdcdc.obj (.const:g_sCDCCompSerConfigHeaderHS)
                  0001a594    00000008     usbdcdc.obj (.const:g_sCDCSerCommInterfaceSection)
                  0001a59c    00000008     usbdcdc.obj (.const:g_sCDCSerConfigHeader)
                  0001a5a4    00000008     usbdcdc.obj (.const:g_sCDCSerConfigHeaderHS)
                  0001a5ac    00000008     usbdcdc.obj (.const:g_sCDCSerConfigSection)
                  0001a5b4    00000008     usbdcdc.obj (.const:g_sCDCSerDataInterfaceSection)
                  0001a5bc    00000008     usbdcdc.obj (.const:g_sCDCSerDataInterfaceSectionHS)
                  0001a5c4    00000008     usbdcdc.obj (.const:g_sIADSerConfigSection)
                  0001a5cc    00000008     port.obj (.const)
                  0001a5d4    00000004     usb_serial_structs.obj (.const:.string:g_pui8LangDescriptor)
                  0001a5d8    00000004     usbdcdc.obj (.const:g_pCDCCompSerConfigDescriptors)
                  0001a5dc    00000004     usbdcdc.obj (.const:g_pCDCCompSerConfigDescriptorsHS)
                  0001a5e0    00000004     usbdcdc.obj (.const:g_ppCDCSerConfigDescriptors)
                  0001a5e4    00000004     usbdcdc.obj (.const:g_ppCDCSerConfigDescriptorsHS)
                  0001a5e8    00000004     tasks.obj (.const)
                  0001a5ec    00000004     uartstdio.obj (.const)

.cinit     0    0001a5f0    00000190     
                  0001a5f0    00000156     (.cinit..data.load) [load image, compression = lzss]
                  0001a746    00000002     --HOLE-- [fill = 0]
                  0001a748    0000000c     (__TI_handler_table)
                  0001a754    00000004     --HOLE-- [fill = 0]
                  0001a758    00000008     (.cinit..bss.load) [load image, compression = zero_init]
                  0001a760    00000008     (.cinit..vtable.load) [load image, compression = zero_init]
                  0001a768    00000018     (__TI_cinit_table)

.init_array 
*          0    00000000    00000000     UNINITIALIZED

.vtable    0    20000000    0000026c     UNINITIALIZED
                  20000000    0000026c     interrupt.obj (.vtable)

.bss       0    2000026c    000060b5     UNINITIALIZED
                  2000026c    00005000     heap_4.obj (.bss:ucHeap)
                  2000526c    000006cc     usbhostenum.obj (.bss:g_sUSBHCD)
                  20005938    00000200     uartstdio.obj (.bss:g_pcUARTRxHistoryBuffer)
                  20005b38    00000140     tasks.obj (.bss:pxReadyTasksLists)
                  20005c78    00000110     usbdma.obj (.bss:g_psUSBDMAInst)
                  20005d88    00000100     (.common:g_pui8USBRxBuffer)
                  20005e88    00000100     (.common:g_pui8USBTxBuffer)
                  20005f88    0000009c     usbhhub.obj (.bss:g_sRootHub)
                  20006024    00000050     (.common:g_psDCDInst)
                  20006074    00000040     remotelink.obj (.bss:Rxframe)
                  200060b4    00000040     remotelink.obj (.bss:Txframe)
                  200060f4    00000040     usbdenum.obj (.bss:g_pui8DataBufferIn)
                  20006134    00000028     (.common:xQueueRegistry)
                  2000615c    00000024     cmdline.obj (.bss:g_ppcArgv)
                  20006180    00000020     uartstdio.obj (.bss:g_usUARTRxHistoryOffset)
                  200061a0    00000018     usbhostenum.obj (.bss:g_pi32USBHActiveDriver)
                  200061b8    00000018     usbhostenum.obj (.bss:g_ppvDriverInstance)
                  200061d0    00000018     (.common:g_pfnTickHandlers)
                  200061e8    00000018     (.common:g_pvTickInstance)
                  20006200    00000014     uartstdio.obj (.bss)
                  20006214    00000014     timers.obj (.bss:xActiveTimerList1)
                  20006228    00000014     timers.obj (.bss:xActiveTimerList2)
                  2000623c    00000014     tasks.obj (.bss:xDelayedTaskList1)
                  20006250    00000014     tasks.obj (.bss:xDelayedTaskList2)
                  20006264    00000014     tasks.obj (.bss:xPendingReadyList)
                  20006278    00000014     tasks.obj (.bss:xSuspendedTaskList)
                  2000628c    00000014     tasks.obj (.bss:xTasksWaitingTermination)
                  200062a0    0000000c     cpu_usage.obj (.bss)
                  200062ac    0000000c     rgb.obj (.bss:g_ui32Colors)
                  200062b8    00000008     usbhostenum.obj (.bss:g_pui32Alloc)
                  200062c0    00000008     adc.obj (.bss:g_pui8OversampleFactor)
                  200062c8    00000008     tasks.obj (.bss)
                  200062d0    00000008     timers.obj (.bss)
                  200062d8    00000008     usb_dev_serial.obj (.bss)
                  200062e0    00000008     usbhhub.obj (.bss)
                  200062e8    00000008     heap_4.obj (.bss:xStart)
                  200062f0    00000004     configADC.obj (.bss)
                  200062f4    00000004     remotelink.obj (.bss)
                  200062f8    00000004     rgb.obj (.bss)
                  200062fc    00000004     usbdenum.obj (.bss)
                  20006300    00000004     usbhostenum.obj (.bss)
                  20006304    00000004     usbmode.obj (.bss)
                  20006308    00000004     (.common:botones)
                  2000630c    00000004     (.common:g_ppsDevInfo)
                  20006310    00000004     (.common:g_ui32CPUUsage)
                  20006314    00000004     (.common:g_ui32PollRate)
                  20006318    00000004     (.common:g_ulSystemClock)
                  2000631c    00000004     (.common:set_ctl)
                  20006320    00000001     (.common:g_eOTGModeState)

.data      0    20006324    000002cc     UNINITIALIZED
                  20006324    00000084     commands.obj (.data:g_psCmdTable)
                  200063a8    00000060     usb_serial_structs.obj (.data:g_sCDCDevice)
                  20006408    0000003c     tasks.obj (.data)
                  20006444    00000038     usb_serial_structs.obj (.data:g_sRxBuffer)
                  2000647c    00000038     usb_serial_structs.obj (.data:g_sTxBuffer)
                  200064b4    00000018     cpu_usage.obj (.data:g_pui32CPUUsageTimerBase)
                  200064cc    00000018     cpu_usage.obj (.data:g_pui32CPUUsageTimerPeriph)
                  200064e4    00000018     usbhostenum.obj (.data:g_sUSBHEP0State)
                  200064fc    00000018     heap_4.obj (.data)
                  20006514    00000014     usbhostenum.obj (.data)
                  20006528    00000012     usbdcdc.obj (.data:g_pui8CDCSerDeviceDescriptor)
                  2000653a    00000002     main.obj (.data)
                  2000653c    00000010     usbdcdc.obj (.data:g_psCDCCompSerSections)
                  2000654c    00000010     usbdcdc.obj (.data:g_psCDCCompSerSectionsHS)
                  2000655c    0000000d     usb_dev_serial.obj (.data)
                  20006569    00000003     buttons.obj (.data)
                  2000656c    0000000c     usbdcdc.obj (.data:g_psCDCSerSections)
                  20006578    0000000c     usbdcdc.obj (.data:g_psCDCSerSectionsHS)
                  20006584    0000000c     port.obj (.data)
                  20006590    0000000c     timers.obj (.data)
                  2000659c    0000000c     uartstdio.obj (.data)
                  200065a8    0000000c     usbtick.obj (.data)
                  200065b4    00000009     usbdcdc.obj (.data:g_pui8CDCSerDescriptor)
                  200065bd    00000001     --HOLE--
                  200065be    00000002     usbdcdc.obj (.data)
                  200065c0    00000009     usbmode.obj (.data)
                  200065c9    00000008     usbdcdc.obj (.data:g_pui8IADSerDescriptor)
                  200065d1    00000003     --HOLE--
                  200065d4    00000008     usbdenum.obj (.data)
                  200065dc    00000007     usb_dev_serial.obj (.data:ConfigLinea)
                  200065e3    00000001     --HOLE--
                  200065e4    00000004     remotelink.obj (.data)
                  200065e8    00000004     rgb.obj (.data)
                  200065ec    00000004     rtsv7M4_T_le_v4SPD16_eabi.lib : errno.c.obj (.data)

.stack     0    200065f0    00000200     UNINITIALIZED
                  200065f0    00000004     rtsv7M4_T_le_v4SPD16_eabi.lib : boot_cortex_m.c.obj (.stack)
                  200065f4    000001fc     --HOLE--

__llvm_prf_cnts 
*          0    20000000    00000000     UNINITIALIZED

MODULE SUMMARY

       Module                       code     ro data   rw data
       ------                       ----     -------   -------
    ./
       commands.obj                 1912     458       132    
       main.obj                     972      0         18     
       startup_ccs.obj              44       620       0      
    +--+----------------------------+--------+---------+---------+
       Total:                       2928     1078      150    
                                                              
    ./FreeRTOS/Source/
       tasks.obj                    8476     4         488    
       queue.obj                    4660     0         40     
       timers.obj                   2080     0         60     
       list.obj                     298      0         0      
    +--+----------------------------+--------+---------+---------+
       Total:                       15514    4         588    
                                                              
    ./FreeRTOS/Source/portable/CCS/ARM_CM4F/
       port.obj                     720      8         12     
       portasm.obj                  218      0         0      
    +--+----------------------------+--------+---------+---------+
       Total:                       938      8         12     
                                                              
    ./FreeRTOS/Source/portable/MemMang/
       heap_4.obj                   1124     0         20512  
    +--+----------------------------+--------+---------+---------+
       Total:                       1124     0         20512  
                                                              
    ./driverlib/
       usb.obj                      9112     0         0      
       sysctl.obj                   5774     596       0      
       gpio.obj                     4744     552       0      
       adc.obj                      4172     0         8      
       timer.obj                    3360     160       0      
       uart.obj                     2824     128       0      
       interrupt.obj                1168     268       620    
       cpu.obj                      62       0         0      
    +--+----------------------------+--------+---------+---------+
       Total:                       31216    1704      628    
                                                              
    ./drivers/
       rgb.obj                      1068     0         20     
       configADC.obj                328      0         4      
       buttons.obj                  296      0         3      
    +--+----------------------------+--------+---------+---------+
       Total:                       1692     0         27     
                                                              
    ./remotelink/
       usb_dev_serial.obj           960      0         28     
       usb_serial_structs.obj       0        214       720    
       remotelink.obj               688      0         136    
       serialprotocol.obj           754      0         0      
       crc.obj                      104      512       0      
    +--+----------------------------+--------+---------+---------+
       Total:                       2506     726       884    
                                                              
    ./usblib/
       usbdma.obj                   4008     0         272    
       usbbuffer.obj                1432     0         0      
       usbmode.obj                  1392     0         18     
       usbringbuf.obj               1164     0         0      
       usbdesc.obj                  466      0         0      
       usbtick.obj                  236      0         60     
       usbulpi.obj                  200      0         0      
    +--+----------------------------+--------+---------+---------+
       Total:                       8898     0         350    
                                                              
    ./usblib/device/
       usbdenum.obj                 5488     52        160    
       usbdcdc.obj                  4060     217       93     
       usbdconfig.obj               956      0         0      
       usbdcdesc.obj                734      0         0      
       usbdhandler.obj              36       0         0      
    +--+----------------------------+--------+---------+---------+
       Total:                       11274    269       253    
                                                              
    ./usblib/host/
       usbhostenum.obj              12420    0         1844   
       usbhhub.obj                  2340     0         164    
    +--+----------------------------+--------+---------+---------+
       Total:                       14760    0         2008   
                                                              
    ./utils/
       uartstdio.obj                2956     58        576    
       cpu_usage.obj                292      0         60     
       cmdline.obj                  172      0         36     
       RunTimeStatsConfig.obj       140      0         0      
    +--+----------------------------+--------+---------+---------+
       Total:                       3560     58        672    
                                                              
    /opt/ti/ccs1020/ccs/tools/compiler/ti-cgt-arm_20.2.2.LTS/lib/rtsv7M4_T_le_v4SPD16_eabi.lib
       _printfi.c.obj               4851     0         0      
       strtof.c.obj                 968      88        0      
       fd_add_t2.asm.obj            438      0         0      
       fd_div_t2.asm.obj            310      0         0      
       s_scalbn.c.obj               272      0         0      
       strtoul.c.obj                272      0         0      
       fd_cmp_t2.asm.obj            268      0         0      
       ctype.c.obj                  0        257       0      
       fd_mul_t2.asm.obj            252      0         0      
       s_scalbnf.c.obj              208      0         0      
       memcpy_t2.asm.obj            156      0         0      
       ull_div_t2.asm.obj           150      0         0      
       memset_t2.asm.obj            122      0         0      
       copy_decompress_lzss.c.obj   104      0         0      
       s_frexp.c.obj                100      0         0      
       sprintf.c.obj                98       0         0      
       _ltoa.c.obj                  84       0         0      
       fs_toull_t2.asm.obj          80       0         0      
       atoi.c.obj                   76       0         0      
       fd_toi_t2.asm.obj            72       0         0      
       autoinit.c.obj               68       0         0      
       u_divt2.asm.obj              64       0         0      
       boot_cortex_m.c.obj          52       0         0      
       i_tofd_t2.asm.obj            46       0         0      
       strncmp.c.obj                44       0         0      
       memccpy.c.obj                28       0         0      
       s_copysign.c.obj             26       0         0      
       s_copysignf.c.obj            24       0         0      
       strcmp.c.obj                 24       0         0      
       strchr.c.obj                 22       0         0      
       strcpy.c.obj                 20       0         0      
       strlen.c.obj                 20       0         0      
       wcslen.c.obj                 18       0         0      
       copy_decompress_none.c.obj   14       0         0      
       copy_zero_init.c.obj         12       0         0      
       errno.c.obj                  8        0         4      
       exit.c.obj                   4        0         0      
       pre_init.c.obj               4        0         0      
       div0.asm.obj                 2        0         0      
    +--+----------------------------+--------+---------+---------+
       Total:                       9381     345       4      
                                                              
       Stack:                       0        0         512    
       Linker Generated:            0        394       0      
    +--+----------------------------+--------+---------+---------+
       Grand Total:                 103791   4586      26600  


LINKER GENERATED COPY TABLES

__TI_cinit_table @ 0001a768 records: 3, size/record: 8, table size: 24
	.data: load addr=0001a5f0, load size=00000156 bytes, run addr=20006324, run size=000002cc bytes, compression=lzss
	.bss: load addr=0001a758, load size=00000008 bytes, run addr=2000026c, run size=000060b5 bytes, compression=zero_init
	.vtable: load addr=0001a760, load size=00000008 bytes, run addr=20000000, run size=0000026c bytes, compression=zero_init


LINKER GENERATED HANDLER TABLE

__TI_handler_table @ 0001a748 records: 3, size/record: 4, table size: 12
	index: 0, handler: __TI_zero_init
	index: 1, handler: __TI_decompress_lzss
	index: 2, handler: __TI_decompress_none


GLOBAL SYMBOLS: SORTED ALPHABETICALLY BY Name 

address   name                                 
-------   ----                                 
0000d7b3  ADCBusy                              
0000d849  ADCClockConfigGet                    
0000d7ed  ADCClockConfigSet                    
0000d333  ADCComparatorConfigure               
0000d51b  ADCComparatorIntClear                
0000d46f  ADCComparatorIntDisable              
0000d4b3  ADCComparatorIntEnable               
0000d4f7  ADCComparatorIntStatus               
0000d37b  ADCComparatorRegionSet               
0000d3f3  ADCComparatorReset                   
0000d2b9  ADCHardwareOversampleConfigure       
0000ca6b  ADCIntClear                          
0000d5ed  ADCIntClearEx                        
0000c95d  ADCIntDisable                        
0000d549  ADCIntDisableEx                      
0000c99b  ADCIntEnable                         
0000d577  ADCIntEnableEx                       
0000c8b3  ADCIntRegister                       
0000c9e7  ADCIntStatus                         
0000d5a5  ADCIntStatusEx                       
0000c90d  ADCIntUnregister                     
0000d70b  ADCPhaseDelayGet                     
0000d673  ADCPhaseDelaySet                     
0000cf65  ADCProcessorTrigger                  
0000d64b  ADCReferenceGet                      
0000d605  ADCReferenceSet                      
0000cb41  ADCSequenceConfigure                 
0000d771  ADCSequenceDMADisable                
0000d72f  ADCSequenceDMAEnable                 
0000cef3  ADCSequenceDataGet                   
0000caf9  ADCSequenceDisable                   
0000caa7  ADCSequenceEnable                    
0000cdf9  ADCSequenceOverflow                  
0000ce3d  ADCSequenceOverflowClear             
0000cca5  ADCSequenceStepConfigure             
0000ce79  ADCSequenceUnderflow                 
0000ceb7  ADCSequenceUnderflowClear            
0000cfb3  ADCSoftwareOversampleConfigure       
0000d1b1  ADCSoftwareOversampleDataGet         
0000d057  ADCSoftwareOversampleStepConfigure   
00015bdb  ButtonsISR                           
00018353  ButtonsInit                          
000182ad  ButtonsPoll                          
000197e7  C$$EXIT                              
00018413  CPUUsageInit                         
000183d5  CPUUsageTick                         
000195d3  CPUbasepriGet                        
000195c5  CPUbasepriSet                        
0001959f  CPUcpsid                             
000195b5  CPUcpsie                             
000195ab  CPUprimask                           
000195c1  CPUwfi                               
00018d4d  CmdLineProcess                       
0000026d  ConfigDescAlloc                      
00000303  ConfigDescFree                       
0000b5b3  GPIOADCTriggerDisable                
0000b587  GPIOADCTriggerEnable                 
0000b55b  GPIODMATriggerDisable                
0000b52f  GPIODMATriggerEnable                 
0000a579  GPIODirModeGet                       
0000a4f5  GPIODirModeSet                       
0000ad49  GPIOIntClear                         
0000acf1  GPIOIntDisable                       
0000acc9  GPIOIntEnable                        
0000ad6b  GPIOIntRegister                      
0000ade9  GPIOIntRegisterPin                   
0000ad19  GPIOIntStatus                        
0000a79d  GPIOIntTypeGet                       
0000a64d  GPIOIntTypeSet                       
0000ada9  GPIOIntUnregister                    
0000ae61  GPIOIntUnregisterPin                 
0000ab35  GPIOPadConfigGet                     
0000a841  GPIOPadConfigSet                     
0000b4a9  GPIOPinConfigure                     
0000aeb3  GPIOPinRead                          
0000af07  GPIOPinTypeADC                       
0000af3d  GPIOPinTypeCAN                       
0000af73  GPIOPinTypeComparator                
0000afa9  GPIOPinTypeComparatorOutput          
0000afdf  GPIOPinTypeDIVSCLK                   
0000b015  GPIOPinTypeEPI                       
0000b04b  GPIOPinTypeEthernetLED               
0000b081  GPIOPinTypeEthernetMII               
0000b0c5  GPIOPinTypeGPIOInput                 
0000b0fb  GPIOPinTypeGPIOOutput                
0000b131  GPIOPinTypeGPIOOutputOD              
0000b167  GPIOPinTypeHibernateRTCCLK           
0000b19d  GPIOPinTypeI2C                       
0000b1d3  GPIOPinTypeI2CSCL                    
0000b209  GPIOPinTypeLCD                       
0000b23f  GPIOPinTypeOneWire                   
0000b275  GPIOPinTypePWM                       
0000b2ab  GPIOPinTypeQEI                       
0000b2e1  GPIOPinTypeSSI                       
0000b317  GPIOPinTypeTimer                     
0000b34d  GPIOPinTypeTrace                     
0000b383  GPIOPinTypeUART                      
0000b3bd  GPIOPinTypeUSBAnalog                 
0000b3f3  GPIOPinTypeUSBDigital                
0000b429  GPIOPinTypeWakeHigh                  
0000b461  GPIOPinTypeWakeLow                   
0000b499  GPIOPinWakeStatus                    
0000aed9  GPIOPinWrite                         
0000b5df  GPIOUnlockPin                        
00019699  GetOverflowCounts                    
00014c1d  IntDisable                           
00014b9f  IntEnable                            
00014ca5  IntIsEnabled                         
00014a03  IntMasterDisable                     
000149f3  IntMasterEnable                      
00014dc9  IntPendClear                         
00014d59  IntPendSet                           
00014b69  IntPriorityGet                       
00014acf  IntPriorityGroupingGet               
00014aa9  IntPriorityGroupingSet               
00014e2f  IntPriorityMaskGet                   
00014e23  IntPriorityMaskSet                   
00014b07  IntPrioritySet                       
00014a13  IntRegister                          
00014e37  IntTrigger                           
00014a89  IntUnregister                        
000025c1  InternalUSBHCDSendEvent              
0001897f  InternalUSBRegisterTickHandler       
000189cf  InternalUSBStartOfFrameTick          
00018939  InternalUSBTickInit                  
00018977  InternalUSBTickReset                 
000148dd  OTGDeviceDisconnect                  
0000daed  ProcessDataFromHost                  
0000dbfd  ProcessDataToHost                    
0000db9b  ProcessNotificationToHost            
00015771  RGBBlinkIntHandler                   
00015a85  RGBBlinkRateSet                      
00015b11  RGBColorGet                          
000159c7  RGBColorSet                          
00015951  RGBDisable                           
00015899  RGBEnable                            
0001579f  RGBInit                              
00015a71  RGBIntensitySet                      
000159af  RGBSet                               
00019641  ResetISR                             
00008db7  SysCtlAltClkConfig                   
0000837d  SysCtlClockFreqSet                   
0000885d  SysCtlClockGet                       
00008d7f  SysCtlClockOutConfig                 
00008685  SysCtlClockSet                       
00008265  SysCtlDeepSleep                      
00008a35  SysCtlDeepSleepClockConfigSet        
00008a19  SysCtlDeepSleepClockSet              
00008245  SysCtlDeepSleepPowerSet              
000197dd  SysCtlDelay                          
00007b69  SysCtlFlashSectorSizeGet             
00007b3d  SysCtlFlashSizeGet                   
00008c09  SysCtlGPIOAHBDisable                 
00008b85  SysCtlGPIOAHBEnable                  
00008159  SysCtlIntClear                       
00008141  SysCtlIntDisable                     
0000812d  SysCtlIntEnable                      
00008109  SysCtlIntRegister                    
00008169  SysCtlIntStatus                      
0000811d  SysCtlIntUnregister                  
0000822b  SysCtlLDODeepSleepGet                
000081dd  SysCtlLDODeepSleepSet                
000081d3  SysCtlLDOSleepGet                    
00008185  SysCtlLDOSleepSet                    
000082a1  SysCtlMOSCConfigSet                  
00008d6b  SysCtlNMIClear                       
00008d65  SysCtlNMIStatus                      
000082b1  SysCtlPIOSCCalibrate                 
00008b51  SysCtlPWMClockGet                    
00008ae1  SysCtlPWMClockSet                    
000080b5  SysCtlPeripheralClockGating          
00008067  SysCtlPeripheralDeepSleepDisable     
00008019  SysCtlPeripheralDeepSleepEnable      
00007f25  SysCtlPeripheralDisable              
00007eb9  SysCtlPeripheralEnable               
00007d6d  SysCtlPeripheralPowerOff             
00007ce9  SysCtlPeripheralPowerOn              
00007bd5  SysCtlPeripheralPresent              
00007c61  SysCtlPeripheralReady                
00007e19  SysCtlPeripheralReset                
00007fc5  SysCtlPeripheralSleepDisable         
00007f73  SysCtlPeripheralSleepEnable          
00008255  SysCtlReset                          
00008311  SysCtlResetBehaviorGet               
00008301  SysCtlResetBehaviorSet               
0000828d  SysCtlResetCauseClear                
00008281  SysCtlResetCauseGet                  
00007b33  SysCtlSRAMSizeGet                    
0000825d  SysCtlSleep                          
00008235  SysCtlSleepPowerSet                  
00008c7f  SysCtlUSBPLLDisable                  
00008c73  SysCtlUSBPLLEnable                   
00008cb9  SysCtlVCOGet                         
00008ca1  SysCtlVoltageEventClear              
00008c8b  SysCtlVoltageEventConfig             
00008c9b  SysCtlVoltageEventStatus             
00010495  TimerADCEventGet                     
00010475  TimerADCEventSet                     
0000fec5  TimerClockSourceGet                  
0000fe89  TimerClockSourceSet                  
0000f9f1  TimerConfigure                       
0000fce9  TimerControlEvent                    
0000fbc5  TimerControlLevel                    
0000fd47  TimerControlStall                    
0000fc45  TimerControlTrigger                  
0000fdb1  TimerControlWaitOnTrigger            
000104d1  TimerDMAEventGet                     
000104b1  TimerDMAEventSet                     
0000f965  TimerDisable                         
0000f91b  TimerEnable                          
00010435  TimerIntClear                        
000103e3  TimerIntDisable                      
000103bd  TimerIntEnable                       
000102fd  TimerIntRegister                     
00010409  TimerIntStatus                       
00010367  TimerIntUnregister                   
000100b7  TimerLoadGet                         
00010125  TimerLoadGet64                       
0001005d  TimerLoadSet                         
000100f9  TimerLoadSet64                       
0001024d  TimerMatchGet                        
000102b7  TimerMatchGet64                      
000101f3  TimerMatchSet                        
0001028f  TimerMatchSet64                      
0000ff5b  TimerPrescaleGet                     
00010011  TimerPrescaleMatchGet                
0000ffa7  TimerPrescaleMatchSet                
0000fef1  TimerPrescaleSet                     
0000fe65  TimerRTCDisable                      
0000fe41  TimerRTCEnable                       
00010455  TimerSynchronize                     
000104ed  TimerUpdateMode                      
0001016b  TimerValueGet                        
000101ad  TimerValueGet64                      
00011b5f  UART9BitAddrSend                     
00011b2b  UART9BitAddrSet                      
00011b07  UART9BitDisable                      
00011ae3  UART9BitEnable                       
0001188b  UARTBreakCtl                         
000118c3  UARTBusy                             
00011809  UARTCharGet                          
000117cb  UARTCharGetNonBlocking               
0001185f  UARTCharPut                          
0001182d  UARTCharPutNonBlocking               
00011773  UARTCharsAvail                       
00011ac5  UARTClockSourceGet                   
00011a8f  UARTClockSourceSet                   
00011379  UARTConfigGetExpClk                  
0001129b  UARTConfigSetExpClk                  
00011a2b  UARTDMADisable                       
00011a05  UARTDMAEnable                        
00011421  UARTDisable                          
000114dd  UARTDisableSIR                       
00010fa3  UARTEchoSet                          
000113d9  UARTEnable                           
000114a1  UARTEnableSIR                        
0001147d  UARTFIFODisable                      
00011459  UARTFIFOEnable                       
0001125f  UARTFIFOLevelGet                     
000111ed  UARTFIFOLevelSet                     
000116f5  UARTFlowControlGet                   
000116af  UARTFlowControlSet                   
00010f6f  UARTFlushRx                          
00010f7d  UARTFlushTx                          
000119e5  UARTIntClear                         
00011993  UARTIntDisable                       
0001196d  UARTIntEnable                        
000118ef  UARTIntRegister                      
000119b9  UARTIntStatus                        
0001192d  UARTIntUnregister                    
00011bb5  UARTLoopbackEnable                   
000115c9  UARTModemControlClear                
0001162d  UARTModemControlGet                  
00011565  UARTModemControlSet                  
0001166d  UARTModemStatusGet                   
000111cf  UARTParityModeGet                    
00011183  UARTParityModeSet                    
00010f57  UARTRxBytesAvail                     
00011a71  UARTRxErrorClear                     
00011a51  UARTRxErrorGet                       
00011541  UARTSmartCardDisable                 
00011501  UARTSmartCardEnable                  
0001179f  UARTSpaceAvail                       
000105a3  UARTStdioConfig                      
00010fcb  UARTStdioIntHandler                  
00010f63  UARTTxBytesFree                      
00011753  UARTTxIntModeGet                     
00011715  UARTTxIntModeSet                     
00010bf9  UARTgetc                             
00010799  UARTgets                             
00010f33  UARTprintf                           
00010c21  UARTvprintf                          
000106cf  UARTwrite                            
00018bd1  ULPIConfigSet                        
00018c73  ULPIPowerTransceiver                 
000196bd  USB0DeviceIntHandler                 
0001454b  USB0DualModeIntHandler               
000024b7  USB0HostIntHandler                   
000147f5  USB0OTGModeIntHandler                
000142ab  USBBufferCallbackDataSet             
000143a1  USBBufferDataAvailable               
00014283  USBBufferDataRemoved                 
00014255  USBBufferDataWritten                 
000143e1  USBBufferEventCallback               
0001432d  USBBufferFlush                       
0001421b  USBBufferInfoGet                     
00014197  USBBufferInit                        
0001434d  USBBufferRead                        
000143c1  USBBufferSpaceAvailable              
000142c5  USBBufferWrite                       
000141e1  USBBufferZeroLengthPacketInsert      
00005017  USBClockDisable                      
00004fed  USBClockEnable                       
00016375  USBControlHandler                    
00004fd5  USBControllerVersion                 
0000e307  USBDCDCCompositeInit                 
0000e485  USBDCDCInit                          
0000e675  USBDCDCPacketRead                    
0000e5bd  USBDCDCPacketWrite                   
0000e837  USBDCDCPowerStatusSet                
0000e859  USBDCDCRemoteWakeupRequest           
0000e787  USBDCDCRxPacketAvailable             
0000e7f1  USBDCDCSerialStateChange             
0000e519  USBDCDCSetControlCBData              
0000e547  USBDCDCSetRxCBData                   
0000e579  USBDCDCSetTxCBData                   
0000e4f3  USBDCDCTerm                          
0000e75d  USBDCDCTxPacketAvailable             
00016ef7  USBDCDConfigDescGet                  
00016ea9  USBDCDConfigDescGetNum               
00016e71  USBDCDConfigDescGetSize              
00016fd9  USBDCDConfigGetInterface             
0001700f  USBDCDConfigGetInterfaceEndpoint     
00016f85  USBDCDConfigGetNumAlternateInterfaces
00008e2d  USBDCDDeviceInfoInit                 
0000933b  USBDCDFeatureGet                     
00009289  USBDCDFeatureSet                     
00008e91  USBDCDInit                           
00009229  USBDCDPowerStatusSet                 
00009375  USBDCDRemoteWakeLPM                  
0000938f  USBDCDRemoteWakeupRequest            
00009125  USBDCDRequestDataEP0                 
00009191  USBDCDSendDataEP0                    
000091cd  USBDCDSetDefaultConfiguration        
000091e9  USBDCDStallEP0                       
0000908f  USBDCDTerm                           
0000526f  USBDMAChannelAddressGet              
00005235  USBDMAChannelAddressSet              
0000514d  USBDMAChannelConfigSet               
000052e7  USBDMAChannelCountGet                
000052ad  USBDMAChannelCountSet                
0000510f  USBDMAChannelDisable                 
000050d1  USBDMAChannelEnable                  
00005075  USBDMAChannelIntDisable              
00005037  USBDMAChannelIntEnable               
000050b3  USBDMAChannelIntStatus               
000051b3  USBDMAChannelStatus                  
000051ed  USBDMAChannelStatusClear             
0000531d  USBDMANumChannels                    
000178c9  USBDescGet                           
000179ed  USBDescGetInterface                  
00017a1b  USBDescGetInterfaceEndpoint          
0001786d  USBDescGetNum                        
00017933  USBDescGetNumAlternateInterfaces     
00003d3b  USBDevAddrGet                        
00003d19  USBDevAddrSet                        
00003cd1  USBDevConnect                        
00003cf5  USBDevDisconnect                     
0000417f  USBDevEndpointConfigGet              
00004045  USBDevEndpointConfigSet              
00004699  USBDevEndpointDataAck                
00003b5d  USBDevEndpointStall                  
00003c05  USBDevEndpointStallClear             
000038e5  USBDevEndpointStatusClear            
00005525  USBDevLPMConfig                      
0000556f  USBDevLPMDisable                     
00005549  USBDevLPMEnable                      
000054ff  USBDevLPMRemoteWake                  
00004f05  USBDevMode                           
00003517  USBDevSpeedGet                       
000167b7  USBDeviceConfig                      
000169e3  USBDeviceConfigAlternate             
000094d5  USBDeviceEnumHandler                 
00009635  USBDeviceEnumResetHandler            
0000a1ad  USBDeviceIntHandlerInternal          
000093d5  USBDeviceResumeTickHandler           
00014597  USBDualModeInit                      
00014615  USBDualModeTerm                      
00004e51  USBEndpointDMAChannel                
0000442d  USBEndpointDMAConfigSet              
000044ff  USBEndpointDMADisable                
000044c5  USBEndpointDMAEnable                 
00004539  USBEndpointDataAvail                 
000045c3  USBEndpointDataGet                   
00004795  USBEndpointDataPut                   
0000484f  USBEndpointDataSend                  
00003a91  USBEndpointDataToggleClear           
00004f99  USBEndpointPacketCountSet            
000037c1  USBEndpointStatus                    
00004e19  USBFIFOAddrGet                       
00004381  USBFIFOConfigGet                     
000042d5  USBFIFOConfigSet                     
000048f3  USBFIFOFlush                         
00004dc1  USBFrameNumberGet                    
00002b31  USBHCDControlTransfer                
00002ffd  USBHCDDevAddress                     
00003029  USBHCDDevClass                       
00002fd1  USBHCDDevHubPort                     
000030bd  USBHCDDevProtocol                    
00003071  USBHCDDevSubClass                    
00000429  USBHCDEventDisable                   
000003eb  USBHCDEventEnable                    
00003121  USBHCDFeatureSet                     
00002cb1  USBHCDHubDeviceConnected             
00002d75  USBHCDHubDeviceDisconnected          
000015b5  USBHCDInit                           
0000329d  USBHCDLPMResume                      
00003223  USBHCDLPMSleep                       
000031d9  USBHCDLPMStatus                      
00002711  USBHCDMain                           
000008c1  USBHCDPipeAlloc                      
0000060d  USBHCDPipeAllocSize                  
0000090d  USBHCDPipeConfig                     
00000e4f  USBHCDPipeDataAck                    
000010e1  USBHCDPipeFree                       
00000e85  USBHCDPipeRead                       
00000e05  USBHCDPipeReadNonBlocking            
00000ce1  USBHCDPipeSchedule                   
000005e7  USBHCDPipeTransferSizeGet            
00000ab1  USBHCDPipeWrite                      
0000154d  USBHCDPowerAutomatic                 
00001495  USBHCDPowerConfigGet                 
00001471  USBHCDPowerConfigInit                
000014bd  USBHCDPowerConfigSet                 
00001715  USBHCDRegisterDrivers                
00001801  USBHCDReset                          
00001879  USBHCDResume                         
00001abd  USBHCDSetAddress                     
00001bd5  USBHCDSetConfig                      
00001c2b  USBHCDSetInterface                   
00001a41  USBHCDStringDescriptorGet            
00001859  USBHCDSuspend                        
0000173d  USBHCDTerm                           
00012ebd  USBHHubClose                         
00012e61  USBHHubEnumerationComplete           
00012e83  USBHHubEnumerationError              
00012ed1  USBHHubInit                          
00012eff  USBHHubLPMSleep                      
00012f0d  USBHHubLPMStatus                     
00012c35  USBHHubMain                          
00012ea5  USBHHubOpen                          
0000345b  USBHighSpeed                         
00004b3d  USBHostAddrGet                       
00004ab9  USBHostAddrSet                       
00001c85  USBHostCheckPipes                    
00003d5d  USBHostEndpointConfig                
0000471d  USBHostEndpointDataAck               
000039ad  USBHostEndpointDataToggle            
00003b11  USBHostEndpointPing                  
00003f5d  USBHostEndpointSpeed                 
00003839  USBHostEndpointStatusClear           
00004c61  USBHostHubAddrGet                    
00004bb1  USBHostHubAddrSet                    
00001d4d  USBHostIntHandlerInternal            
00005483  USBHostLPMConfig                     
000054d9  USBHostLPMResume                     
00005417  USBHostLPMSend                       
00004ee5  USBHostMode                          
00004cd9  USBHostPwrConfig                     
00004d9b  USBHostPwrDisable                    
00004d75  USBHostPwrEnable                     
00004d4f  USBHostPwrFaultDisable               
00004d29  USBHostPwrFaultEnable                
000049a9  USBHostRequestIN                     
00004a17  USBHostRequestINClear                
00004a95  USBHostRequestStatus                 
0000341f  USBHostReset                         
00003497  USBHostResume                        
000034d3  USBHostSpeedGet                      
000033fd  USBHostSuspend                       
0000353d  USBIntDisableControl                 
00003669  USBIntDisableEndpoint                
000035b5  USBIntEnableControl                  
000036a5  USBIntEnableEndpoint                 
00003745  USBIntRegister                       
0000360f  USBIntStatusControl                  
000036e1  USBIntStatusEndpoint                 
00003783  USBIntUnregister                     
000055bf  USBLPMEndpointGet                    
00005657  USBLPMIntDisable                     
0000562f  USBLPMIntEnable                      
00005611  USBLPMIntStatus                      
0000559d  USBLPMLinkStateGet                   
000055e9  USBLPMRemoteWakeEnabled              
0000f611  USBLibDMAAddrGet                     
0000f641  USBLibDMAInit                        
0000f629  USBLibDMASizeGet                     
00004f45  USBModeConfig                        
00004e2f  USBModeGet                           
00004fbd  USBNumEndpointsGet                   
00014995  USBOTGFeatureSet                     
000148f7  USBOTGMain                           
00004f25  USBOTGMode                           
0001469f  USBOTGModeInit                       
00014657  USBOTGModeTerm                       
000147c5  USBOTGPollRate                       
00004ddd  USBOTGSessionRequest                 
00004f67  USBPHYPowerOff                       
00004f7d  USBPHYPowerOn                        
0001511b  USBRingBufAdvanceRead                
00015171  USBRingBufAdvanceWrite               
00015001  USBRingBufContigFree                 
00014fc9  USBRingBufContigUsed                 
00014f0d  USBRingBufEmpty                      
00014f3f  USBRingBufFlush                      
00014fa5  USBRingBufFree                       
00014ecb  USBRingBufFull                       
000152bd  USBRingBufInit                       
000150a5  USBRingBufRead                       
0001505f  USBRingBufReadOne                    
00015047  USBRingBufSize                       
00014f6b  USBRingBufUsed                       
00015247  USBRingBufWrite                      
00015201  USBRingBufWriteOne                   
00016473  USBRxHandler                         
00016581  USBSerialGetChar                     
000164d5  USBSerialInit                        
00016599  USBSerialPutChar                     
000165ed  USBSerialRead                        
00016631  USBSerialWrite                       
00014501  USBStackModeSet                      
00016403  USBTxHandler                         
0000533d  USBULPIConfig                        
0000536b  USBULPIDisable                       
00005353  USBULPIEnable                        
00005383  USBULPIRegRead                       
000053c9  USBULPIRegWrite                      
200067f0  __STACK_END                          
00000200  __STACK_SIZE                         
200067f0  __STACK_TOP                          
0001a768  __TI_CINIT_Base                      
0001a780  __TI_CINIT_Limit                     
0001a748  __TI_Handler_Table_Base              
0001a754  __TI_Handler_Table_Limit             
0001949d  __TI_auto_init_nobinit_nopinit       
000191f1  __TI_decompress_lzss                 
000197af  __TI_decompress_none                 
00019313  __TI_ltoa                            
ffffffff  __TI_pprof_out_hndl                  
00011bdd  __TI_printfi                         
ffffffff  __TI_prof_data_size                  
ffffffff  __TI_prof_data_start                 
00000000  __TI_static_base__                   
000197bd  __TI_zero_init                       
00018f2b  __aeabi_cdcmpeq                      
00018f2b  __aeabi_cdcmple                      
00018fb1  __aeabi_cdrcmple                     
00019455  __aeabi_d2iz                         
00017c1b  __aeabi_dadd                         
0001804d  __aeabi_ddiv                         
0001883d  __aeabi_dmul                         
00017c11  __aeabi_dsub                         
000197d5  __aeabi_errno_addr                   
000193b9  __aeabi_f2ulz                        
00019611  __aeabi_i2d                          
0001262b  __aeabi_idiv0                        
0001262b  __aeabi_ldiv0                        
00019037  __aeabi_memclr                       
00019037  __aeabi_memclr4                      
00019037  __aeabi_memclr8                      
00018df9  __aeabi_memcpy                       
00018df9  __aeabi_memcpy4                      
00018df9  __aeabi_memcpy8                      
00019039  __aeabi_memset                       
00019039  __aeabi_memset4                      
00019039  __aeabi_memset8                      
000194e1  __aeabi_uidiv                        
000194e1  __aeabi_uidivmod                     
00018e95  __aeabi_uldivmod                     
ffffffff  __binit__                            
ffffffff  __c_args__                           
00015b9d  __error__                            
UNDEFED   __mpu_init                           
200065f0  __stack                              
20000000  __start___llvm_prf_cnts              
20000000  __stop___llvm_prf_cnts               
000195dd  _c_int00_noargs                      
00019d68  _ctypes_                             
UNDEFED   _system_post_cinit                   
000197e3  _system_pre_init                     
000197e7  abort                                
00019409  atoi                                 
ffffffff  binit                                
20006308  botones                              
00016d45  check_and_extract_command_param      
00017dc9  configADC_DisparaADC                 
00017e97  configADC_ISR                        
00017dd5  configADC_IniciaADC                  
00017e83  configADC_LeeADC                     
000196fd  copysign                             
0001972f  copysignf                            
000196fd  copysignl                            
00019121  create_checksum                      
00016cb3  create_frame                         
00016d37  decode_command_type                  
00016c5f  destuff_and_check_checksum           
00005ac9  eTaskGetState                        
200065ec  errno                                
00019259  frexp                                
00019259  frexpl                               
200065a8  g_bUSBTimerInitialized               
20006320  g_eOTGModeState                      
200065c0  g_iUSBMode                           
0001a5d8  g_pCDCCompSerConfigDescriptors       
0001a5dc  g_pCDCCompSerConfigDescriptorsHS     
20000000  g_pfnRAMVectors                      
200061d0  g_pfnTickHandlers                    
00000000  g_pfnVectors                         
0001a5e0  g_ppCDCSerConfigDescriptors          
0001a5e4  g_ppCDCSerConfigDescriptorsHS        
2000630c  g_ppsDevInfo                         
0001a498  g_ppui8StringDescriptors             
2000653c  g_psCDCCompSerSections               
2000654c  g_psCDCCompSerSectionsHS             
2000656c  g_psCDCSerSections                   
20006578  g_psCDCSerSectionsHS                 
20006324  g_psCmdTable                         
20006024  g_psDCDInst                          
0001a430  g_pui8CDCSerCommInterface            
0001a4b0  g_pui8CDCSerDataInterface            
0001a4c7  g_pui8CDCSerDataInterfaceHS          
200065b4  g_pui8CDCSerDescriptor               
20006528  g_pui8CDCSerDeviceDescriptor         
0001a314  g_pui8ConfigString                   
0001a3e0  g_pui8ControlInterfaceString         
200065c9  g_pui8IADSerDescriptor               
0001a5d4  g_pui8LangDescriptor                 
0001a40c  g_pui8ManufacturerString             
0001a453  g_pui8ProductString                  
0001a530  g_pui8SerialNumberString             
20005d88  g_pui8USBRxBuffer                    
20005e88  g_pui8USBTxBuffer                    
200061e8  g_pvTickInstance                     
0001a584  g_sCDCCompSerConfigHeader            
0001a58c  g_sCDCCompSerConfigHeaderHS          
200063a8  g_sCDCDevice                         
0001a380  g_sCDCHandlers                       
0001a594  g_sCDCSerCommInterfaceSection        
0001a59c  g_sCDCSerConfigHeader                
0001a5a4  g_sCDCSerConfigHeaderHS              
0001a5ac  g_sCDCSerConfigSection               
0001a5b4  g_sCDCSerDataInterfaceSection        
0001a5bc  g_sCDCSerDataInterfaceSectionHS      
0001a5c4  g_sIADSerConfigSection               
20006444  g_sRxBuffer                          
2000647c  g_sTxBuffer                          
20006310  g_ui32CPUUsage                       
200065ac  g_ui32CurrentUSBTick                 
20006314  g_ui32PollRate                       
200065b0  g_ui32USBSOFCount                    
200065c4  g_ui32WaitTicks                      
20006318  g_ulSystemClock                      
20006560  g_ulUARTRxCount                      
20006564  g_ulUARTRxErrors                     
2000655c  g_ulUARTTxCount                      
00016d71  get_command_param_pointer            
00013d71  initCommandLine                      
0001861d  ldexp                                
00018b01  ldexpf                               
0001861d  ldexpl                               
00015de9  main                                 
000196e1  memccpy                              
00018df9  memcpy                               
0001903f  memset                               
0000c601  pcQueueGetName                       
00006199  pcTaskGetName                        
00013175  pcTimerGetName                       
0001530d  pvPortMalloc                         
00007067  pvTaskIncrementMutexHeldCount        
00013661  pvTimerGetTimerID                    
20006408  pxCurrentTCB                         
0001707d  pxPortInitialiseStack                
000174b7  remotelink_init                      
0001734d  remotelink_sendMessage               
0001861d  scalbn                               
00018b01  scalbnf                              
0001861d  scalbnl                              
2000631c  set_ctl                              
2000653a  sondeo                               
00019521  sprintf                              
0001975f  strchr                               
00019747  strcmp                               
00019775  strcpy                               
00019789  strlen                               
0001966d  strncmp                              
00015f69  strtof                               
0001872d  strtoul                              
0000c32b  ucQueueGetQueueType                  
0001a5cc  ulMaxSyscallInterruptPriority        
00018a35  ulPortGetIPSR                        
00007085  ulTaskGenericNotifyTake              
0000769b  ulTaskGenericNotifyValueClear        
00018265  uxListRemove                         
0000c30b  uxQueueGetQueueNumber                
0000c26f  uxQueueMessagesWaiting               
0000c2c7  uxQueueMessagesWaitingFromISR        
0000c299  uxQueueSpacesAvailable               
00006193  uxTaskGetNumberOfTasks               
00006ac9  uxTaskGetStackHighWaterMark          
000061dd  uxTaskGetSystemState                 
0000682d  uxTaskGetTaskNumber                  
00005b9d  uxTaskPriorityGet                    
00005bc5  uxTaskPriorityGetFromISR             
00007045  uxTaskResetEventItemValue            
0001311f  uxTimerGetReloadMode                 
0001372d  uxTimerGetTimerNumber                
0001a5e8  uxTopUsedPriority                    
00015bd1  vApplicationIdleHook                 
00015bd9  vApplicationMallocFailedHook         
00015ba7  vApplicationStackOverflowHook        
00015bb1  vApplicationTickHook                 
00019189  vConfigureTimerForRunTimeStats       
00018183  vListInitialise                      
000181b3  vListInitialiseItem                  
000181ff  vListInsert                          
000181c3  vListInsertEnd                       
00018af1  vPortEnableVFP                       
000171b5  vPortEndScheduler                    
000171d5  vPortEnterCritical                   
00017213  vPortExitCritical                    
0001548b  vPortFree                            
000156b1  vPortGetHeapStats                    
00015525  vPortInitialiseBlocks                
00018aad  vPortSVCHandler                      
00017261  vPortSetupTimerInterrupt             
00018acd  vPortStartFirstTask                  
0001728d  vPortValidateInterruptPriority       
0000c5bf  vQueueAddToRegistry                  
0000c2e7  vQueueDelete                         
0000c319  vQueueSetQueueNumber                 
0000c641  vQueueUnregisterQueue                
0000c685  vQueueWaitForMessageRestricted       
00005a69  vTaskDelay                           
000058b5  vTaskDelete                          
0000603b  vTaskEndScheduler                    
0000753d  vTaskGenericNotifyGiveFromISR        
00006939  vTaskGetInfo                         
00006f6d  vTaskGetRunTimeStats                 
00006763  vTaskInternalSetTimeOutState         
00006e55  vTaskList                            
00006825  vTaskMissedYield                     
0000654b  vTaskPlaceOnEventList                
000065c7  vTaskPlaceOnEventListRestricted      
00006579  vTaskPlaceOnUnorderedEventList       
00006d19  vTaskPriorityDisinheritAfterTimeout  
00005c09  vTaskPrioritySet                     
000066a9  vTaskRemoveFromUnorderedEventList    
00005e91  vTaskResume                          
0000684d  vTaskSetTaskNumber                   
00006737  vTaskSetTimeOutState                 
00005fc5  vTaskStartScheduler                  
00005d3d  vTaskSuspend                         
00006057  vTaskSuspendAll                      
00006459  vTaskSwitchContext                   
000130db  vTimerSetReloadMode                  
00013689  vTimerSetTimerID                     
00013741  vTimerSetTimerNumber                 
0001979d  wcslen                               
00015519  xPortGetFreeHeapSize                 
0001551f  xPortGetMinimumEverFreeHeapSize      
00018a4d  xPortPendSVHandler                   
00017103  xPortStartScheduler                  
0001723b  xPortSysTickHandler                  
0000c6f5  xQueueAddToSet                       
0000b7dd  xQueueCreateMutex                    
0000c6e1  xQueueCreateSet                      
0000b6d3  xQueueGenericCreate                  
0000b625  xQueueGenericReset                   
0000b809  xQueueGenericSend                    
0000b9ff  xQueueGenericSendFromISR             
0000bb3d  xQueueGiveFromISR                    
0000c53f  xQueueIsQueueEmptyFromISR            
0000c58f  xQueueIsQueueFullFromISR             
0000bf7d  xQueuePeek                           
0000c1cd  xQueuePeekFromISR                    
0000bc51  xQueueReceive                        
0000c0e9  xQueueReceiveFromISR                 
20006134  xQueueRegistry                       
0000c729  xQueueRemoveFromSet                  
0000c76b  xQueueSelectFromSet                  
0000c783  xQueueSelectFromSetFromISR           
0000bdbf  xQueueSemaphoreTake                  
000062c1  xTaskCatchUpTicks                    
0000677d  xTaskCheckForTimeOut                 
00005689  xTaskCreate                          
00005979  xTaskDelayUntil                      
0000723d  xTaskGenericNotify                   
000073a5  xTaskGenericNotifyFromISR            
0000763d  xTaskGenericNotifyStateClear         
00007149  xTaskGenericNotifyWait               
00006b35  xTaskGetCurrentTaskHandle            
00006b5d  xTaskGetSchedulerState               
0000616f  xTaskGetTickCount                    
0000617f  xTaskGetTickCountFromISR             
00006309  xTaskIncrementTick                   
00006c59  xTaskPriorityDisinherit              
00006b91  xTaskPriorityInherit                 
00006605  xTaskRemoveFromEventList             
0000606d  xTaskResumeAll                       
00005f25  xTaskResumeFromISR                   
00012f8b  xTimerCreate                         
00012f51  xTimerCreateTimerTask                
00013027  xTimerGenericCommand                 
00013155  xTimerGetExpiryTime                  
000130bf  xTimerGetPeriod                      
000130a1  xTimerGetTimerDaemonTaskHandle       
0001362b  xTimerIsTimerActive                  
000136e7  xTimerPendFunctionCall               
000136b1  xTimerPendFunctionCallFromISR        


GLOBAL SYMBOLS: SORTED BY Symbol Address 

address   name                                 
-------   ----                                 
00000000  __TI_static_base__                   
00000000  g_pfnVectors                         
00000200  __STACK_SIZE                         
0000026d  ConfigDescAlloc                      
00000303  ConfigDescFree                       
000003eb  USBHCDEventEnable                    
00000429  USBHCDEventDisable                   
000005e7  USBHCDPipeTransferSizeGet            
0000060d  USBHCDPipeAllocSize                  
000008c1  USBHCDPipeAlloc                      
0000090d  USBHCDPipeConfig                     
00000ab1  USBHCDPipeWrite                      
00000ce1  USBHCDPipeSchedule                   
00000e05  USBHCDPipeReadNonBlocking            
00000e4f  USBHCDPipeDataAck                    
00000e85  USBHCDPipeRead                       
000010e1  USBHCDPipeFree                       
00001471  USBHCDPowerConfigInit                
00001495  USBHCDPowerConfigGet                 
000014bd  USBHCDPowerConfigSet                 
0000154d  USBHCDPowerAutomatic                 
000015b5  USBHCDInit                           
00001715  USBHCDRegisterDrivers                
0000173d  USBHCDTerm                           
00001801  USBHCDReset                          
00001859  USBHCDSuspend                        
00001879  USBHCDResume                         
00001a41  USBHCDStringDescriptorGet            
00001abd  USBHCDSetAddress                     
00001bd5  USBHCDSetConfig                      
00001c2b  USBHCDSetInterface                   
00001c85  USBHostCheckPipes                    
00001d4d  USBHostIntHandlerInternal            
000024b7  USB0HostIntHandler                   
000025c1  InternalUSBHCDSendEvent              
00002711  USBHCDMain                           
00002b31  USBHCDControlTransfer                
00002cb1  USBHCDHubDeviceConnected             
00002d75  USBHCDHubDeviceDisconnected          
00002fd1  USBHCDDevHubPort                     
00002ffd  USBHCDDevAddress                     
00003029  USBHCDDevClass                       
00003071  USBHCDDevSubClass                    
000030bd  USBHCDDevProtocol                    
00003121  USBHCDFeatureSet                     
000031d9  USBHCDLPMStatus                      
00003223  USBHCDLPMSleep                       
0000329d  USBHCDLPMResume                      
000033fd  USBHostSuspend                       
0000341f  USBHostReset                         
0000345b  USBHighSpeed                         
00003497  USBHostResume                        
000034d3  USBHostSpeedGet                      
00003517  USBDevSpeedGet                       
0000353d  USBIntDisableControl                 
000035b5  USBIntEnableControl                  
0000360f  USBIntStatusControl                  
00003669  USBIntDisableEndpoint                
000036a5  USBIntEnableEndpoint                 
000036e1  USBIntStatusEndpoint                 
00003745  USBIntRegister                       
00003783  USBIntUnregister                     
000037c1  USBEndpointStatus                    
00003839  USBHostEndpointStatusClear           
000038e5  USBDevEndpointStatusClear            
000039ad  USBHostEndpointDataToggle            
00003a91  USBEndpointDataToggleClear           
00003b11  USBHostEndpointPing                  
00003b5d  USBDevEndpointStall                  
00003c05  USBDevEndpointStallClear             
00003cd1  USBDevConnect                        
00003cf5  USBDevDisconnect                     
00003d19  USBDevAddrSet                        
00003d3b  USBDevAddrGet                        
00003d5d  USBHostEndpointConfig                
00003f5d  USBHostEndpointSpeed                 
00004045  USBDevEndpointConfigSet              
0000417f  USBDevEndpointConfigGet              
000042d5  USBFIFOConfigSet                     
00004381  USBFIFOConfigGet                     
0000442d  USBEndpointDMAConfigSet              
000044c5  USBEndpointDMAEnable                 
000044ff  USBEndpointDMADisable                
00004539  USBEndpointDataAvail                 
000045c3  USBEndpointDataGet                   
00004699  USBDevEndpointDataAck                
0000471d  USBHostEndpointDataAck               
00004795  USBEndpointDataPut                   
0000484f  USBEndpointDataSend                  
000048f3  USBFIFOFlush                         
000049a9  USBHostRequestIN                     
00004a17  USBHostRequestINClear                
00004a95  USBHostRequestStatus                 
00004ab9  USBHostAddrSet                       
00004b3d  USBHostAddrGet                       
00004bb1  USBHostHubAddrSet                    
00004c61  USBHostHubAddrGet                    
00004cd9  USBHostPwrConfig                     
00004d29  USBHostPwrFaultEnable                
00004d4f  USBHostPwrFaultDisable               
00004d75  USBHostPwrEnable                     
00004d9b  USBHostPwrDisable                    
00004dc1  USBFrameNumberGet                    
00004ddd  USBOTGSessionRequest                 
00004e19  USBFIFOAddrGet                       
00004e2f  USBModeGet                           
00004e51  USBEndpointDMAChannel                
00004ee5  USBHostMode                          
00004f05  USBDevMode                           
00004f25  USBOTGMode                           
00004f45  USBModeConfig                        
00004f67  USBPHYPowerOff                       
00004f7d  USBPHYPowerOn                        
00004f99  USBEndpointPacketCountSet            
00004fbd  USBNumEndpointsGet                   
00004fd5  USBControllerVersion                 
00004fed  USBClockEnable                       
00005017  USBClockDisable                      
00005037  USBDMAChannelIntEnable               
00005075  USBDMAChannelIntDisable              
000050b3  USBDMAChannelIntStatus               
000050d1  USBDMAChannelEnable                  
0000510f  USBDMAChannelDisable                 
0000514d  USBDMAChannelConfigSet               
000051b3  USBDMAChannelStatus                  
000051ed  USBDMAChannelStatusClear             
00005235  USBDMAChannelAddressSet              
0000526f  USBDMAChannelAddressGet              
000052ad  USBDMAChannelCountSet                
000052e7  USBDMAChannelCountGet                
0000531d  USBDMANumChannels                    
0000533d  USBULPIConfig                        
00005353  USBULPIEnable                        
0000536b  USBULPIDisable                       
00005383  USBULPIRegRead                       
000053c9  USBULPIRegWrite                      
00005417  USBHostLPMSend                       
00005483  USBHostLPMConfig                     
000054d9  USBHostLPMResume                     
000054ff  USBDevLPMRemoteWake                  
00005525  USBDevLPMConfig                      
00005549  USBDevLPMEnable                      
0000556f  USBDevLPMDisable                     
0000559d  USBLPMLinkStateGet                   
000055bf  USBLPMEndpointGet                    
000055e9  USBLPMRemoteWakeEnabled              
00005611  USBLPMIntStatus                      
0000562f  USBLPMIntEnable                      
00005657  USBLPMIntDisable                     
00005689  xTaskCreate                          
000058b5  vTaskDelete                          
00005979  xTaskDelayUntil                      
00005a69  vTaskDelay                           
00005ac9  eTaskGetState                        
00005b9d  uxTaskPriorityGet                    
00005bc5  uxTaskPriorityGetFromISR             
00005c09  vTaskPrioritySet                     
00005d3d  vTaskSuspend                         
00005e91  vTaskResume                          
00005f25  xTaskResumeFromISR                   
00005fc5  vTaskStartScheduler                  
0000603b  vTaskEndScheduler                    
00006057  vTaskSuspendAll                      
0000606d  xTaskResumeAll                       
0000616f  xTaskGetTickCount                    
0000617f  xTaskGetTickCountFromISR             
00006193  uxTaskGetNumberOfTasks               
00006199  pcTaskGetName                        
000061dd  uxTaskGetSystemState                 
000062c1  xTaskCatchUpTicks                    
00006309  xTaskIncrementTick                   
00006459  vTaskSwitchContext                   
0000654b  vTaskPlaceOnEventList                
00006579  vTaskPlaceOnUnorderedEventList       
000065c7  vTaskPlaceOnEventListRestricted      
00006605  xTaskRemoveFromEventList             
000066a9  vTaskRemoveFromUnorderedEventList    
00006737  vTaskSetTimeOutState                 
[...]
0000e7f1  USBDCDCSerialStateChange             
0000e837  USBDCDCPowerStatusSet                
0000e859  USBDCDCRemoteWakeupRequest           
0000f611  USBLibDMAAddrGet                     
0000f629  USBLibDMASizeGet                     
0000f641  USBLibDMAInit                        
0000f91b  TimerEnable                          
0000f965  TimerDisable                         
0000f9f1  TimerConfigure                       
0000fbc5  TimerControlLevel                    
0000fc45  TimerControlTrigger                  
0000fce9  TimerControlEvent                    
0000fd47  TimerControlStall                    
0000fdb1  TimerControlWaitOnTrigger            
0000fe41  TimerRTCEnable                       
0000fe65  TimerRTCDisable                      
0000fe89  TimerClockSourceSet                  
0000fec5  TimerClockSourceGet                  
0000fef1  TimerPrescaleSet                     
0000ff5b  TimerPrescaleGet                     
0000ffa7  TimerPrescaleMatchSet                
00010011  TimerPrescaleMatchGet                
0001005d  TimerLoadSet                         
000100b7  TimerLoadGet                         
000100f9  TimerLoadSet64                       
00010125  TimerLoadGet64                       
0001016b  TimerValueGet                        
000101ad  TimerValueGet64                      
000101f3  TimerMatchSet                        
0001024d  TimerMatchGet                        
0001028f  TimerMatchSet64                      
000102b7  TimerMatchGet64                      
000102fd  TimerIntRegister                     
00010367  TimerIntUnregister                   
000103bd  TimerIntEnable                       
000103e3  TimerIntDisable                      
00010409  TimerIntStatus                       
00010435  TimerIntClear                        
00010455  TimerSynchronize                     
00010475  TimerADCEventSet                     
00010495  TimerADCEventGet                     
000104b1  TimerDMAEventSet                     
000104d1  TimerDMAEventGet                     
000104ed  TimerUpdateMode                      
000105a3  UARTStdioConfig                      
000106cf  UARTwrite                            
00010799  UARTgets                             
00010bf9  UARTgetc                             
00010c21  UARTvprintf                          
00010f33  UARTprintf                           
00010f57  UARTRxBytesAvail                     
00010f63  UARTTxBytesFree                      
00010f6f  UARTFlushRx                          
00010f7d  UARTFlushTx                          
00010fa3  UARTEchoSet                          
00010fcb  UARTStdioIntHandler                  
00011183  UARTParityModeSet                    
000111cf  UARTParityModeGet                    
000111ed  UARTFIFOLevelSet                     
0001125f  UARTFIFOLevelGet                     
0001129b  UARTConfigSetExpClk                  
00011379  UARTConfigGetExpClk                  
000113d9  UARTEnable                           
00011421  UARTDisable                          
00011459  UARTFIFOEnable                       
0001147d  UARTFIFODisable                      
000114a1  UARTEnableSIR                        
000114dd  UARTDisableSIR                       
00011501  UARTSmartCardEnable                  
00011541  UARTSmartCardDisable                 
00011565  UARTModemControlSet                  
000115c9  UARTModemControlClear                
0001162d  UARTModemControlGet                  
0001166d  UARTModemStatusGet                   
000116af  UARTFlowControlSet                   
000116f5  UARTFlowControlGet                   
00011715  UARTTxIntModeSet                     
00011753  UARTTxIntModeGet                     
00011773  UARTCharsAvail                       
0001179f  UARTSpaceAvail                       
000117cb  UARTCharGetNonBlocking               
00011809  UARTCharGet                          
0001182d  UARTCharPutNonBlocking               
0001185f  UARTCharPut                          
0001188b  UARTBreakCtl                         
000118c3  UARTBusy                             
000118ef  UARTIntRegister                      
0001192d  UARTIntUnregister                    
0001196d  UARTIntEnable                        
00011993  UARTIntDisable                       
000119b9  UARTIntStatus                        
000119e5  UARTIntClear                         
00011a05  UARTDMAEnable                        
00011a2b  UARTDMADisable                       
00011a51  UARTRxErrorGet                       
00011a71  UARTRxErrorClear                     
00011a8f  UARTClockSourceSet                   
00011ac5  UARTClockSourceGet                   
00011ae3  UART9BitEnable                       
00011b07  UART9BitDisable                      
00011b2b  UART9BitAddrSet                      
00011b5f  UART9BitAddrSend                     
00011bb5  UARTLoopbackEnable                   
00011bdd  __TI_printfi                         
0001262b  __aeabi_idiv0                        
0001262b  __aeabi_ldiv0                        
00012c35  USBHHubMain                          
00012e61  USBHHubEnumerationComplete           
00012e83  USBHHubEnumerationError              
00012ea5  USBHHubOpen                          
00012ebd  USBHHubClose                         
00012ed1  USBHHubInit                          
00012eff  USBHHubLPMSleep                      
00012f0d  USBHHubLPMStatus                     
00012f51  xTimerCreateTimerTask                
00012f8b  xTimerCreate                         
00013027  xTimerGenericCommand                 
000130a1  xTimerGetTimerDaemonTaskHandle       
000130bf  xTimerGetPeriod                      
000130db  vTimerSetReloadMode                  
0001311f  uxTimerGetReloadMode                 
00013155  xTimerGetExpiryTime                  
00013175  pcTimerGetName                       
0001362b  xTimerIsTimerActive                  
00013661  pvTimerGetTimerID                    
00013689  vTimerSetTimerID                     
000136b1  xTimerPendFunctionCallFromISR        
000136e7  xTimerPendFunctionCall               
0001372d  uxTimerGetTimerNumber                
00013741  vTimerSetTimerNumber                 
00013d71  initCommandLine                      
00014197  USBBufferInit                        
000141e1  USBBufferZeroLengthPacketInsert      
0001421b  USBBufferInfoGet                     
00014255  USBBufferDataWritten                 
00014283  USBBufferDataRemoved                 
000142ab  USBBufferCallbackDataSet             
000142c5  USBBufferWrite                       
0001432d  USBBufferFlush                       
0001434d  USBBufferRead                        
000143a1  USBBufferDataAvailable               
000143c1  USBBufferSpaceAvailable              
000143e1  USBBufferEventCallback               
00014501  USBStackModeSet                      
0001454b  USB0DualModeIntHandler               
00014597  USBDualModeInit                      
00014615  USBDualModeTerm                      
00014657  USBOTGModeTerm                       
0001469f  USBOTGModeInit                       
000147c5  USBOTGPollRate                       
000147f5  USB0OTGModeIntHandler                
000148dd  OTGDeviceDisconnect                  
000148f7  USBOTGMain                           
00014995  USBOTGFeatureSet                     
000149f3  IntMasterEnable                      
00014a03  IntMasterDisable                     
00014a13  IntRegister                          
00014a89  IntUnregister                        
00014aa9  IntPriorityGroupingSet               
00014acf  IntPriorityGroupingGet               
00014b07  IntPrioritySet                       
00014b69  IntPriorityGet                       
00014b9f  IntEnable                            
00014c1d  IntDisable                           
00014ca5  IntIsEnabled                         
00014d59  IntPendSet                           
00014dc9  IntPendClear                         
00014e23  IntPriorityMaskSet                   
00014e2f  IntPriorityMaskGet                   
00014e37  IntTrigger                           
00014ecb  USBRingBufFull                       
00014f0d  USBRingBufEmpty                      
00014f3f  USBRingBufFlush                      
00014f6b  USBRingBufUsed                       
00014fa5  USBRingBufFree                       
00014fc9  USBRingBufContigUsed                 
00015001  USBRingBufContigFree                 
00015047  USBRingBufSize                       
0001505f  USBRingBufReadOne                    
000150a5  USBRingBufRead                       
0001511b  USBRingBufAdvanceRead                
00015171  USBRingBufAdvanceWrite               
00015201  USBRingBufWriteOne                   
00015247  USBRingBufWrite                      
000152bd  USBRingBufInit                       
0001530d  pvPortMalloc                         
0001548b  vPortFree                            
00015519  xPortGetFreeHeapSize                 
0001551f  xPortGetMinimumEverFreeHeapSize      
00015525  vPortInitialiseBlocks                
000156b1  vPortGetHeapStats                    
00015771  RGBBlinkIntHandler                   
0001579f  RGBInit                              
00015899  RGBEnable                            
00015951  RGBDisable                           
000159af  RGBSet                               
000159c7  RGBColorSet                          
00015a71  RGBIntensitySet                      
00015a85  RGBBlinkRateSet                      
00015b11  RGBColorGet                          
00015b9d  __error__                            
00015ba7  vApplicationStackOverflowHook        
00015bb1  vApplicationTickHook                 
00015bd1  vApplicationIdleHook                 
00015bd9  vApplicationMallocFailedHook         
00015bdb  ButtonsISR                           
00015de9  main                                 
00015f69  strtof                               
00016375  USBControlHandler                    
00016403  USBTxHandler                         
00016473  USBRxHandler                         
000164d5  USBSerialInit                        
00016581  USBSerialGetChar                     
00016599  USBSerialPutChar                     
000165ed  USBSerialRead                        
00016631  USBSerialWrite                       
000167b7  USBDeviceConfig                      
000169e3  USBDeviceConfigAlternate             
00016c5f  destuff_and_check_checksum           
00016cb3  create_frame                         
00016d37  decode_command_type                  
00016d45  check_and_extract_command_param      
00016d71  get_command_param_pointer            
00016e71  USBDCDConfigDescGetSize              
00016ea9  USBDCDConfigDescGetNum               
00016ef7  USBDCDConfigDescGet                  
00016f85  USBDCDConfigGetNumAlternateInterfaces
00016fd9  USBDCDConfigGetInterface             
0001700f  USBDCDConfigGetInterfaceEndpoint     
0001707d  pxPortInitialiseStack                
00017103  xPortStartScheduler                  
000171b5  vPortEndScheduler                    
000171d5  vPortEnterCritical                   
00017213  vPortExitCritical                    
0001723b  xPortSysTickHandler                  
00017261  vPortSetupTimerInterrupt             
0001728d  vPortValidateInterruptPriority       
0001734d  remotelink_sendMessage               
000174b7  remotelink_init                      
0001786d  USBDescGetNum                        
000178c9  USBDescGet                           
00017933  USBDescGetNumAlternateInterfaces     
000179ed  USBDescGetInterface                  
00017a1b  USBDescGetInterfaceEndpoint          
00017c11  __aeabi_dsub                         
00017c1b  __aeabi_dadd                         
00017dc9  configADC_DisparaADC                 
00017dd5  configADC_IniciaADC                  
00017e83  configADC_LeeADC                     
00017e97  configADC_ISR                        
0001804d  __aeabi_ddiv                         
00018183  vListInitialise                      
000181b3  vListInitialiseItem                  
000181c3  vListInsertEnd                       
000181ff  vListInsert                          
00018265  uxListRemove                         
000182ad  ButtonsPoll                          
00018353  ButtonsInit                          
000183d5  CPUUsageTick                         
00018413  CPUUsageInit                         
0001861d  ldexp                                
0001861d  ldexpl                               
0001861d  scalbn                               
0001861d  scalbnl                              
0001872d  strtoul                              
0001883d  __aeabi_dmul                         
00018939  InternalUSBTickInit                  
00018977  InternalUSBTickReset                 
0001897f  InternalUSBRegisterTickHandler       
000189cf  InternalUSBStartOfFrameTick          
00018a35  ulPortGetIPSR                        
00018a4d  xPortPendSVHandler                   
00018aad  vPortSVCHandler                      
00018acd  vPortStartFirstTask                  
00018af1  vPortEnableVFP                       
00018b01  ldexpf                               
00018b01  scalbnf                              
00018bd1  ULPIConfigSet                        
00018c73  ULPIPowerTransceiver                 
00018d4d  CmdLineProcess                       
00018df9  __aeabi_memcpy                       
00018df9  __aeabi_memcpy4                      
00018df9  __aeabi_memcpy8                      
00018df9  memcpy                               
00018e95  __aeabi_uldivmod                     
00018f2b  __aeabi_cdcmpeq                      
00018f2b  __aeabi_cdcmple                      
00018fb1  __aeabi_cdrcmple                     
00019037  __aeabi_memclr                       
00019037  __aeabi_memclr4                      
00019037  __aeabi_memclr8                      
00019039  __aeabi_memset                       
00019039  __aeabi_memset4                      
00019039  __aeabi_memset8                      
0001903f  memset                               
00019121  create_checksum                      
00019189  vConfigureTimerForRunTimeStats       
000191f1  __TI_decompress_lzss                 
00019259  frexp                                
00019259  frexpl                               
00019313  __TI_ltoa                            
000193b9  __aeabi_f2ulz                        
00019409  atoi                                 
00019455  __aeabi_d2iz                         
0001949d  __TI_auto_init_nobinit_nopinit       
000194e1  __aeabi_uidiv                        
000194e1  __aeabi_uidivmod                     
00019521  sprintf                              
0001959f  CPUcpsid                             
000195ab  CPUprimask                           
000195b5  CPUcpsie                             
000195c1  CPUwfi                               
000195c5  CPUbasepriSet                        
000195d3  CPUbasepriGet                        
000195dd  _c_int00_noargs                      
00019611  __aeabi_i2d                          
00019641  ResetISR                             
0001966d  strncmp                              
00019699  GetOverflowCounts                    
000196bd  USB0DeviceIntHandler                 
000196e1  memccpy                              
000196fd  copysign                             
000196fd  copysignl                            
0001972f  copysignf                            
00019747  strcmp                               
0001975f  strchr                               
00019775  strcpy                               
00019789  strlen                               
0001979d  wcslen                               
000197af  __TI_decompress_none                 
000197bd  __TI_zero_init                       
000197d5  __aeabi_errno_addr                   
000197dd  SysCtlDelay                          
000197e3  _system_pre_init                     
000197e7  C$$EXIT                              
000197e7  abort                                
00019d68  _ctypes_                             
0001a314  g_pui8ConfigString                   
0001a380  g_sCDCHandlers                       
0001a3e0  g_pui8ControlInterfaceString         
0001a40c  g_pui8ManufacturerString             
0001a430  g_pui8CDCSerCommInterface            
0001a453  g_pui8ProductString                  
0001a498  g_ppui8StringDescriptors             
0001a4b0  g_pui8CDCSerDataInterface            
0001a4c7  g_pui8CDCSerDataInterfaceHS          
0001a530  g_pui8SerialNumberString             
0001a584  g_sCDCCompSerConfigHeader            
0001a58c  g_sCDCCompSerConfigHeaderHS          
0001a594  g_sCDCSerCommInterfaceSection        
0001a59c  g_sCDCSerConfigHeader                
0001a5a4  g_sCDCSerConfigHeaderHS              
0001a5ac  g_sCDCSerConfigSection               
0001a5b4  g_sCDCSerDataInterfaceSection        
0001a5bc  g_sCDCSerDataInterfaceSectionHS      
0001a5c4  g_sIADSerConfigSection               
0001a5cc  ulMaxSyscallInterruptPriority        
0001a5d4  g_pui8LangDescriptor                 
0001a5d8  g_pCDCCompSerConfigDescriptors       
0001a5dc  g_pCDCCompSerConfigDescriptorsHS     
0001a5e0  g_ppCDCSerConfigDescriptors          
0001a5e4  g_ppCDCSerConfigDescriptorsHS        
0001a5e8  uxTopUsedPriority                    
0001a748  __TI_Handler_Table_Base              
0001a754  __TI_Handler_Table_Limit             
0001a768  __TI_CINIT_Base                      
0001a780  __TI_CINIT_Limit                     
20000000  __start___llvm_prf_cnts              
20000000  __stop___llvm_prf_cnts               
20000000  g_pfnRAMVectors                      
20005d88  g_pui8USBRxBuffer                    
20005e88  g_pui8USBTxBuffer                    
20006024  g_psDCDInst                          
20006134  xQueueRegistry                       
200061d0  g_pfnTickHandlers                    
200061e8  g_pvTickInstance                     
20006308  botones                              
2000630c  g_ppsDevInfo                         
20006310  g_ui32CPUUsage                       
20006314  g_ui32PollRate                       
20006318  g_ulSystemClock                      
2000631c  set_ctl                              
20006320  g_eOTGModeState                      
20006324  g_psCmdTable                         
200063a8  g_sCDCDevice                         
20006408  pxCurrentTCB                         
20006444  g_sRxBuffer                          
2000647c  g_sTxBuffer                          
20006528  g_pui8CDCSerDeviceDescriptor         
2000653a  sondeo                               
2000653c  g_psCDCCompSerSections               
2000654c  g_psCDCCompSerSectionsHS             
2000655c  g_ulUARTTxCount                      
20006560  g_ulUARTRxCount                      
20006564  g_ulUARTRxErrors                     
2000656c  g_psCDCSerSections                   
20006578  g_psCDCSerSectionsHS                 
200065a8  g_bUSBTimerInitialized               
200065ac  g_ui32CurrentUSBTick                 
200065b0  g_ui32USBSOFCount                    
200065b4  g_pui8CDCSerDescriptor               
200065c0  g_iUSBMode                           
200065c4  g_ui32WaitTicks                      
200065c9  g_pui8IADSerDescriptor               
200065ec  errno                                
200065f0  __stack                              
200067f0  __STACK_END                          
200067f0  __STACK_TOP                          
ffffffff  __TI_pprof_out_hndl                  
ffffffff  __TI_prof_data_size                  
ffffffff  __TI_prof_data_start                 
ffffffff  __binit__                            
ffffffff  __c_args__                           
ffffffff  binit                                
UNDEFED   __mpu_init                           
UNDEFED   _system_post_cinit                   

[819 symbols]
