<?xml version="1.0" encoding="ISO-8859-1" ?>
<link_info>
   <banner>TI ARM Linker Unix v20.2.2.LTS</banner>
   <copyright>Copyright (c) 1996-2018 Texas Instruments Incorporated</copyright>
   <link_time>0x60bf4261</link_time>
   <link_errors>0x0</link_errors>
   <output_file>base-practica-TIVA-2021-ADC.out</output_file>
   <entry_point>
      <name>_c_int00_noargs</name>
      <address>0x195dd</address>
   </entry_point>
   <input_file_list>
      <input_file id="fl-2">
         <path>./</path>
         <kind>object</kind>
         <file>commands.obj</file>
         <name>commands.obj</name>
      </input_file>
      <input_file id="fl-3">
         <path>./</path>
         <kind>object</kind>
         <file>main.obj</file>
         <name>main.obj</name>
      </input_file>
      <input_file id="fl-4">
         <path>./</path>
         <kind>object</kind>
         <file>startup_ccs.obj</file>
         <name>startup_ccs.obj</name>
      </input_file>
      <input_file id="fl-5">
         <path>./FreeRTOS/Source/</path>
         <kind>object</kind>
         <file>croutine.obj</file>
         <name>croutine.obj</name>
      </input_file>
      <input_file id="fl-6">
         <path>./FreeRTOS/Source/</path>
         <kind>object</kind>
         <file>event_groups.obj</file>
         <name>event_groups.obj</name>
      </input_file>
      <input_file id="fl-7">
         <path>./FreeRTOS/Source/</path>
         <kind>object</kind>
         <file>list.obj</file>
         <name>list.obj</name>
      </input_file>
      <input_file id="fl-8">
         <path>./FreeRTOS/Source/</path>
         <kind>object</kind>
         <file>queue.obj</file>
         <name>queue.obj</name>
      </input_file>
      <input_file id="fl-9">
         <path>./FreeRTOS/Source/</path>
         <kind>object</kind>
         <file>stream_buffer.obj</file>
         <name>stream_buffer.obj</name>
      </input_file>
      <input_file id="fl-a">
         <path>./FreeRTOS/Source/</path>
         <kind>object</kind>
         <file>tasks.obj</file>
         <name>tasks.obj</name>
      </input_file>
      <input_file id="fl-b">
         <path>./FreeRTOS/Source/</path>
         <kind>object</kind>
         <file>timers.obj</file>
         <name>timers.obj</name>
      </input_file>
      <input_file id="fl-c">
         <path>./FreeRTOS/Source/portable/CCS/ARM_CM4F/</path>
         <kind>object</kind>
         <file>port.obj</file>
         <name>port.obj</name>
      </input_file>
      <input_file id="fl-d">
         <path>./FreeRTOS/Source/portable/CCS/ARM_CM4F/</path>
         <kind>object</kind>
         <file>portasm.obj</file>
         <name>portasm.obj</name>
      </input_file>
      <input_file id="fl-e">
         <path>./FreeRTOS/Source/portable/MemMang/</path>
         <kind>object</kind>
         <file>heap_4.obj</file>
         <name>heap_4.obj</name>
      </input_file>
      <input_file id="fl-f">
         <path>./driverlib/</path>
         <kind>object</kind>
         <file>adc.obj</file>
         <name>adc.obj</name>
      </input_file>
      <input_file id="fl-10">
         <path>./driverlib/</path>
         <kind>object</kind>
         <file>aes.obj</file>
         <name>aes.obj</name>
      </input_file>
      <input_file id="fl-11">
         <path>./driverlib/</path>
         <kind>object</kind>
         <file>can.obj</file>
         <name>can.obj</name>
      </input_file>
      <input_file id="fl-12">
         <path>./driverlib/</path>
         <kind>object</kind>
         <file>comp.obj</file>
         <name>comp.obj</name>
      </input_file>
      <input_file id="fl-13">
         <path>./driverlib/</path>
         <kind>object</kind>
         <file>cpu.obj</file>
         <name>cpu.obj</name>
      </input_file>
      <input_file id="fl-14">
         <path>./driverlib/</path>
         <kind>object</kind>
         <file>crc.obj</file>
         <name>crc.obj</name>
      </input_file>
      <input_file id="fl-15">
         <path>./driverlib/</path>
         <kind>object</kind>
         <file>des.obj</file>
         <name>des.obj</name>
      </input_file>
      <input_file id="fl-16">
         <path>./driverlib/</path>
         <kind>object</kind>
         <file>eeprom.obj</file>
         <name>eeprom.obj</name>
      </input_file>
      <input_file id="fl-17">
         <path>./driverlib/</path>
         <kind>object</kind>
         <file>emac.obj</file>
         <name>emac.obj</name>
      </input_file>
      <input_file id="fl-18">
         <path>./driverlib/</path>
         <kind>object</kind>
         <file>epi.obj</file>
         <name>epi.obj</name>
      </input_file>
      <input_file id="fl-19">
         <path>./driverlib/</path>
         <kind>object</kind>
         <file>epi_workaround_ccs.obj</file>
         <name>epi_workaround_ccs.obj</name>
      </input_file>
      <input_file id="fl-1a">
         <path>./driverlib/</path>
         <kind>object</kind>
         <file>flash.obj</file>
         <name>flash.obj</name>
      </input_file>
      <input_file id="fl-1b">
         <path>./driverlib/</path>
         <kind>object</kind>
         <file>fpu.obj</file>
         <name>fpu.obj</name>
      </input_file>
      <input_file id="fl-1c">
         <path>./driverlib/</path>
         <kind>object</kind>
         <file>gpio.obj</file>
         <name>gpio.obj</name>
      </input_file>
      <input_file id="fl-1d">
         <path>./driverlib/</path>
         <kind>object</kind>
         <file>hibernate.obj</file>
         <name>hibernate.obj</name>
      </input_file>
      <input_file id="fl-1e">
         <path>./driverlib/</path>
         <kind>object</kind>
         <file>i2c.obj</file>
         <name>i2c.obj</name>
      </input_file>
      <input_file id="fl-1f">
         <path>./driverlib/</path>
         <kind>object</kind>
         <file>interrupt.obj</file>
         <name>interrupt.obj</name>
      </input_file>
      <input_file id="fl-20">
         <path>./driverlib/</path>
         <kind>object</kind>
         <file>lcd.obj</file>
         <name>lcd.obj</name>
      </input_file>
      <input_file id="fl-21">
         <path>./driverlib/</path>
         <kind>object</kind>
         <file>mpu.obj</file>
         <name>mpu.obj</name>
      </input_file>
      <input_file id="fl-22">
         <path>./driverlib/</path>
         <kind>object</kind>
         <file>onewire.obj</file>
         <name>onewire.obj</name>
      </input_file>
      <input_file id="fl-23">
         <path>./driverlib/</path>
         <kind>object</kind>
         <file>pwm.obj</file>
         <name>pwm.obj</name>
      </input_file>
      <input_file id="fl-24">
         <path>./driverlib/</path>
         <kind>object</kind>
         <file>qei.obj</file>
         <name>qei.obj</name>
      </input_file>
      <input_file id="fl-25">
         <path>./driverlib/</path>
         <kind>object</kind>
         <file>shamd5.obj</file>
         <name>shamd5.obj</name>
      </input_file>
      <input_file id="fl-26">
         <path>./driverlib/</path>
         <kind>object</kind>
         <file>ssi.obj</file>
         <name>ssi.obj</name>
      </input_file>
      <input_file id="fl-27">
         <path>./driverlib/</path>
         <kind>object</kind>
         <file>sw_crc.obj</file>
         <name>sw_crc.obj</name>
      </input_file>
      <input_file id="fl-28">
         <path>./driverlib/</path>
         <kind>object</kind>
         <file>sysctl.obj</file>
         <name>sysctl.obj</name>
      </input_file>
      <input_file id="fl-29">
         <path>./driverlib/</path>
         <kind>object</kind>
         <file>sysexc.obj</file>
         <name>sysexc.obj</name>
      </input_file>
      <input_file id="fl-2a">
         <path>./driverlib/</path>
         <kind>object</kind>
         <file>systick.obj</file>
         <name>systick.obj</name>
      </input_file>
      <input_file id="fl-2b">
         <path>./driverlib/</path>
         <kind>object</kind>
         <file>timer.obj</file>
         <name>timer.obj</name>
      </input_file>
      <input_file id="fl-2c">
         <path>./driverlib/</path>
         <kind>object</kind>
         <file>uart.obj</file>
         <name>uart.obj</name>
      </input_file>
      <input_file id="fl-2d">
         <path>./driverlib/</path>
         <kind>object</kind>
         <file>udma.obj</file>
         <name>udma.obj</name>
      </input_file>
      <input_file id="fl-2e">
         <path>./driverlib/</path>
         <kind>object</kind>
         <file>usb.obj</file>
         <name>usb.obj</name>
      </input_file>
      <input_file id="fl-2f">
         <path>./driverlib/</path>
         <kind>object</kind>
         <file>watchdog.obj</file>
         <name>watchdog.obj</name>
      </input_file>
      <input_file id="fl-30">
         <path>./drivers/</path>
         <kind>object</kind>
         <file>buttons.obj</file>
         <name>buttons.obj</name>
      </input_file>
      <input_file id="fl-31">
         <path>./drivers/</path>
         <kind>object</kind>
         <file>configADC.obj</file>
         <name>configADC.obj</name>
      </input_file>
      <input_file id="fl-32">
         <path>./drivers/</path>
         <kind>object</kind>
         <file>rgb.obj</file>
         <name>rgb.obj</name>
      </input_file>
      <input_file id="fl-33">
         <path>./remotelink/</path>
         <kind>object</kind>
         <file>crc.obj</file>
         <name>crc.obj</name>
      </input_file>
      <input_file id="fl-34">
         <path>./remotelink/</path>
         <kind>object</kind>
         <file>remotelink.obj</file>
         <name>remotelink.obj</name>
      </input_file>
      <input_file id="fl-35">
         <path>./remotelink/</path>
         <kind>object</kind>
         <file>serialprotocol.obj</file>
         <name>serialprotocol.obj</name>
      </input_file>
      <input_file id="fl-36">
         <path>./remotelink/</path>
         <kind>object</kind>
         <file>usb_dev_serial.obj</file>
         <name>usb_dev_serial.obj</name>
      </input_file>
      <input_file id="fl-37">
         <path>./remotelink/</path>
         <kind>object</kind>
         <file>usb_serial_structs.obj</file>
         <name>usb_serial_structs.obj</name>
      </input_file>
      <input_file id="fl-38">
         <path>./usblib/device/</path>
         <kind>object</kind>
         <file>usbdaudio.obj</file>
         <name>usbdaudio.obj</name>
      </input_file>
      <input_file id="fl-39">
         <path>./usblib/device/</path>
         <kind>object</kind>
         <file>usbdbulk.obj</file>
         <name>usbdbulk.obj</name>
      </input_file>
      <input_file id="fl-3a">
         <path>./usblib/device/</path>
         <kind>object</kind>
         <file>usbdcdc.obj</file>
         <name>usbdcdc.obj</name>
      </input_file>
      <input_file id="fl-3b">
         <path>./usblib/device/</path>
         <kind>object</kind>
         <file>usbdcdesc.obj</file>
         <name>usbdcdesc.obj</name>
      </input_file>
      <input_file id="fl-3c">
         <path>./usblib/device/</path>
         <kind>object</kind>
         <file>usbdcomp.obj</file>
         <name>usbdcomp.obj</name>
      </input_file>
      <input_file id="fl-3d">
         <path>./usblib/device/</path>
         <kind>object</kind>
         <file>usbdconfig.obj</file>
         <name>usbdconfig.obj</name>
      </input_file>
      <input_file id="fl-3e">
         <path>./usblib/device/</path>
         <kind>object</kind>
         <file>usbddfu-rt.obj</file>
         <name>usbddfu-rt.obj</name>
      </input_file>
      <input_file id="fl-3f">
         <path>./usblib/device/</path>
         <kind>object</kind>
         <file>usbdenum.obj</file>
         <name>usbdenum.obj</name>
      </input_file>
      <input_file id="fl-40">
         <path>./usblib/device/</path>
         <kind>object</kind>
         <file>usbdhandler.obj</file>
         <name>usbdhandler.obj</name>
      </input_file>
      <input_file id="fl-41">
         <path>./usblib/device/</path>
         <kind>object</kind>
         <file>usbdhid.obj</file>
         <name>usbdhid.obj</name>
      </input_file>
      <input_file id="fl-42">
         <path>./usblib/device/</path>
         <kind>object</kind>
         <file>usbdhidgamepad.obj</file>
         <name>usbdhidgamepad.obj</name>
      </input_file>
      <input_file id="fl-43">
         <path>./usblib/device/</path>
         <kind>object</kind>
         <file>usbdhidkeyb.obj</file>
         <name>usbdhidkeyb.obj</name>
      </input_file>
      <input_file id="fl-44">
         <path>./usblib/device/</path>
         <kind>object</kind>
         <file>usbdhidmouse.obj</file>
         <name>usbdhidmouse.obj</name>
      </input_file>
      <input_file id="fl-45">
         <path>./usblib/device/</path>
         <kind>object</kind>
         <file>usbdmsc.obj</file>
         <name>usbdmsc.obj</name>
      </input_file>
      <input_file id="fl-46">
         <path>./usblib/host/</path>
         <kind>object</kind>
         <file>usbhaudio.obj</file>
         <name>usbhaudio.obj</name>
      </input_file>
      <input_file id="fl-47">
         <path>./usblib/host/</path>
         <kind>object</kind>
         <file>usbhhid.obj</file>
         <name>usbhhid.obj</name>
      </input_file>
      <input_file id="fl-48">
         <path>./usblib/host/</path>
         <kind>object</kind>
         <file>usbhhidkeyboard.obj</file>
         <name>usbhhidkeyboard.obj</name>
      </input_file>
      <input_file id="fl-49">
         <path>./usblib/host/</path>
         <kind>object</kind>
         <file>usbhhidmouse.obj</file>
         <name>usbhhidmouse.obj</name>
      </input_file>
      <input_file id="fl-4a">
         <path>./usblib/host/</path>
         <kind>object</kind>
         <file>usbhhub.obj</file>
         <name>usbhhub.obj</name>
      </input_file>
      <input_file id="fl-4b">
         <path>./usblib/host/</path>
         <kind>object</kind>
         <file>usbhmsc.obj</file>
         <name>usbhmsc.obj</name>
      </input_file>
      <input_file id="fl-4c">
         <path>./usblib/host/</path>
         <kind>object</kind>
         <file>usbhostenum.obj</file>
         <name>usbhostenum.obj</name>
      </input_file>
      <input_file id="fl-4d">
         <path>./usblib/host/</path>
         <kind>object</kind>
         <file>usbhscsi.obj</file>
         <name>usbhscsi.obj</name>
      </input_file>
      <input_file id="fl-4e">
         <path>./usblib/</path>
         <kind>object</kind>
         <file>usbbuffer.obj</file>
         <name>usbbuffer.obj</name>
      </input_file>
      <input_file id="fl-4f">
         <path>./usblib/</path>
         <kind>object</kind>
         <file>usbdesc.obj</file>
         <name>usbdesc.obj</name>
      </input_file>
      <input_file id="fl-50">
         <path>./usblib/</path>
         <kind>object</kind>
         <file>usbdma.obj</file>
         <name>usbdma.obj</name>
      </input_file>
      <input_file id="fl-51">
         <path>./usblib/</path>
         <kind>object</kind>
         <file>usbkeyboardmap.obj</file>
         <name>usbkeyboardmap.obj</name>
      </input_file>
      <input_file id="fl-52">
         <path>./usblib/</path>
         <kind>object</kind>
         <file>usbmode.obj</file>
         <name>usbmode.obj</name>
      </input_file>
      <input_file id="fl-53">
         <path>./usblib/</path>
         <kind>object</kind>
         <file>usbringbuf.obj</file>
         <name>usbringbuf.obj</name>
      </input_file>
      <input_file id="fl-54">
         <path>./usblib/</path>
         <kind>object</kind>
         <file>usbtick.obj</file>
         <name>usbtick.obj</name>
      </input_file>
      <input_file id="fl-55">
         <path>./usblib/</path>
         <kind>object</kind>
         <file>usbulpi.obj</file>
         <name>usbulpi.obj</name>
      </input_file>
      <input_file id="fl-56">
         <path>./utils/</path>
         <kind>object</kind>
         <file>RunTimeStatsConfig.obj</file>
         <name>RunTimeStatsConfig.obj</name>
      </input_file>
      <input_file id="fl-57">
         <path>./utils/</path>
         <kind>object</kind>
         <file>cmdline.obj</file>
         <name>cmdline.obj</name>
      </input_file>
      <input_file id="fl-58">
         <path>./utils/</path>
         <kind>object</kind>
         <file>cpu_usage.obj</file>
         <name>cpu_usage.obj</name>
      </input_file>
      <input_file id="fl-59">
         <path>./utils/</path>
         <kind>object</kind>
         <file>uartstdio.obj</file>
         <name>uartstdio.obj</name>
      </input_file>
      <input_file id="fl-5d">
         <kind>object</kind>
         <file>&lt;internal&gt;</file>
         <name>&lt;internal&gt;</name>
      </input_file>
      <input_file id="fl-113">
         <path>/opt/ti/ccs1020/ccs/tools/compiler/ti-cgt-arm_20.2.2.LTS/lib/</path>
         <kind>archive</kind>
         <file>rtsv7M4_T_le_v4SPD16_eabi.lib</file>
         <name>sprintf.c.obj</name>
      </input_file>
      <input_file id="fl-114">
         <path>/opt/ti/ccs1020/ccs/tools/compiler/ti-cgt-arm_20.2.2.LTS/lib/</path>
         <kind>archive</kind>
         <file>rtsv7M4_T_le_v4SPD16_eabi.lib</file>
         <name>fs_toull_t2.asm.obj</name>
      </input_file>
      <input_file id="fl-115">
         <path>/opt/ti/ccs1020/ccs/tools/compiler/ti-cgt-arm_20.2.2.LTS/lib/</path>
         <kind>archive</kind>
         <file>rtsv7M4_T_le_v4SPD16_eabi.lib</file>
         <name>memcpy_t2.asm.obj</name>
      </input_file>
      <input_file id="fl-116">
         <path>/opt/ti/ccs1020/ccs/tools/compiler/ti-cgt-arm_20.2.2.LTS/lib/</path>
         <kind>archive</kind>
         <file>rtsv7M4_T_le_v4SPD16_eabi.lib</file>
         <name>memset_t2.asm.obj</name>
      </input_file>
      <input_file id="fl-117">
         <path>/opt/ti/ccs1020/ccs/tools/compiler/ti-cgt-arm_20.2.2.LTS/lib/</path>
         <kind>archive</kind>
         <file>rtsv7M4_T_le_v4SPD16_eabi.lib</file>
         <name>u_divt2.asm.obj</name>
      </input_file>
      <input_file id="fl-118">
         <path>/opt/ti/ccs1020/ccs/tools/compiler/ti-cgt-arm_20.2.2.LTS/lib/</path>
         <kind>archive</kind>
         <file>rtsv7M4_T_le_v4SPD16_eabi.lib</file>
         <name>copy_zero_init.c.obj</name>
      </input_file>
      <input_file id="fl-119">
         <path>/opt/ti/ccs1020/ccs/tools/compiler/ti-cgt-arm_20.2.2.LTS/lib/</path>
         <kind>archive</kind>
         <file>rtsv7M4_T_le_v4SPD16_eabi.lib</file>
         <name>copy_decompress_none.c.obj</name>
      </input_file>
      <input_file id="fl-11a">
         <path>/opt/ti/ccs1020/ccs/tools/compiler/ti-cgt-arm_20.2.2.LTS/lib/</path>
         <kind>archive</kind>
         <file>rtsv7M4_T_le_v4SPD16_eabi.lib</file>
         <name>copy_decompress_lzss.c.obj</name>
      </input_file>
      <input_file id="fl-11b">
         <path>/opt/ti/ccs1020/ccs/tools/compiler/ti-cgt-arm_20.2.2.LTS/lib/</path>
         <kind>archive</kind>
         <file>rtsv7M4_T_le_v4SPD16_eabi.lib</file>
         <name>strcmp.c.obj</name>
      </input_file>
      <input_file id="fl-11c">
         <path>/opt/ti/ccs1020/ccs/tools/compiler/ti-cgt-arm_20.2.2.LTS/lib/</path>
         <kind>archive</kind>
         <file>rtsv7M4_T_le_v4SPD16_eabi.lib</file>
         <name>strcpy.c.obj</name>
      </input_file>
      <input_file id="fl-11d">
         <path>/opt/ti/ccs1020/ccs/tools/compiler/ti-cgt-arm_20.2.2.LTS/lib/</path>
         <kind>archive</kind>
         <file>rtsv7M4_T_le_v4SPD16_eabi.lib</file>
         <name>strlen.c.obj</name>
      </input_file>
      <input_file id="fl-11e">
         <path>/opt/ti/ccs1020/ccs/tools/compiler/ti-cgt-arm_20.2.2.LTS/lib/</path>
         <kind>archive</kind>
         <file>rtsv7M4_T_le_v4SPD16_eabi.lib</file>
         <name>strncmp.c.obj</name>
      </input_file>
      <input_file id="fl-11f">
         <path>/opt/ti/ccs1020/ccs/tools/compiler/ti-cgt-arm_20.2.2.LTS/lib/</path>
         <kind>archive</kind>
         <file>rtsv7M4_T_le_v4SPD16_eabi.lib</file>
         <name>strtof.c.obj</name>
      </input_file>
      <input_file id="fl-120">
         <path>/opt/ti/ccs1020/ccs/tools/compiler/ti-cgt-arm_20.2.2.LTS/lib/</path>
         <kind>archive</kind>
         <file>rtsv7M4_T_le_v4SPD16_eabi.lib</file>
         <name>strtoul.c.obj</name>
      </input_file>
      <input_file id="fl-121">
         <path>/opt/ti/ccs1020/ccs/tools/compiler/ti-cgt-arm_20.2.2.LTS/lib/</path>
         <kind>archive</kind>
         <file>rtsv7M4_T_le_v4SPD16_eabi.lib</file>
         <name>boot_cortex_m.c.obj</name>
      </input_file>
      <input_file id="fl-122">
         <path>/opt/ti/ccs1020/ccs/tools/compiler/ti-cgt-arm_20.2.2.LTS/lib/</path>
         <kind>archive</kind>
         <file>rtsv7M4_T_le_v4SPD16_eabi.lib</file>
         <name>errno.c.obj</name>
      </input_file>
      <input_file id="fl-123">
         <path>/opt/ti/ccs1020/ccs/tools/compiler/ti-cgt-arm_20.2.2.LTS/lib/</path>
         <kind>archive</kind>
         <file>rtsv7M4_T_le_v4SPD16_eabi.lib</file>
         <name>s_scalbnf.c.obj</name>
      </input_file>
      <input_file id="fl-124">
         <path>/opt/ti/ccs1020/ccs/tools/compiler/ti-cgt-arm_20.2.2.LTS/lib/</path>
         <kind>archive</kind>
         <file>rtsv7M4_T_le_v4SPD16_eabi.lib</file>
         <name>s_copysignf.c.obj</name>
      </input_file>
      <input_file id="fl-125">
         <path>/opt/ti/ccs1020/ccs/tools/compiler/ti-cgt-arm_20.2.2.LTS/lib/</path>
         <kind>archive</kind>
         <file>rtsv7M4_T_le_v4SPD16_eabi.lib</file>
         <name>_printfi.c.obj</name>
      </input_file>
      <input_file id="fl-126">
         <path>/opt/ti/ccs1020/ccs/tools/compiler/ti-cgt-arm_20.2.2.LTS/lib/</path>
         <kind>archive</kind>
         <file>rtsv7M4_T_le_v4SPD16_eabi.lib</file>
         <name>div0.asm.obj</name>
      </input_file>
      <input_file id="fl-127">
         <path>/opt/ti/ccs1020/ccs/tools/compiler/ti-cgt-arm_20.2.2.LTS/lib/</path>
         <kind>archive</kind>
         <file>rtsv7M4_T_le_v4SPD16_eabi.lib</file>
         <name>fd_add_t2.asm.obj</name>
      </input_file>
      <input_file id="fl-128">
         <path>/opt/ti/ccs1020/ccs/tools/compiler/ti-cgt-arm_20.2.2.LTS/lib/</path>
         <kind>archive</kind>
         <file>rtsv7M4_T_le_v4SPD16_eabi.lib</file>
         <name>fd_cmp_t2.asm.obj</name>
      </input_file>
      <input_file id="fl-129">
         <path>/opt/ti/ccs1020/ccs/tools/compiler/ti-cgt-arm_20.2.2.LTS/lib/</path>
         <kind>archive</kind>
         <file>rtsv7M4_T_le_v4SPD16_eabi.lib</file>
         <name>fd_div_t2.asm.obj</name>
      </input_file>
      <input_file id="fl-12a">
         <path>/opt/ti/ccs1020/ccs/tools/compiler/ti-cgt-arm_20.2.2.LTS/lib/</path>
         <kind>archive</kind>
         <file>rtsv7M4_T_le_v4SPD16_eabi.lib</file>
         <name>fd_mul_t2.asm.obj</name>
      </input_file>
      <input_file id="fl-12b">
         <path>/opt/ti/ccs1020/ccs/tools/compiler/ti-cgt-arm_20.2.2.LTS/lib/</path>
         <kind>archive</kind>
         <file>rtsv7M4_T_le_v4SPD16_eabi.lib</file>
         <name>fd_toi_t2.asm.obj</name>
      </input_file>
      <input_file id="fl-12c">
         <path>/opt/ti/ccs1020/ccs/tools/compiler/ti-cgt-arm_20.2.2.LTS/lib/</path>
         <kind>archive</kind>
         <file>rtsv7M4_T_le_v4SPD16_eabi.lib</file>
         <name>i_tofd_t2.asm.obj</name>
      </input_file>
      <input_file id="fl-12d">
         <path>/opt/ti/ccs1020/ccs/tools/compiler/ti-cgt-arm_20.2.2.LTS/lib/</path>
         <kind>archive</kind>
         <file>rtsv7M4_T_le_v4SPD16_eabi.lib</file>
         <name>ull_div_t2.asm.obj</name>
      </input_file>
      <input_file id="fl-12e">
         <path>/opt/ti/ccs1020/ccs/tools/compiler/ti-cgt-arm_20.2.2.LTS/lib/</path>
         <kind>archive</kind>
         <file>rtsv7M4_T_le_v4SPD16_eabi.lib</file>
         <name>autoinit.c.obj</name>
      </input_file>
      <input_file id="fl-12f">
         <path>/opt/ti/ccs1020/ccs/tools/compiler/ti-cgt-arm_20.2.2.LTS/lib/</path>
         <kind>archive</kind>
         <file>rtsv7M4_T_le_v4SPD16_eabi.lib</file>
         <name>pre_init.c.obj</name>
      </input_file>
      <input_file id="fl-130">
         <path>/opt/ti/ccs1020/ccs/tools/compiler/ti-cgt-arm_20.2.2.LTS/lib/</path>
         <kind>archive</kind>
         <file>rtsv7M4_T_le_v4SPD16_eabi.lib</file>
         <name>cpy_tbl.c.obj</name>
      </input_file>
      <input_file id="fl-131">
         <path>/opt/ti/ccs1020/ccs/tools/compiler/ti-cgt-arm_20.2.2.LTS/lib/</path>
         <kind>archive</kind>
         <file>rtsv7M4_T_le_v4SPD16_eabi.lib</file>
         <name>exit.c.obj</name>
      </input_file>
      <input_file id="fl-132">
         <path>/opt/ti/ccs1020/ccs/tools/compiler/ti-cgt-arm_20.2.2.LTS/lib/</path>
         <kind>archive</kind>
         <file>rtsv7M4_T_le_v4SPD16_eabi.lib</file>
         <name>_lock.c.obj</name>
      </input_file>
      <input_file id="fl-133">
         <path>/opt/ti/ccs1020/ccs/tools/compiler/ti-cgt-arm_20.2.2.LTS/lib/</path>
         <kind>archive</kind>
         <file>rtsv7M4_T_le_v4SPD16_eabi.lib</file>
         <name>_ltoa.c.obj</name>
      </input_file>
      <input_file id="fl-134">
         <path>/opt/ti/ccs1020/ccs/tools/compiler/ti-cgt-arm_20.2.2.LTS/lib/</path>
         <kind>archive</kind>
         <file>rtsv7M4_T_le_v4SPD16_eabi.lib</file>
         <name>args_main.c.obj</name>
      </input_file>
      <input_file id="fl-135">
         <path>/opt/ti/ccs1020/ccs/tools/compiler/ti-cgt-arm_20.2.2.LTS/lib/</path>
         <kind>archive</kind>
         <file>rtsv7M4_T_le_v4SPD16_eabi.lib</file>
         <name>atoi.c.obj</name>
      </input_file>
      <input_file id="fl-136">
         <path>/opt/ti/ccs1020/ccs/tools/compiler/ti-cgt-arm_20.2.2.LTS/lib/</path>
         <kind>archive</kind>
         <file>rtsv7M4_T_le_v4SPD16_eabi.lib</file>
         <name>ctype.c.obj</name>
      </input_file>
      <input_file id="fl-137">
         <path>/opt/ti/ccs1020/ccs/tools/compiler/ti-cgt-arm_20.2.2.LTS/lib/</path>
         <kind>archive</kind>
         <file>rtsv7M4_T_le_v4SPD16_eabi.lib</file>
         <name>memccpy.c.obj</name>
      </input_file>
      <input_file id="fl-138">
         <path>/opt/ti/ccs1020/ccs/tools/compiler/ti-cgt-arm_20.2.2.LTS/lib/</path>
         <kind>archive</kind>
         <file>rtsv7M4_T_le_v4SPD16_eabi.lib</file>
         <name>strchr.c.obj</name>
      </input_file>
      <input_file id="fl-139">
         <path>/opt/ti/ccs1020/ccs/tools/compiler/ti-cgt-arm_20.2.2.LTS/lib/</path>
         <kind>archive</kind>
         <file>rtsv7M4_T_le_v4SPD16_eabi.lib</file>
         <name>s_frexp.c.obj</name>
      </input_file>
      <input_file id="fl-13a">
         <path>/opt/ti/ccs1020/ccs/tools/compiler/ti-cgt-arm_20.2.2.LTS/lib/</path>
         <kind>archive</kind>
         <file>rtsv7M4_T_le_v4SPD16_eabi.lib</file>
         <name>s_scalbn.c.obj</name>
      </input_file>
      <input_file id="fl-13b">
         <path>/opt/ti/ccs1020/ccs/tools/compiler/ti-cgt-arm_20.2.2.LTS/lib/</path>
         <kind>archive</kind>
         <file>rtsv7M4_T_le_v4SPD16_eabi.lib</file>
         <name>wcslen.c.obj</name>
      </input_file>
      <input_file id="fl-13c">
         <path>/opt/ti/ccs1020/ccs/tools/compiler/ti-cgt-arm_20.2.2.LTS/lib/</path>
         <kind>archive</kind>
         <file>rtsv7M4_T_le_v4SPD16_eabi.lib</file>
         <name>s_copysign.c.obj</name>
      </input_file>
   </input_file_list>
   <object_component_list>
      <object_component id="oc-12">
         <name>.intvecs</name>
         <load_address>0x0</load_address>
         <run_address>0x0</run_address>
         <size>0x26c</size>
         <input_file_ref idref="fl-4"/>
      </object_component>
      <object_component id="oc-545">
         <name>.text</name>
         <load_address>0x26c</load_address>
         <run_address>0x26c</run_address>
         <size>0x3084</size>
         <input_file_ref idref="fl-4c"/>
      </object_component>
      <object_component id="oc-2c1">
         <name>.text</name>
         <load_address>0x32f0</load_address>
         <run_address>0x32f0</run_address>
         <size>0x2398</size>
         <input_file_ref idref="fl-2e"/>
      </object_component>
      <object_component id="oc-97">
         <name>.text</name>
         <load_address>0x5688</load_address>
         <run_address>0x5688</run_address>
         <size>0x211c</size>
         <input_file_ref idref="fl-a"/>
      </object_component>
      <object_component id="oc-ed">
         <name>.text</name>
         <load_address>0x77a4</load_address>
         <run_address>0x77a4</run_address>
         <size>0x1688</size>
         <input_file_ref idref="fl-28"/>
      </object_component>
      <object_component id="oc-14b">
         <name>.text</name>
         <load_address>0x8e2c</load_address>
         <run_address>0x8e2c</run_address>
         <size>0x1570</size>
         <input_file_ref idref="fl-3f"/>
      </object_component>
      <object_component id="oc-f3">
         <name>.text</name>
         <load_address>0xa39c</load_address>
         <run_address>0xa39c</run_address>
         <size>0x1288</size>
         <input_file_ref idref="fl-1c"/>
      </object_component>
      <object_component id="oc-b2">
         <name>.text</name>
         <load_address>0xb624</load_address>
         <run_address>0xb624</run_address>
         <size>0x1234</size>
         <input_file_ref idref="fl-8"/>
      </object_component>
      <object_component id="oc-e7">
         <name>.text</name>
         <load_address>0xc858</load_address>
         <run_address>0xc858</run_address>
         <size>0x104c</size>
         <input_file_ref idref="fl-f"/>
      </object_component>
      <object_component id="oc-411">
         <name>.text</name>
         <load_address>0xd8a4</load_address>
         <run_address>0xd8a4</run_address>
         <size>0xfdc</size>
         <input_file_ref idref="fl-3a"/>
      </object_component>
      <object_component id="oc-2cd">
         <name>.text</name>
         <load_address>0xe880</load_address>
         <run_address>0xe880</run_address>
         <size>0xfa8</size>
         <input_file_ref idref="fl-50"/>
      </object_component>
      <object_component id="oc-38c">
         <name>.text</name>
         <load_address>0xf828</load_address>
         <run_address>0xf828</run_address>
         <size>0xd20</size>
         <input_file_ref idref="fl-2b"/>
      </object_component>
      <object_component id="oc-38">
         <name>.text</name>
         <load_address>0x10548</load_address>
         <run_address>0x10548</run_address>
         <size>0xb8c</size>
         <input_file_ref idref="fl-59"/>
      </object_component>
      <object_component id="oc-b8">
         <name>.text</name>
         <load_address>0x110d4</load_address>
         <run_address>0x110d4</run_address>
         <size>0xb08</size>
         <input_file_ref idref="fl-2c"/>
      </object_component>
      <object_component id="oc-39f">
         <name>.text:__TI_printfi</name>
         <load_address>0x11bdc</load_address>
         <run_address>0x11bdc</run_address>
         <size>0xa4e</size>
         <input_file_ref idref="fl-125"/>
      </object_component>
      <object_component id="oc-21c">
         <name>.text</name>
         <load_address>0x1262a</load_address>
         <run_address>0x1262a</run_address>
         <size>0x2</size>
         <input_file_ref idref="fl-126"/>
      </object_component>
      <object_component id="oc-68f">
         <name>.text</name>
         <load_address>0x1262c</load_address>
         <run_address>0x1262c</run_address>
         <size>0x924</size>
         <input_file_ref idref="fl-4a"/>
      </object_component>
      <object_component id="oc-1a3">
         <name>.text</name>
         <load_address>0x12f50</load_address>
         <run_address>0x12f50</run_address>
         <size>0x820</size>
         <input_file_ref idref="fl-b"/>
      </object_component>
      <object_component id="oc-132">
         <name>.text</name>
         <load_address>0x13770</load_address>
         <run_address>0x13770</run_address>
         <size>0x778</size>
         <input_file_ref idref="fl-2"/>
      </object_component>
      <object_component id="oc-405">
         <name>.text</name>
         <load_address>0x13ee8</load_address>
         <run_address>0x13ee8</run_address>
         <size>0x598</size>
         <input_file_ref idref="fl-4e"/>
      </object_component>
      <object_component id="oc-40b">
         <name>.text</name>
         <load_address>0x14480</load_address>
         <run_address>0x14480</run_address>
         <size>0x570</size>
         <input_file_ref idref="fl-52"/>
      </object_component>
      <object_component id="oc-f9">
         <name>.text</name>
         <load_address>0x149f0</load_address>
         <run_address>0x149f0</run_address>
         <size>0x490</size>
         <input_file_ref idref="fl-1f"/>
      </object_component>
      <object_component id="oc-53d">
         <name>.text</name>
         <load_address>0x14e80</load_address>
         <run_address>0x14e80</run_address>
         <size>0x48c</size>
         <input_file_ref idref="fl-53"/>
      </object_component>
      <object_component id="oc-18b">
         <name>.text</name>
         <load_address>0x1530c</load_address>
         <run_address>0x1530c</run_address>
         <size>0x464</size>
         <input_file_ref idref="fl-e"/>
      </object_component>
      <object_component id="oc-11b">
         <name>.text</name>
         <load_address>0x15770</load_address>
         <run_address>0x15770</run_address>
         <size>0x42c</size>
         <input_file_ref idref="fl-32"/>
      </object_component>
      <object_component id="oc-44">
         <name>.text</name>
         <load_address>0x15b9c</load_address>
         <run_address>0x15b9c</run_address>
         <size>0x3cc</size>
         <input_file_ref idref="fl-3"/>
      </object_component>
      <object_component id="oc-2ae">
         <name>.text:strtof</name>
         <load_address>0x15f68</load_address>
         <run_address>0x15f68</run_address>
         <size>0x3c8</size>
         <input_file_ref idref="fl-11f"/>
      </object_component>
      <object_component id="oc-271">
         <name>.text</name>
         <load_address>0x16330</load_address>
         <run_address>0x16330</run_address>
         <size>0x3c0</size>
         <input_file_ref idref="fl-36"/>
      </object_component>
      <object_component id="oc-2f2">
         <name>.text</name>
         <load_address>0x166f0</load_address>
         <run_address>0x166f0</run_address>
         <size>0x3bc</size>
         <input_file_ref idref="fl-3d"/>
      </object_component>
      <object_component id="oc-115">
         <name>.text</name>
         <load_address>0x16aac</load_address>
         <run_address>0x16aac</run_address>
         <size>0x2f2</size>
         <input_file_ref idref="fl-35"/>
      </object_component>
      <object_component id="oc-2ec">
         <name>.text</name>
         <load_address>0x16d9e</load_address>
         <run_address>0x16d9e</run_address>
         <size>0x2de</size>
         <input_file_ref idref="fl-3b"/>
      </object_component>
      <object_component id="oc-32">
         <name>.text</name>
         <load_address>0x1707c</load_address>
         <run_address>0x1707c</run_address>
         <size>0x2d0</size>
         <input_file_ref idref="fl-c"/>
      </object_component>
      <object_component id="oc-10f">
         <name>.text</name>
         <load_address>0x1734c</load_address>
         <run_address>0x1734c</run_address>
         <size>0x2b0</size>
         <input_file_ref idref="fl-34"/>
      </object_component>
      <object_component id="oc-50d">
         <name>.text:_pconv_a</name>
         <load_address>0x175fc</load_address>
         <run_address>0x175fc</run_address>
         <size>0x270</size>
         <input_file_ref idref="fl-125"/>
      </object_component>
      <object_component id="oc-493">
         <name>.text</name>
         <load_address>0x1786c</load_address>
         <run_address>0x1786c</run_address>
         <size>0x1d2</size>
         <input_file_ref idref="fl-4f"/>
      </object_component>
      <object_component id="oc-4fb">
         <name>.text:_pconv_g</name>
         <load_address>0x17a40</load_address>
         <run_address>0x17a40</run_address>
         <size>0x1d0</size>
         <input_file_ref idref="fl-125"/>
      </object_component>
      <object_component id="oc-635">
         <name>.text</name>
         <load_address>0x17c10</load_address>
         <run_address>0x17c10</run_address>
         <size>0x1b6</size>
         <input_file_ref idref="fl-127"/>
      </object_component>
      <object_component id="oc-3e">
         <name>.text</name>
         <load_address>0x17dc8</load_address>
         <run_address>0x17dc8</run_address>
         <size>0x148</size>
         <input_file_ref idref="fl-31"/>
      </object_component>
      <object_component id="oc-507">
         <name>.text:_pconv_e</name>
         <load_address>0x17f10</load_address>
         <run_address>0x17f10</run_address>
         <size>0x13c</size>
         <input_file_ref idref="fl-125"/>
      </object_component>
      <object_component id="oc-61b">
         <name>.text</name>
         <load_address>0x1804c</load_address>
         <run_address>0x1804c</run_address>
         <size>0x136</size>
         <input_file_ref idref="fl-129"/>
      </object_component>
      <object_component id="oc-191">
         <name>.text</name>
         <load_address>0x18182</load_address>
         <run_address>0x18182</run_address>
         <size>0x12a</size>
         <input_file_ref idref="fl-7"/>
      </object_component>
      <object_component id="oc-12c">
         <name>.text</name>
         <load_address>0x182ac</load_address>
         <run_address>0x182ac</run_address>
         <size>0x128</size>
         <input_file_ref idref="fl-30"/>
      </object_component>
      <object_component id="oc-109">
         <name>.text</name>
         <load_address>0x183d4</load_address>
         <run_address>0x183d4</run_address>
         <size>0x124</size>
         <input_file_ref idref="fl-58"/>
      </object_component>
      <object_component id="oc-647">
         <name>.text:fcvt</name>
         <load_address>0x184f8</load_address>
         <run_address>0x184f8</run_address>
         <size>0x124</size>
         <input_file_ref idref="fl-125"/>
      </object_component>
      <object_component id="oc-65b">
         <name>.text:scalbn</name>
         <load_address>0x1861c</load_address>
         <run_address>0x1861c</run_address>
         <size>0x110</size>
         <input_file_ref idref="fl-13a"/>
      </object_component>
      <object_component id="oc-2b4">
         <name>.text:strtoul</name>
         <load_address>0x1872c</load_address>
         <run_address>0x1872c</run_address>
         <size>0x110</size>
         <input_file_ref idref="fl-120"/>
      </object_component>
      <object_component id="oc-616">
         <name>.text</name>
         <load_address>0x1883c</load_address>
         <run_address>0x1883c</run_address>
         <size>0xfc</size>
         <input_file_ref idref="fl-12a"/>
      </object_component>
      <object_component id="oc-2d3">
         <name>.text</name>
         <load_address>0x18938</load_address>
         <run_address>0x18938</run_address>
         <size>0xec</size>
         <input_file_ref idref="fl-54"/>
      </object_component>
      <object_component id="oc-2d">
         <name>.text</name>
         <load_address>0x18a24</load_address>
         <run_address>0x18a24</run_address>
         <size>0xda</size>
         <input_file_ref idref="fl-d"/>
      </object_component>
      <object_component id="oc-452">
         <name>.text:scalbnf</name>
         <load_address>0x18b00</load_address>
         <run_address>0x18b00</run_address>
         <size>0xd0</size>
         <input_file_ref idref="fl-123"/>
      </object_component>
      <object_component id="oc-2c7">
         <name>.text</name>
         <load_address>0x18bd0</load_address>
         <run_address>0x18bd0</run_address>
         <size>0xc8</size>
         <input_file_ref idref="fl-55"/>
      </object_component>
      <object_component id="oc-4f0">
         <name>.text:_ltostr</name>
         <load_address>0x18c98</load_address>
         <run_address>0x18c98</run_address>
         <size>0xb1</size>
         <input_file_ref idref="fl-125"/>
      </object_component>
      <object_component id="oc-2ba">
         <name>.text</name>
         <load_address>0x18d4c</load_address>
         <run_address>0x18d4c</run_address>
         <size>0xac</size>
         <input_file_ref idref="fl-57"/>
      </object_component>
      <object_component id="oc-5e">
         <name>.text</name>
         <load_address>0x18df8</load_address>
         <run_address>0x18df8</run_address>
         <size>0x9c</size>
         <input_file_ref idref="fl-115"/>
      </object_component>
      <object_component id="oc-60f">
         <name>.text</name>
         <load_address>0x18e94</load_address>
         <run_address>0x18e94</run_address>
         <size>0x96</size>
         <input_file_ref idref="fl-12d"/>
      </object_component>
      <object_component id="oc-4f6">
         <name>.text:__aeabi_cdcmple</name>
         <load_address>0x18f2a</load_address>
         <run_address>0x18f2a</run_address>
         <size>0x86</size>
         <input_file_ref idref="fl-128"/>
      </object_component>
      <object_component id="oc-620">
         <name>.text:__aeabi_cdrcmple</name>
         <load_address>0x18fb0</load_address>
         <run_address>0x18fb0</run_address>
         <size>0x86</size>
         <input_file_ref idref="fl-128"/>
      </object_component>
      <object_component id="oc-121">
         <name>.text</name>
         <load_address>0x19036</load_address>
         <run_address>0x19036</run_address>
         <size>0x7a</size>
         <input_file_ref idref="fl-116"/>
      </object_component>
      <object_component id="oc-640">
         <name>.text:_mcpy</name>
         <load_address>0x190b0</load_address>
         <run_address>0x190b0</run_address>
         <size>0x6e</size>
         <input_file_ref idref="fl-125"/>
      </object_component>
      <object_component id="oc-285">
         <name>.text</name>
         <load_address>0x19120</load_address>
         <run_address>0x19120</run_address>
         <size>0x68</size>
         <input_file_ref idref="fl-33"/>
      </object_component>
      <object_component id="oc-1a9">
         <name>.text</name>
         <load_address>0x19188</load_address>
         <run_address>0x19188</run_address>
         <size>0x68</size>
         <input_file_ref idref="fl-56"/>
      </object_component>
      <object_component id="oc-15">
         <name>.text:decompress:lzss:__TI_decompress_lzss</name>
         <load_address>0x191f0</load_address>
         <run_address>0x191f0</run_address>
         <size>0x68</size>
         <input_file_ref idref="fl-11a"/>
      </object_component>
      <object_component id="oc-655">
         <name>.text:frexp</name>
         <load_address>0x19258</load_address>
         <run_address>0x19258</run_address>
         <size>0x64</size>
         <input_file_ref idref="fl-139"/>
      </object_component>
      <object_component id="oc-501">
         <name>.text:_pconv_f</name>
         <load_address>0x192bc</load_address>
         <run_address>0x192bc</run_address>
         <size>0x56</size>
         <input_file_ref idref="fl-125"/>
      </object_component>
      <object_component id="oc-62a">
         <name>.text:__TI_ltoa</name>
         <load_address>0x19312</load_address>
         <run_address>0x19312</run_address>
         <size>0x54</size>
         <input_file_ref idref="fl-133"/>
      </object_component>
      <object_component id="oc-63a">
         <name>.text:_ecpy</name>
         <load_address>0x19366</load_address>
         <run_address>0x19366</run_address>
         <size>0x52</size>
         <input_file_ref idref="fl-125"/>
      </object_component>
      <object_component id="oc-28d">
         <name>.text</name>
         <load_address>0x193b8</load_address>
         <run_address>0x193b8</run_address>
         <size>0x50</size>
         <input_file_ref idref="fl-114"/>
      </object_component>
      <object_component id="oc-4ea">
         <name>.text:atoi</name>
         <load_address>0x19408</load_address>
         <run_address>0x19408</run_address>
         <size>0x4c</size>
         <input_file_ref idref="fl-135"/>
      </object_component>
      <object_component id="oc-625">
         <name>.text</name>
         <load_address>0x19454</load_address>
         <run_address>0x19454</run_address>
         <size>0x48</size>
         <input_file_ref idref="fl-12b"/>
      </object_component>
      <object_component id="oc-31c">
         <name>.text:__TI_auto_init_nobinit_nopinit:__TI_auto_init_nobinit_nopinit</name>
         <load_address>0x1949c</load_address>
         <run_address>0x1949c</run_address>
         <size>0x44</size>
         <input_file_ref idref="fl-12e"/>
      </object_component>
      <object_component id="oc-d3">
         <name>.text</name>
         <load_address>0x194e0</load_address>
         <run_address>0x194e0</run_address>
         <size>0x40</size>
         <input_file_ref idref="fl-117"/>
      </object_component>
      <object_component id="oc-1ce">
         <name>.text:sprintf</name>
         <load_address>0x19520</load_address>
         <run_address>0x19520</run_address>
         <size>0x40</size>
         <input_file_ref idref="fl-113"/>
      </object_component>
      <object_component id="oc-64d">
         <name>.text:_fcpy</name>
         <load_address>0x19560</load_address>
         <run_address>0x19560</run_address>
         <size>0x3e</size>
         <input_file_ref idref="fl-125"/>
      </object_component>
      <object_component id="oc-22f">
         <name>.text</name>
         <load_address>0x1959e</load_address>
         <run_address>0x1959e</run_address>
         <size>0x3e</size>
         <input_file_ref idref="fl-13"/>
      </object_component>
      <object_component id="oc-7c">
         <name>.text:_c_int00_noargs:_c_int00_noargs</name>
         <load_address>0x195dc</load_address>
         <run_address>0x195dc</run_address>
         <size>0x34</size>
         <input_file_ref idref="fl-121"/>
      </object_component>
      <object_component id="oc-630">
         <name>.text</name>
         <load_address>0x19610</load_address>
         <run_address>0x19610</run_address>
         <size>0x2e</size>
         <input_file_ref idref="fl-12c"/>
      </object_component>
      <object_component id="oc-27">
         <name>.text</name>
         <load_address>0x19640</load_address>
         <run_address>0x19640</run_address>
         <size>0x2c</size>
         <input_file_ref idref="fl-4"/>
      </object_component>
      <object_component id="oc-2a5">
         <name>.text:strncmp</name>
         <load_address>0x1966c</load_address>
         <run_address>0x1966c</run_address>
         <size>0x2c</size>
         <input_file_ref idref="fl-11e"/>
      </object_component>
      <object_component id="oc-1b2">
         <name>.text:GetOverflowCounts</name>
         <load_address>0x19698</load_address>
         <run_address>0x19698</run_address>
         <size>0x24</size>
         <input_file_ref idref="fl-56"/>
      </object_component>
      <object_component id="oc-4a">
         <name>.text</name>
         <load_address>0x196bc</load_address>
         <run_address>0x196bc</run_address>
         <size>0x24</size>
         <input_file_ref idref="fl-40"/>
      </object_component>
      <object_component id="oc-513">
         <name>.text:memccpy</name>
         <load_address>0x196e0</load_address>
         <run_address>0x196e0</run_address>
         <size>0x1c</size>
         <input_file_ref idref="fl-137"/>
      </object_component>
      <object_component id="oc-717">
         <name>.text:copysign</name>
         <load_address>0x196fc</load_address>
         <run_address>0x196fc</run_address>
         <size>0x1a</size>
         <input_file_ref idref="fl-13c"/>
      </object_component>
      <object_component id="oc-3a5">
         <name>.text:_outs</name>
         <load_address>0x19716</load_address>
         <run_address>0x19716</run_address>
         <size>0x18</size>
         <input_file_ref idref="fl-113"/>
      </object_component>
      <object_component id="oc-59f">
         <name>.text:copysignf</name>
         <load_address>0x1972e</load_address>
         <run_address>0x1972e</run_address>
         <size>0x18</size>
         <input_file_ref idref="fl-124"/>
      </object_component>
      <object_component id="oc-463">
         <name>.text:strcmp</name>
         <load_address>0x19746</load_address>
         <run_address>0x19746</run_address>
         <size>0x18</size>
         <input_file_ref idref="fl-11b"/>
      </object_component>
      <object_component id="oc-661">
         <name>.text:strchr</name>
         <load_address>0x1975e</load_address>
         <run_address>0x1975e</run_address>
         <size>0x16</size>
         <input_file_ref idref="fl-138"/>
      </object_component>
      <object_component id="oc-1c2">
         <name>.text:strcpy</name>
         <load_address>0x19774</load_address>
         <run_address>0x19774</run_address>
         <size>0x14</size>
         <input_file_ref idref="fl-11c"/>
      </object_component>
      <object_component id="oc-1c8">
         <name>.text:strlen</name>
         <load_address>0x19788</load_address>
         <run_address>0x19788</run_address>
         <size>0x14</size>
         <input_file_ref idref="fl-11d"/>
      </object_component>
      <object_component id="oc-519">
         <name>.text:wcslen</name>
         <load_address>0x1979c</load_address>
         <run_address>0x1979c</run_address>
         <size>0x12</size>
         <input_file_ref idref="fl-13b"/>
      </object_component>
      <object_component id="oc-1b">
         <name>.text:decompress:none:__TI_decompress_none</name>
         <load_address>0x197ae</load_address>
         <run_address>0x197ae</run_address>
         <size>0xe</size>
         <input_file_ref idref="fl-119"/>
      </object_component>
      <object_component id="oc-70">
         <name>.text:decompress:ZI:__TI_zero_init</name>
         <load_address>0x197bc</load_address>
         <run_address>0x197bc</run_address>
         <size>0xc</size>
         <input_file_ref idref="fl-118"/>
      </object_component>
      <object_component id="oc-3ab">
         <name>.text:_outc</name>
         <load_address>0x197c8</load_address>
         <run_address>0x197c8</run_address>
         <size>0xa</size>
         <input_file_ref idref="fl-113"/>
      </object_component>
      <object_component id="oc-44c">
         <name>.text:__aeabi_errno_addr</name>
         <load_address>0x197d4</load_address>
         <run_address>0x197d4</run_address>
         <size>0x8</size>
         <input_file_ref idref="fl-122"/>
      </object_component>
      <object_component id="oc-23e">
         <name>.text:SysCtlDelay</name>
         <load_address>0x197dc</load_address>
         <run_address>0x197dc</run_address>
         <size>0x6</size>
         <input_file_ref idref="fl-28"/>
      </object_component>
      <object_component id="oc-16f">
         <name>.text:_system_pre_init</name>
         <load_address>0x197e2</load_address>
         <run_address>0x197e2</run_address>
         <size>0x4</size>
         <input_file_ref idref="fl-12f"/>
      </object_component>
      <object_component id="oc-310">
         <name>.text:abort:abort</name>
         <load_address>0x197e6</load_address>
         <run_address>0x197e6</run_address>
         <size>0x4</size>
         <input_file_ref idref="fl-131"/>
      </object_component>
      <object_component id="oc-435">
         <name>.const:crctttab</name>
         <load_address>0x197ec</load_address>
         <run_address>0x197ec</run_address>
         <size>0x200</size>
         <input_file_ref idref="fl-33"/>
      </object_component>
      <object_component id="oc-449">
         <name>.const:.string</name>
         <load_address>0x199ec</load_address>
         <run_address>0x199ec</run_address>
         <size>0x1ca</size>
         <input_file_ref idref="fl-2"/>
      </object_component>
      <object_component id="oc-23b">
         <name>.const:g_pppui32XTALtoVCO</name>
         <load_address>0x19bb8</load_address>
         <run_address>0x19bb8</run_address>
         <size>0x1b0</size>
         <input_file_ref idref="fl-28"/>
      </object_component>
      <object_component id="oc-458">
         <name>.const:.string:_ctypes_</name>
         <load_address>0x19d68</load_address>
         <run_address>0x19d68</run_address>
         <size>0x101</size>
         <input_file_ref idref="fl-136"/>
      </object_component>
      <object_component id="oc-244">
         <name>.const:g_ppui32GPIOIntMapSnowflake</name>
         <load_address>0x19e6c</load_address>
         <run_address>0x19e6c</run_address>
         <size>0xd8</size>
         <input_file_ref idref="fl-1c"/>
      </object_component>
      <object_component id="oc-241">
         <name>.const:g_ppui32GPIOIntMapBlizzard</name>
         <load_address>0x19f44</load_address>
         <run_address>0x19f44</run_address>
         <size>0xc0</size>
         <input_file_ref idref="fl-1c"/>
      </object_component>
      <object_component id="oc-252">
         <name>.const:g_pui32Regs</name>
         <load_address>0x1a004</load_address>
         <run_address>0x1a004</run_address>
         <size>0x9c</size>
         <input_file_ref idref="fl-1f"/>
      </object_component>
      <object_component id="oc-247">
         <name>.const:g_pui32GPIOBaseAddrs</name>
         <load_address>0x1a0a0</load_address>
         <run_address>0x1a0a0</run_address>
         <size>0x90</size>
         <input_file_ref idref="fl-1c"/>
      </object_component>
      <object_component id="oc-235">
         <name>.const:g_pui32Xtals</name>
         <load_address>0x1a130</load_address>
         <run_address>0x1a130</run_address>
         <size>0x6c</size>
         <input_file_ref idref="fl-28"/>
      </object_component>
      <object_component id="oc-4de">
         <name>.const:g_ppui32TimerIntMap</name>
         <load_address>0x1a19c</load_address>
         <run_address>0x1a19c</run_address>
         <size>0x60</size>
         <input_file_ref idref="fl-2b"/>
      </object_component>
      <object_component id="oc-45b">
         <name>.const:$O1$$</name>
         <load_address>0x1a1fc</load_address>
         <run_address>0x1a1fc</run_address>
         <size>0x58</size>
         <input_file_ref idref="fl-11f"/>
      </object_component>
      <object_component id="oc-4e1">
         <name>.const:g_ppui32TimerIntMapSnowflake</name>
         <load_address>0x1a254</load_address>
         <run_address>0x1a254</run_address>
         <size>0x40</size>
         <input_file_ref idref="fl-2b"/>
      </object_component>
      <object_component id="oc-1fc">
         <name>.const:g_ppui32UARTIntMap</name>
         <load_address>0x1a294</load_address>
         <run_address>0x1a294</run_address>
         <size>0x40</size>
         <input_file_ref idref="fl-2c"/>
      </object_component>
      <object_component id="oc-1ff">
         <name>.const:g_ppui32UARTIntMapSnowflake</name>
         <load_address>0x1a2d4</load_address>
         <run_address>0x1a2d4</run_address>
         <size>0x40</size>
         <input_file_ref idref="fl-2c"/>
      </object_component>
      <object_component id="oc-6d9">
         <name>.const:.string:g_pui8ConfigString</name>
         <load_address>0x1a314</load_address>
         <run_address>0x1a314</run_address>
         <size>0x36</size>
         <input_file_ref idref="fl-37"/>
      </object_component>
      <object_component id="oc-2e9">
         <name>.const:g_psUSBDStdRequests</name>
         <load_address>0x1a34c</load_address>
         <run_address>0x1a34c</run_address>
         <size>0x34</size>
         <input_file_ref idref="fl-3f"/>
      </object_component>
      <object_component id="oc-554">
         <name>.const:g_sCDCHandlers</name>
         <load_address>0x1a380</load_address>
         <run_address>0x1a380</run_address>
         <size>0x30</size>
         <input_file_ref idref="fl-3a"/>
      </object_component>
      <object_component id="oc-22c">
         <name>.const:g_sXTALtoMEMTIM</name>
         <load_address>0x1a3b0</load_address>
         <run_address>0x1a3b0</run_address>
         <size>0x30</size>
         <input_file_ref idref="fl-28"/>
      </object_component>
      <object_component id="oc-6d6">
         <name>.const:.string:g_pui8ControlInterfaceString</name>
         <load_address>0x1a3e0</load_address>
         <run_address>0x1a3e0</run_address>
         <size>0x2c</size>
         <input_file_ref idref="fl-37"/>
      </object_component>
      <object_component id="oc-6cd">
         <name>.const:.string:g_pui8ManufacturerString</name>
         <load_address>0x1a40c</load_address>
         <run_address>0x1a40c</run_address>
         <size>0x24</size>
         <input_file_ref idref="fl-37"/>
      </object_component>
      <object_component id="oc-7b3">
         <name>.const:.string:g_pui8CDCSerCommInterface</name>
         <load_address>0x1a430</load_address>
         <run_address>0x1a430</run_address>
         <size>0x23</size>
         <input_file_ref idref="fl-3a"/>
      </object_component>
      <object_component id="oc-6d0">
         <name>.const:.string:g_pui8ProductString</name>
         <load_address>0x1a453</load_address>
         <run_address>0x1a453</run_address>
         <size>0x22</size>
         <input_file_ref idref="fl-37"/>
      </object_component>
      <object_component id="oc-24f">
         <name>.const:g_pui32Priority</name>
         <load_address>0x1a478</load_address>
         <run_address>0x1a478</run_address>
         <size>0x20</size>
         <input_file_ref idref="fl-1f"/>
      </object_component>
      <object_component id="oc-583">
         <name>.const:g_ppui8StringDescriptors</name>
         <load_address>0x1a498</load_address>
         <run_address>0x1a498</run_address>
         <size>0x18</size>
         <input_file_ref idref="fl-37"/>
      </object_component>
      <object_component id="oc-7b8">
         <name>.const:.string:g_pui8CDCSerDataInterface</name>
         <load_address>0x1a4b0</load_address>
         <run_address>0x1a4b0</run_address>
         <size>0x17</size>
         <input_file_ref idref="fl-3a"/>
      </object_component>
      <object_component id="oc-7bd">
         <name>.const:.string:g_pui8CDCSerDataInterfaceHS</name>
         <load_address>0x1a4c7</load_address>
         <run_address>0x1a4c7</run_address>
         <size>0x17</size>
         <input_file_ref idref="fl-3a"/>
      </object_component>
      <object_component id="oc-258">
         <name>.const:g_pui32Dii16Regs</name>
         <load_address>0x1a4e0</load_address>
         <run_address>0x1a4e0</run_address>
         <size>0x14</size>
         <input_file_ref idref="fl-1f"/>
      </object_component>
      <object_component id="oc-255">
         <name>.const:g_pui32EnRegs</name>
         <load_address>0x1a4f4</load_address>
         <run_address>0x1a4f4</run_address>
         <size>0x14</size>
         <input_file_ref idref="fl-1f"/>
      </object_component>
      <object_component id="oc-25b">
         <name>.const:g_pui32PendRegs</name>
         <load_address>0x1a508</load_address>
         <run_address>0x1a508</run_address>
         <size>0x14</size>
         <input_file_ref idref="fl-1f"/>
      </object_component>
      <object_component id="oc-25e">
         <name>.const:g_pui32UnpendRegs</name>
         <load_address>0x1a51c</load_address>
         <run_address>0x1a51c</run_address>
         <size>0x14</size>
         <input_file_ref idref="fl-1f"/>
      </object_component>
      <object_component id="oc-6d3">
         <name>.const:.string:g_pui8SerialNumberString</name>
         <load_address>0x1a530</load_address>
         <run_address>0x1a530</run_address>
         <size>0x12</size>
         <input_file_ref idref="fl-37"/>
      </object_component>
      <object_component id="oc-222">
         <name>.const:.string</name>
         <load_address>0x1a544</load_address>
         <run_address>0x1a544</run_address>
         <size>0x12</size>
         <input_file_ref idref="fl-59"/>
      </object_component>
      <object_component id="oc-c1">
         <name>.const:g_ui32UARTBase</name>
         <load_address>0x1a558</load_address>
         <run_address>0x1a558</run_address>
         <size>0xc</size>
         <input_file_ref idref="fl-59"/>
      </object_component>
      <object_component id="oc-c7">
         <name>.const:g_ui32UARTInt</name>
         <load_address>0x1a564</load_address>
         <run_address>0x1a564</run_address>
         <size>0xc</size>
         <input_file_ref idref="fl-59"/>
      </object_component>
      <object_component id="oc-c4">
         <name>.const:g_ui32UARTPeriph</name>
         <load_address>0x1a570</load_address>
         <run_address>0x1a570</run_address>
         <size>0xc</size>
         <input_file_ref idref="fl-59"/>
      </object_component>
      <object_component id="oc-238">
         <name>.const:g_pui32VCOFrequencies</name>
         <load_address>0x1a57c</load_address>
         <run_address>0x1a57c</run_address>
         <size>0x8</size>
         <input_file_ref idref="fl-28"/>
      </object_component>
      <object_component id="oc-6ba">
         <name>.const:g_sCDCCompSerConfigHeader</name>
         <load_address>0x1a584</load_address>
         <run_address>0x1a584</run_address>
         <size>0x8</size>
         <input_file_ref idref="fl-3a"/>
      </object_component>
      <object_component id="oc-6bf">
         <name>.const:g_sCDCCompSerConfigHeaderHS</name>
         <load_address>0x1a58c</load_address>
         <run_address>0x1a58c</run_address>
         <size>0x8</size>
         <input_file_ref idref="fl-3a"/>
      </object_component>
      <object_component id="oc-798">
         <name>.const:g_sCDCSerCommInterfaceSection</name>
         <load_address>0x1a594</load_address>
         <run_address>0x1a594</run_address>
         <size>0x8</size>
         <input_file_ref idref="fl-3a"/>
      </object_component>
      <object_component id="oc-6b0">
         <name>.const:g_sCDCSerConfigHeader</name>
         <load_address>0x1a59c</load_address>
         <run_address>0x1a59c</run_address>
         <size>0x8</size>
         <input_file_ref idref="fl-3a"/>
      </object_component>
      <object_component id="oc-6b5">
         <name>.const:g_sCDCSerConfigHeaderHS</name>
         <load_address>0x1a5a4</load_address>
         <run_address>0x1a5a4</run_address>
         <size>0x8</size>
         <input_file_ref idref="fl-3a"/>
      </object_component>
      <object_component id="oc-795">
         <name>.const:g_sCDCSerConfigSection</name>
         <load_address>0x1a5ac</load_address>
         <run_address>0x1a5ac</run_address>
         <size>0x8</size>
         <input_file_ref idref="fl-3a"/>
      </object_component>
      <object_component id="oc-79b">
         <name>.const:g_sCDCSerDataInterfaceSection</name>
         <load_address>0x1a5b4</load_address>
         <run_address>0x1a5b4</run_address>
         <size>0x8</size>
         <input_file_ref idref="fl-3a"/>
      </object_component>
      <object_component id="oc-7a0">
         <name>.const:g_sCDCSerDataInterfaceSectionHS</name>
         <load_address>0x1a5bc</load_address>
         <run_address>0x1a5bc</run_address>
         <size>0x8</size>
         <input_file_ref idref="fl-3a"/>
      </object_component>
      <object_component id="oc-7a5">
         <name>.const:g_sIADSerConfigSection</name>
         <load_address>0x1a5c4</load_address>
         <run_address>0x1a5c4</run_address>
         <size>0x8</size>
         <input_file_ref idref="fl-3a"/>
      </object_component>
      <object_component id="oc-94">
         <name>.const</name>
         <load_address>0x1a5cc</load_address>
         <run_address>0x1a5cc</run_address>
         <size>0x8</size>
         <input_file_ref idref="fl-c"/>
      </object_component>
      <object_component id="oc-6ca">
         <name>.const:.string:g_pui8LangDescriptor</name>
         <load_address>0x1a5d4</load_address>
         <run_address>0x1a5d4</run_address>
         <size>0x4</size>
         <input_file_ref idref="fl-37"/>
      </object_component>
      <object_component id="oc-560">
         <name>.const:g_pCDCCompSerConfigDescriptors</name>
         <load_address>0x1a5d8</load_address>
         <run_address>0x1a5d8</run_address>
         <size>0x4</size>
         <input_file_ref idref="fl-3a"/>
      </object_component>
      <object_component id="oc-563">
         <name>.const:g_pCDCCompSerConfigDescriptorsHS</name>
         <load_address>0x1a5dc</load_address>
         <run_address>0x1a5dc</run_address>
         <size>0x4</size>
         <input_file_ref idref="fl-3a"/>
      </object_component>
      <object_component id="oc-55a">
         <name>.const:g_ppCDCSerConfigDescriptors</name>
         <load_address>0x1a5e0</load_address>
         <run_address>0x1a5e0</run_address>
         <size>0x4</size>
         <input_file_ref idref="fl-3a"/>
      </object_component>
      <object_component id="oc-55d">
         <name>.const:g_ppCDCSerConfigDescriptorsHS</name>
         <load_address>0x1a5e4</load_address>
         <run_address>0x1a5e4</run_address>
         <size>0x4</size>
         <input_file_ref idref="fl-3a"/>
      </object_component>
      <object_component id="oc-1b9">
         <name>.const</name>
         <load_address>0x1a5e8</load_address>
         <run_address>0x1a5e8</run_address>
         <size>0x4</size>
         <input_file_ref idref="fl-a"/>
      </object_component>
      <object_component id="oc-d8">
         <name>.const</name>
         <load_address>0x1a5ec</load_address>
         <run_address>0x1a5ec</run_address>
         <size>0x4</size>
         <input_file_ref idref="fl-59"/>
      </object_component>
      <object_component id="oc-7fb">
         <name>.cinit..data.load</name>
         <load_address>0x1a5f0</load_address>
         <run_address>0x1a5f0</run_address>
         <size>0x156</size>
      </object_component>
      <object_component id="oc-7f8">
         <name>__TI_handler_table</name>
         <load_address>0x1a748</load_address>
         <run_address>0x1a748</run_address>
         <size>0xc</size>
      </object_component>
      <object_component id="oc-7fc">
         <name>.cinit..bss.load</name>
         <load_address>0x1a758</load_address>
         <run_address>0x1a758</run_address>
         <size>0x8</size>
      </object_component>
      <object_component id="oc-7fa">
         <name>.cinit..vtable.load</name>
         <load_address>0x1a760</load_address>
         <run_address>0x1a760</run_address>
         <size>0x8</size>
      </object_component>
      <object_component id="oc-7f9">
         <name>__TI_cinit_table</name>
         <load_address>0x1a768</load_address>
         <run_address>0x1a768</run_address>
         <size>0x18</size>
      </object_component>
      <object_component id="oc-24c">
         <name>.vtable</name>
         <uninitialized>true</uninitialized>
         <run_address>0x20000000</run_address>
         <size>0x26c</size>
         <input_file_ref idref="fl-1f"/>
      </object_component>
      <object_component id="oc-2ab">
         <name>.data:g_psCmdTable</name>
         <load_address>0x20006324</load_address>
         <run_address>0x20006324</run_address>
         <size>0x84</size>
         <input_file_ref idref="fl-2"/>
      </object_component>
      <object_component id="oc-126">
         <name>.data</name>
         <load_address>0x2000653a</load_address>
         <run_address>0x2000653a</run_address>
         <size>0x2</size>
         <input_file_ref idref="fl-3"/>
      </object_component>
      <object_component id="oc-91">
         <name>.data</name>
         <load_address>0x20006408</load_address>
         <run_address>0x20006408</run_address>
         <size>0x3c</size>
         <input_file_ref idref="fl-a"/>
      </object_component>
      <object_component id="oc-374">
         <name>.data</name>
         <load_address>0x20006590</load_address>
         <run_address>0x20006590</run_address>
         <size>0xc</size>
         <input_file_ref idref="fl-b"/>
      </object_component>
      <object_component id="oc-9e">
         <name>.data</name>
         <load_address>0x20006584</load_address>
         <run_address>0x20006584</run_address>
         <size>0xc</size>
         <input_file_ref idref="fl-c"/>
      </object_component>
      <object_component id="oc-35f">
         <name>.data</name>
         <load_address>0x200064fc</load_address>
         <run_address>0x200064fc</run_address>
         <size>0x18</size>
         <input_file_ref idref="fl-e"/>
      </object_component>
      <object_component id="oc-2a0">
         <name>.data</name>
         <load_address>0x20006569</load_address>
         <run_address>0x20006569</run_address>
         <size>0x3</size>
         <input_file_ref idref="fl-30"/>
      </object_component>
      <object_component id="oc-296">
         <name>.data</name>
         <load_address>0x200065e8</load_address>
         <run_address>0x200065e8</run_address>
         <size>0x4</size>
         <input_file_ref idref="fl-32"/>
      </object_component>
      <object_component id="oc-27d">
         <name>.data</name>
         <load_address>0x200065e4</load_address>
         <run_address>0x200065e4</run_address>
         <size>0x4</size>
         <input_file_ref idref="fl-34"/>
      </object_component>
      <object_component id="oc-41d">
         <name>.data</name>
         <load_address>0x2000655c</load_address>
         <run_address>0x2000655c</run_address>
         <size>0xd</size>
         <input_file_ref idref="fl-36"/>
      </object_component>
      <object_component id="oc-423">
         <name>.data:ConfigLinea</name>
         <load_address>0x200065dc</load_address>
         <run_address>0x200065dc</run_address>
         <size>0x7</size>
         <input_file_ref idref="fl-36"/>
      </object_component>
      <object_component id="oc-426">
         <name>.data:g_sCDCDevice</name>
         <load_address>0x200063a8</load_address>
         <run_address>0x200063a8</run_address>
         <size>0x60</size>
         <input_file_ref idref="fl-37"/>
      </object_component>
      <object_component id="oc-417">
         <name>.data:g_sRxBuffer</name>
         <load_address>0x20006444</load_address>
         <run_address>0x20006444</run_address>
         <size>0x38</size>
         <input_file_ref idref="fl-37"/>
      </object_component>
      <object_component id="oc-420">
         <name>.data:g_sTxBuffer</name>
         <load_address>0x2000647c</load_address>
         <run_address>0x2000647c</run_address>
         <size>0x38</size>
         <input_file_ref idref="fl-37"/>
      </object_component>
      <object_component id="oc-557">
         <name>.data:g_pui8CDCSerDeviceDescriptor</name>
         <load_address>0x20006528</load_address>
         <run_address>0x20006528</run_address>
         <size>0x12</size>
         <input_file_ref idref="fl-3a"/>
      </object_component>
      <object_component id="oc-566">
         <name>.data:g_pui8CDCSerDescriptor</name>
         <load_address>0x200065b4</load_address>
         <run_address>0x200065b4</run_address>
         <size>0x9</size>
         <input_file_ref idref="fl-3a"/>
      </object_component>
      <object_component id="oc-7c2">
         <name>.data:g_pui8IADSerDescriptor</name>
         <load_address>0x200065c9</load_address>
         <run_address>0x200065c9</run_address>
         <size>0x8</size>
         <input_file_ref idref="fl-3a"/>
      </object_component>
      <object_component id="oc-758">
         <name>.data:g_psCDCSerSections</name>
         <load_address>0x2000656c</load_address>
         <run_address>0x2000656c</run_address>
         <size>0xc</size>
         <input_file_ref idref="fl-3a"/>
      </object_component>
      <object_component id="oc-75d">
         <name>.data:g_psCDCSerSectionsHS</name>
         <load_address>0x20006578</load_address>
         <run_address>0x20006578</run_address>
         <size>0xc</size>
         <input_file_ref idref="fl-3a"/>
      </object_component>
      <object_component id="oc-762">
         <name>.data:g_psCDCCompSerSections</name>
         <load_address>0x2000653c</load_address>
         <run_address>0x2000653c</run_address>
         <size>0x10</size>
         <input_file_ref idref="fl-3a"/>
      </object_component>
      <object_component id="oc-767">
         <name>.data:g_psCDCCompSerSectionsHS</name>
         <load_address>0x2000654c</load_address>
         <run_address>0x2000654c</run_address>
         <size>0x10</size>
         <input_file_ref idref="fl-3a"/>
      </object_component>
      <object_component id="oc-551">
         <name>.data</name>
         <load_address>0x200065be</load_address>
         <run_address>0x200065be</run_address>
         <size>0x2</size>
         <input_file_ref idref="fl-3a"/>
      </object_component>
      <object_component id="oc-2e0">
         <name>.data</name>
         <load_address>0x200065d4</load_address>
         <run_address>0x200065d4</run_address>
         <size>0x8</size>
         <input_file_ref idref="fl-3f"/>
      </object_component>
      <object_component id="oc-68c">
         <name>.data</name>
         <load_address>0x20006514</load_address>
         <run_address>0x20006514</run_address>
         <size>0x14</size>
         <input_file_ref idref="fl-4c"/>
      </object_component>
      <object_component id="oc-69e">
         <name>.data:g_sUSBHEP0State</name>
         <load_address>0x200064e4</load_address>
         <run_address>0x200064e4</run_address>
         <size>0x18</size>
         <input_file_ref idref="fl-4c"/>
      </object_component>
      <object_component id="oc-2dd">
         <name>.data</name>
         <load_address>0x200065c0</load_address>
         <run_address>0x200065c0</run_address>
         <size>0x9</size>
         <input_file_ref idref="fl-52"/>
      </object_component>
      <object_component id="oc-2f8">
         <name>.data</name>
         <load_address>0x200065a8</load_address>
         <run_address>0x200065a8</run_address>
         <size>0xc</size>
         <input_file_ref idref="fl-54"/>
      </object_component>
      <object_component id="oc-26d">
         <name>.data:g_pui32CPUUsageTimerPeriph</name>
         <load_address>0x200064cc</load_address>
         <run_address>0x200064cc</run_address>
         <size>0x18</size>
         <input_file_ref idref="fl-58"/>
      </object_component>
      <object_component id="oc-267">
         <name>.data:g_pui32CPUUsageTimerBase</name>
         <load_address>0x200064b4</load_address>
         <run_address>0x200064b4</run_address>
         <size>0x18</size>
         <input_file_ref idref="fl-58"/>
      </object_component>
      <object_component id="oc-ca">
         <name>.data</name>
         <load_address>0x2000659c</load_address>
         <run_address>0x2000659c</run_address>
         <size>0xc</size>
         <input_file_ref idref="fl-59"/>
      </object_component>
      <object_component id="oc-59a">
         <name>.data</name>
         <load_address>0x200065ec</load_address>
         <run_address>0x200065ec</run_address>
         <size>0x4</size>
         <input_file_ref idref="fl-122"/>
      </object_component>
      <object_component id="oc-197">
         <name>.bss:pxReadyTasksLists</name>
         <uninitialized>true</uninitialized>
         <run_address>0x20005b38</run_address>
         <size>0x140</size>
         <input_file_ref idref="fl-a"/>
      </object_component>
      <object_component id="oc-1bc">
         <name>.bss:xDelayedTaskList1</name>
         <uninitialized>true</uninitialized>
         <run_address>0x2000623c</run_address>
         <size>0x14</size>
         <input_file_ref idref="fl-a"/>
      </object_component>
      <object_component id="oc-1bf">
         <name>.bss:xDelayedTaskList2</name>
         <uninitialized>true</uninitialized>
         <run_address>0x20006250</run_address>
         <size>0x14</size>
         <input_file_ref idref="fl-a"/>
      </object_component>
      <object_component id="oc-19d">
         <name>.bss</name>
         <uninitialized>true</uninitialized>
         <run_address>0x200062c8</run_address>
         <size>0x8</size>
         <input_file_ref idref="fl-a"/>
      </object_component>
      <object_component id="oc-1af">
         <name>.bss:xPendingReadyList</name>
         <uninitialized>true</uninitialized>
         <run_address>0x20006264</run_address>
         <size>0x14</size>
         <input_file_ref idref="fl-a"/>
      </object_component>
      <object_component id="oc-19a">
         <name>.bss:xTasksWaitingTermination</name>
         <uninitialized>true</uninitialized>
         <run_address>0x2000628c</run_address>
         <size>0x14</size>
         <input_file_ref idref="fl-a"/>
      </object_component>
      <object_component id="oc-1a0">
         <name>.bss:xSuspendedTaskList</name>
         <uninitialized>true</uninitialized>
         <run_address>0x20006278</run_address>
         <size>0x14</size>
         <input_file_ref idref="fl-a"/>
      </object_component>
      <object_component id="oc-37a">
         <name>.bss:xActiveTimerList1</name>
         <uninitialized>true</uninitialized>
         <run_address>0x20006214</run_address>
         <size>0x14</size>
         <input_file_ref idref="fl-b"/>
      </object_component>
      <object_component id="oc-37d">
         <name>.bss:xActiveTimerList2</name>
         <uninitialized>true</uninitialized>
         <run_address>0x20006228</run_address>
         <size>0x14</size>
         <input_file_ref idref="fl-b"/>
      </object_component>
      <object_component id="oc-377">
         <name>.bss</name>
         <uninitialized>true</uninitialized>
         <run_address>0x200062d0</run_address>
         <size>0x8</size>
         <input_file_ref idref="fl-b"/>
      </object_component>
      <object_component id="oc-365">
         <name>.bss:ucHeap</name>
         <uninitialized>true</uninitialized>
         <run_address>0x2000026c</run_address>
         <size>0x5000</size>
         <input_file_ref idref="fl-e"/>
      </object_component>
      <object_component id="oc-362">
         <name>.bss:xStart</name>
         <uninitialized>true</uninitialized>
         <run_address>0x200062e8</run_address>
         <size>0x8</size>
         <input_file_ref idref="fl-e"/>
      </object_component>
      <object_component id="oc-227">
         <name>.bss:g_pui8OversampleFactor</name>
         <uninitialized>true</uninitialized>
         <run_address>0x200062c0</run_address>
         <size>0x8</size>
         <input_file_ref idref="fl-f"/>
      </object_component>
      <object_component id="oc-ff">
         <name>.bss</name>
         <uninitialized>true</uninitialized>
         <run_address>0x200062f0</run_address>
         <size>0x4</size>
         <input_file_ref idref="fl-31"/>
      </object_component>
      <object_component id="oc-293">
         <name>.bss:g_ui32Colors</name>
         <uninitialized>true</uninitialized>
         <run_address>0x200062ac</run_address>
         <size>0xc</size>
         <input_file_ref idref="fl-32"/>
      </object_component>
      <object_component id="oc-292">
         <name>.bss</name>
         <uninitialized>true</uninitialized>
         <run_address>0x200062f8</run_address>
[...]
      </symbol>
      <symbol id="sm-1d14">
         <name>USBLibDMASizeGet</name>
         <value>0xf629</value>
         <object_component_ref idref="oc-2cd"/>
      </symbol>
      <symbol id="sm-1d15">
         <name>USBLibDMAAddrGet</name>
         <value>0xf611</value>
         <object_component_ref idref="oc-2cd"/>
      </symbol>
      <symbol id="sm-1d16">
         <name>USBLibDMAInit</name>
         <value>0xf641</value>
         <object_component_ref idref="oc-2cd"/>
      </symbol>
      <symbol id="sm-1d91">
         <name>g_ui32PollRate</name>
         <value>0x20006314</value>
      </symbol>
      <symbol id="sm-1d92">
         <name>g_eOTGModeState</name>
         <value>0x20006320</value>
      </symbol>
      <symbol id="sm-1d93">
         <name>USBOTGModeTerm</name>
         <value>0x14657</value>
         <object_component_ref idref="oc-40b"/>
      </symbol>
      <symbol id="sm-1d94">
         <name>USB0DualModeIntHandler</name>
         <value>0x1454b</value>
         <object_component_ref idref="oc-40b"/>
      </symbol>
      <symbol id="sm-1d95">
         <name>USBOTGMain</name>
         <value>0x148f7</value>
         <object_component_ref idref="oc-40b"/>
      </symbol>
      <symbol id="sm-1d96">
         <name>USB0OTGModeIntHandler</name>
         <value>0x147f5</value>
         <object_component_ref idref="oc-40b"/>
      </symbol>
      <symbol id="sm-1d97">
         <name>USBDualModeInit</name>
         <value>0x14597</value>
         <object_component_ref idref="oc-40b"/>
      </symbol>
      <symbol id="sm-1d98">
         <name>USBDualModeTerm</name>
         <value>0x14615</value>
         <object_component_ref idref="oc-40b"/>
      </symbol>
      <symbol id="sm-1d99">
         <name>g_iUSBMode</name>
         <value>0x200065c0</value>
         <object_component_ref idref="oc-2dd"/>
      </symbol>
      <symbol id="sm-1d9a">
         <name>USBOTGModeInit</name>
         <value>0x1469f</value>
         <object_component_ref idref="oc-40b"/>
      </symbol>
      <symbol id="sm-1d9b">
         <name>USBStackModeSet</name>
         <value>0x14501</value>
         <object_component_ref idref="oc-40b"/>
      </symbol>
      <symbol id="sm-1d9c">
         <name>g_ui32WaitTicks</name>
         <value>0x200065c4</value>
         <object_component_ref idref="oc-2dd"/>
      </symbol>
      <symbol id="sm-1d9d">
         <name>USBOTGPollRate</name>
         <value>0x147c5</value>
         <object_component_ref idref="oc-40b"/>
      </symbol>
      <symbol id="sm-1d9e">
         <name>OTGDeviceDisconnect</name>
         <value>0x148dd</value>
         <object_component_ref idref="oc-40b"/>
      </symbol>
      <symbol id="sm-1d9f">
         <name>USBOTGFeatureSet</name>
         <value>0x14995</value>
         <object_component_ref idref="oc-40b"/>
      </symbol>
      <symbol id="sm-1df6">
         <name>USBRingBufWrite</name>
         <value>0x15247</value>
         <object_component_ref idref="oc-53d"/>
      </symbol>
      <symbol id="sm-1df7">
         <name>USBRingBufContigUsed</name>
         <value>0x14fc9</value>
         <object_component_ref idref="oc-53d"/>
      </symbol>
      <symbol id="sm-1df8">
         <name>USBRingBufFlush</name>
         <value>0x14f3f</value>
         <object_component_ref idref="oc-53d"/>
      </symbol>
      <symbol id="sm-1df9">
         <name>USBRingBufAdvanceWrite</name>
         <value>0x15171</value>
         <object_component_ref idref="oc-53d"/>
      </symbol>
      <symbol id="sm-1dfa">
         <name>USBRingBufWriteOne</name>
         <value>0x15201</value>
         <object_component_ref idref="oc-53d"/>
      </symbol>
      <symbol id="sm-1dfb">
         <name>USBRingBufUsed</name>
         <value>0x14f6b</value>
         <object_component_ref idref="oc-53d"/>
      </symbol>
      <symbol id="sm-1dfc">
         <name>USBRingBufFree</name>
         <value>0x14fa5</value>
         <object_component_ref idref="oc-53d"/>
      </symbol>
      <symbol id="sm-1dfd">
         <name>USBRingBufAdvanceRead</name>
         <value>0x1511b</value>
         <object_component_ref idref="oc-53d"/>
      </symbol>
      <symbol id="sm-1dfe">
         <name>USBRingBufFull</name>
         <value>0x14ecb</value>
         <object_component_ref idref="oc-53d"/>
      </symbol>
      <symbol id="sm-1dff">
         <name>USBRingBufReadOne</name>
         <value>0x1505f</value>
         <object_component_ref idref="oc-53d"/>
      </symbol>
      <symbol id="sm-1e00">
         <name>USBRingBufEmpty</name>
         <value>0x14f0d</value>
         <object_component_ref idref="oc-53d"/>
      </symbol>
      <symbol id="sm-1e01">
         <name>USBRingBufSize</name>
         <value>0x15047</value>
         <object_component_ref idref="oc-53d"/>
      </symbol>
      <symbol id="sm-1e02">
         <name>USBRingBufInit</name>
         <value>0x152bd</value>
         <object_component_ref idref="oc-53d"/>
      </symbol>
      <symbol id="sm-1e03">
         <name>USBRingBufRead</name>
         <value>0x150a5</value>
         <object_component_ref idref="oc-53d"/>
      </symbol>
      <symbol id="sm-1e04">
         <name>USBRingBufContigFree</name>
         <value>0x15001</value>
         <object_component_ref idref="oc-53d"/>
      </symbol>
      <symbol id="sm-1e2d">
         <name>g_pfnTickHandlers</name>
         <value>0x200061d0</value>
      </symbol>
      <symbol id="sm-1e2e">
         <name>g_pvTickInstance</name>
         <value>0x200061e8</value>
      </symbol>
      <symbol id="sm-1e2f">
         <name>g_ui32USBSOFCount</name>
         <value>0x200065b0</value>
         <object_component_ref idref="oc-2f8"/>
      </symbol>
      <symbol id="sm-1e30">
         <name>InternalUSBTickReset</name>
         <value>0x18977</value>
         <object_component_ref idref="oc-2d3"/>
      </symbol>
      <symbol id="sm-1e31">
         <name>g_bUSBTimerInitialized</name>
         <value>0x200065a8</value>
         <object_component_ref idref="oc-2f8"/>
      </symbol>
      <symbol id="sm-1e32">
         <name>g_ui32CurrentUSBTick</name>
         <value>0x200065ac</value>
         <object_component_ref idref="oc-2f8"/>
      </symbol>
      <symbol id="sm-1e33">
         <name>InternalUSBStartOfFrameTick</name>
         <value>0x189cf</value>
         <object_component_ref idref="oc-2d3"/>
      </symbol>
      <symbol id="sm-1e34">
         <name>InternalUSBRegisterTickHandler</name>
         <value>0x1897f</value>
         <object_component_ref idref="oc-2d3"/>
      </symbol>
      <symbol id="sm-1e35">
         <name>InternalUSBTickInit</name>
         <value>0x18939</value>
         <object_component_ref idref="oc-2d3"/>
      </symbol>
      <symbol id="sm-1e42">
         <name>ULPIPowerTransceiver</name>
         <value>0x18c73</value>
         <object_component_ref idref="oc-2c7"/>
      </symbol>
      <symbol id="sm-1e43">
         <name>ULPIConfigSet</name>
         <value>0x18bd1</value>
         <object_component_ref idref="oc-2c7"/>
      </symbol>
      <symbol id="sm-1e5d">
         <name>GetOverflowCounts</name>
         <value>0x19699</value>
         <object_component_ref idref="oc-1b2"/>
      </symbol>
      <symbol id="sm-1e5e">
         <name>vConfigureTimerForRunTimeStats</name>
         <value>0x19189</value>
         <object_component_ref idref="oc-1a9"/>
      </symbol>
      <symbol id="sm-1e7e">
         <name>CmdLineProcess</name>
         <value>0x18d4d</value>
         <object_component_ref idref="oc-2ba"/>
      </symbol>
      <symbol id="sm-1eae">
         <name>CPUUsageInit</name>
         <value>0x18413</value>
         <object_component_ref idref="oc-109"/>
      </symbol>
      <symbol id="sm-1eaf">
         <name>CPUUsageTick</name>
         <value>0x183d5</value>
         <object_component_ref idref="oc-109"/>
      </symbol>
      <symbol id="sm-1fb9">
         <name>UARTTxBytesFree</name>
         <value>0x10f63</value>
         <object_component_ref idref="oc-38"/>
      </symbol>
      <symbol id="sm-1fba">
         <name>UARTFlushRx</name>
         <value>0x10f6f</value>
         <object_component_ref idref="oc-38"/>
      </symbol>
      <symbol id="sm-1fbb">
         <name>UARTgetc</name>
         <value>0x10bf9</value>
         <object_component_ref idref="oc-38"/>
      </symbol>
      <symbol id="sm-1fbc">
         <name>UARTgets</name>
         <value>0x10799</value>
         <object_component_ref idref="oc-38"/>
      </symbol>
      <symbol id="sm-1fbd">
         <name>UARTFlushTx</name>
         <value>0x10f7d</value>
         <object_component_ref idref="oc-38"/>
      </symbol>
      <symbol id="sm-1fbe">
         <name>UARTStdioConfig</name>
         <value>0x105a3</value>
         <object_component_ref idref="oc-38"/>
      </symbol>
      <symbol id="sm-1fbf">
         <name>UARTStdioIntHandler</name>
         <value>0x10fcb</value>
         <object_component_ref idref="oc-38"/>
      </symbol>
      <symbol id="sm-1fc0">
         <name>UARTRxBytesAvail</name>
         <value>0x10f57</value>
         <object_component_ref idref="oc-38"/>
      </symbol>
      <symbol id="sm-1fc1">
         <name>UARTwrite</name>
         <value>0x106cf</value>
         <object_component_ref idref="oc-38"/>
      </symbol>
      <symbol id="sm-1fc2">
         <name>UARTEchoSet</name>
         <value>0x10fa3</value>
         <object_component_ref idref="oc-38"/>
      </symbol>
      <symbol id="sm-1fc3">
         <name>UARTprintf</name>
         <value>0x10f33</value>
         <object_component_ref idref="oc-38"/>
      </symbol>
      <symbol id="sm-1fc4">
         <name>UARTvprintf</name>
         <value>0x10c21</value>
         <object_component_ref idref="oc-38"/>
      </symbol>
      <symbol id="sm-1feb">
         <name>sprintf</name>
         <value>0x19521</value>
         <object_component_ref idref="oc-1ce"/>
      </symbol>
      <symbol id="sm-1ff5">
         <name>__aeabi_f2ulz</name>
         <value>0x193b9</value>
         <object_component_ref idref="oc-28d"/>
      </symbol>
      <symbol id="sm-2010">
         <name>memcpy</name>
         <value>0x18df9</value>
         <object_component_ref idref="oc-5e"/>
      </symbol>
      <symbol id="sm-2011">
         <name>__aeabi_memcpy</name>
         <value>0x18df9</value>
         <object_component_ref idref="oc-5e"/>
      </symbol>
      <symbol id="sm-2012">
         <name>__aeabi_memcpy8</name>
         <value>0x18df9</value>
         <object_component_ref idref="oc-5e"/>
      </symbol>
      <symbol id="sm-2013">
         <name>__aeabi_memcpy4</name>
         <value>0x18df9</value>
         <object_component_ref idref="oc-5e"/>
      </symbol>
      <symbol id="sm-2022">
         <name>__aeabi_memset</name>
         <value>0x19039</value>
         <object_component_ref idref="oc-121"/>
      </symbol>
      <symbol id="sm-2023">
         <name>memset</name>
         <value>0x1903f</value>
         <object_component_ref idref="oc-121"/>
      </symbol>
      <symbol id="sm-2024">
         <name>__aeabi_memset8</name>
         <value>0x19039</value>
         <object_component_ref idref="oc-121"/>
      </symbol>
      <symbol id="sm-2025">
         <name>__aeabi_memset4</name>
         <value>0x19039</value>
         <object_component_ref idref="oc-121"/>
      </symbol>
      <symbol id="sm-2026">
         <name>__aeabi_memclr8</name>
         <value>0x19037</value>
         <object_component_ref idref="oc-121"/>
      </symbol>
      <symbol id="sm-2027">
         <name>__aeabi_memclr4</name>
         <value>0x19037</value>
         <object_component_ref idref="oc-121"/>
      </symbol>
      <symbol id="sm-2028">
         <name>__aeabi_memclr</name>
         <value>0x19037</value>
         <object_component_ref idref="oc-121"/>
      </symbol>
      <symbol id="sm-2037">
         <name>__aeabi_uidivmod</name>
         <value>0x194e1</value>
         <object_component_ref idref="oc-d3"/>
      </symbol>
      <symbol id="sm-2038">
         <name>__aeabi_uidiv</name>
         <value>0x194e1</value>
         <object_component_ref idref="oc-d3"/>
      </symbol>
      <symbol id="sm-204a">
         <name>__TI_zero_init</name>
         <value>0x197bd</value>
         <object_component_ref idref="oc-70"/>
      </symbol>
      <symbol id="sm-2061">
         <name>__TI_decompress_none</name>
         <value>0x197af</value>
         <object_component_ref idref="oc-1b"/>
      </symbol>
      <symbol id="sm-2084">
         <name>__TI_decompress_lzss</name>
         <value>0x191f1</value>
         <object_component_ref idref="oc-15"/>
      </symbol>
      <symbol id="sm-2093">
         <name>strcmp</name>
         <value>0x19747</value>
         <object_component_ref idref="oc-463"/>
      </symbol>
      <symbol id="sm-20a1">
         <name>strcpy</name>
         <value>0x19775</value>
         <object_component_ref idref="oc-1c2"/>
      </symbol>
      <symbol id="sm-20af">
         <name>strlen</name>
         <value>0x19789</value>
         <object_component_ref idref="oc-1c8"/>
      </symbol>
      <symbol id="sm-20bf">
         <name>strncmp</name>
         <value>0x1966d</value>
         <object_component_ref idref="oc-2a5"/>
      </symbol>
      <symbol id="sm-2111">
         <name>strtof</name>
         <value>0x15f69</value>
         <object_component_ref idref="oc-2ae"/>
      </symbol>
      <symbol id="sm-2131">
         <name>strtoul</name>
         <value>0x1872d</value>
         <object_component_ref idref="oc-2b4"/>
      </symbol>
      <symbol id="sm-2144">
         <name>__stack</name>
         <value>0x200065f0</value>
         <object_component_ref idref="oc-24"/>
      </symbol>
      <symbol id="sm-2145">
         <name>_c_int00_noargs</name>
         <value>0x195dd</value>
         <object_component_ref idref="oc-7c"/>
      </symbol>
      <symbol id="sm-215b">
         <name>__aeabi_errno_addr</name>
         <value>0x197d5</value>
         <object_component_ref idref="oc-44c"/>
      </symbol>
      <symbol id="sm-215c">
         <name>errno</name>
         <value>0x200065ec</value>
         <object_component_ref idref="oc-59a"/>
      </symbol>
      <symbol id="sm-2183">
         <name>scalbnf</name>
         <value>0x18b01</value>
         <object_component_ref idref="oc-452"/>
      </symbol>
      <symbol id="sm-2184">
         <name>ldexpf</name>
         <value>0x18b01</value>
         <object_component_ref idref="oc-452"/>
      </symbol>
      <symbol id="sm-2191">
         <name>copysignf</name>
         <value>0x1972f</value>
         <object_component_ref idref="oc-59f"/>
      </symbol>
      <symbol id="sm-22f6">
         <name>__TI_printfi</name>
         <value>0x11bdd</value>
         <object_component_ref idref="oc-39f"/>
      </symbol>
      <symbol id="sm-2300">
         <name>__aeabi_idiv0</name>
         <value>0x1262b</value>
         <object_component_ref idref="oc-21c"/>
      </symbol>
      <symbol id="sm-2301">
         <name>__aeabi_ldiv0</name>
         <value>0x1262b</value>
         <object_component_ref idref="oc-21c"/>
      </symbol>
      <symbol id="sm-2318">
         <name>__aeabi_dsub</name>
         <value>0x17c11</value>
         <object_component_ref idref="oc-635"/>
      </symbol>
      <symbol id="sm-2319">
         <name>__aeabi_dadd</name>
         <value>0x17c1b</value>
         <object_component_ref idref="oc-635"/>
      </symbol>
      <symbol id="sm-233b">
         <name>__aeabi_cdcmpeq</name>
         <value>0x18f2b</value>
         <object_component_ref idref="oc-4f6"/>
      </symbol>
      <symbol id="sm-233c">
         <name>__aeabi_cdcmple</name>
         <value>0x18f2b</value>
         <object_component_ref idref="oc-4f6"/>
      </symbol>
      <symbol id="sm-233d">
         <name>__aeabi_cdrcmple</name>
         <value>0x18fb1</value>
         <object_component_ref idref="oc-620"/>
      </symbol>
      <symbol id="sm-2351">
         <name>__aeabi_ddiv</name>
         <value>0x1804d</value>
         <object_component_ref idref="oc-61b"/>
      </symbol>
      <symbol id="sm-235c">
         <name>__aeabi_dmul</name>
         <value>0x1883d</value>
         <object_component_ref idref="oc-616"/>
      </symbol>
      <symbol id="sm-2366">
         <name>__aeabi_d2iz</name>
         <value>0x19455</value>
         <object_component_ref idref="oc-625"/>
      </symbol>
      <symbol id="sm-2370">
         <name>__aeabi_i2d</name>
         <value>0x19611</value>
         <object_component_ref idref="oc-630"/>
      </symbol>
      <symbol id="sm-237d">
         <name>__aeabi_uldivmod</name>
         <value>0x18e95</value>
         <object_component_ref idref="oc-60f"/>
      </symbol>
      <symbol id="sm-23a5">
         <name>__TI_auto_init_nobinit_nopinit</name>
         <value>0x1949d</value>
         <object_component_ref idref="oc-31c"/>
      </symbol>
      <symbol id="sm-23af">
         <name>_system_pre_init</name>
         <value>0x197e3</value>
         <object_component_ref idref="oc-16f"/>
      </symbol>
      <symbol id="sm-23bb">
         <name>C$$EXIT</name>
         <value>0x197e7</value>
         <object_component_ref idref="oc-310"/>
      </symbol>
      <symbol id="sm-23bc">
         <name>abort</name>
         <value>0x197e7</value>
         <object_component_ref idref="oc-310"/>
      </symbol>
      <symbol id="sm-23cc">
         <name>__TI_ltoa</name>
         <value>0x19313</value>
         <object_component_ref idref="oc-62a"/>
      </symbol>
      <symbol id="sm-23e3">
         <name>atoi</name>
         <value>0x19409</value>
         <object_component_ref idref="oc-4ea"/>
      </symbol>
      <symbol id="sm-23ee">
         <name>_ctypes_</name>
         <value>0x19d68</value>
         <object_component_ref idref="oc-458"/>
      </symbol>
      <symbol id="sm-23fe">
         <name>memccpy</name>
         <value>0x196e1</value>
         <object_component_ref idref="oc-513"/>
      </symbol>
      <symbol id="sm-240e">
         <name>strchr</name>
         <value>0x1975f</value>
         <object_component_ref idref="oc-661"/>
      </symbol>
      <symbol id="sm-2424">
         <name>frexpl</name>
         <value>0x19259</value>
         <object_component_ref idref="oc-655"/>
      </symbol>
      <symbol id="sm-2425">
         <name>frexp</name>
         <value>0x19259</value>
         <object_component_ref idref="oc-655"/>
      </symbol>
      <symbol id="sm-2442">
         <name>scalbn</name>
         <value>0x1861d</value>
         <object_component_ref idref="oc-65b"/>
      </symbol>
      <symbol id="sm-2443">
         <name>scalbnl</name>
         <value>0x1861d</value>
         <object_component_ref idref="oc-65b"/>
      </symbol>
      <symbol id="sm-2444">
         <name>ldexpl</name>
         <value>0x1861d</value>
         <object_component_ref idref="oc-65b"/>
      </symbol>
      <symbol id="sm-2445">
         <name>ldexp</name>
         <value>0x1861d</value>
         <object_component_ref idref="oc-65b"/>
      </symbol>
      <symbol id="sm-245e">
         <name>wcslen</name>
         <value>0x1979d</value>
         <object_component_ref idref="oc-519"/>
      </symbol>
      <symbol id="sm-2468">
         <name>copysign</name>
         <value>0x196fd</value>
         <object_component_ref idref="oc-717"/>
      </symbol>
      <symbol id="sm-2469">
         <name>copysignl</name>
         <value>0x196fd</value>
         <object_component_ref idref="oc-717"/>
      </symbol>
      <symbol id="sm-246a">
         <name>__TI_static_base__</name>
         <value>0x0</value>
      </symbol>
      <symbol id="sm-246d">
         <name>__mpu_init</name>
         <value>0x0</value>
      </symbol>
      <symbol id="sm-246e">
         <name>_system_post_cinit</name>
         <value>0x0</value>
      </symbol>
   </symbol_table>
   <title>Link successful</title>
</link_info>
