******************************************************************************
                  TI ARM Linker PC v20.2.2                     
******************************************************************************
>> Linked Fri Apr 23 10:28:57 2021

OUTPUT FILE NAME:   <base-practica-TIVA-2021-ADC.out>
ENTRY POINT SYMBOL: "_c_int00_noargs"  address: 00019561


MEMORY CONFIGURATION

         name            origin    length      used     unused   attr    fill
----------------------  --------  ---------  --------  --------  ----  --------
  FLASH                 00000000   00040000  0001a702  000258fe  R  X
  SRAM                  20000000   00008000  000067ed  00001813  RW X


SEGMENT ALLOCATION MAP

run origin  load origin   length   init length attrs members
----------  ----------- ---------- ----------- ----- -------
00000000    00000000    0001a708   0001a708    r-x
  00000000    00000000    0000026c   0000026c    r-- .intvecs
  0000026c    0000026c    00019502   00019502    r-x .text
  00019770    00019770    00000e04   00000e04    r-- .const
  0001a578    0001a578    00000190   00000190    r-- .cinit
20000000    20000000    000067f0   00000000    rw-
  20000000    20000000    0000026c   00000000    rw- .vtable
  2000026c    2000026c    000060b5   00000000    rw- .bss
  20006324    20006324    000002cc   00000000    rw- .data
  200065f0    200065f0    00000200   00000000    rw- .stack


SECTION ALLOCATION MAP

 output                                  attributes/
section   page    origin      length       input sections
--------  ----  ----------  ----------   ----------------
.intvecs   0    00000000    0000026c     
                  00000000    0000026c     startup_ccs.obj (.intvecs)

.text      0    0000026c    00019502     
                  0000026c    00003084     usbhostenum.obj (.text)
                  000032f0    0000238c     usb.obj (.text)
                  0000567c    0000211c     tasks.obj (.text)
                  00007798    00001688     sysctl.obj (.text)
                  00008e20    00001570     usbdenum.obj (.text)
                  0000a390    00001288     gpio.obj (.text)
                  0000b618    00001234     queue.obj (.text)
                  0000c84c    00001040     adc.obj (.text)
                  0000d88c    00000fdc     usbdcdc.obj (.text)
                  0000e868    00000fa8     usbdma.obj (.text)
                  0000f810    00000d20     timer.obj (.text)
                  00010530    00000b8c     uartstdio.obj (.text)
                  000110bc    00000b08     uart.obj (.text)
                  00011bc4    00000a4e     rtsv7M4_T_le_v4SPD16_eabi.lib : _printfi.c.obj (.text:__TI_printfi)
                  00012612    00000002                                   : div0.asm.obj (.text)
                  00012614    00000924     usbhhub.obj (.text)
                  00012f38    00000820     timers.obj (.text)
                  00013758    00000768     commands.obj (.text)
                  00013ec0    00000598     usbbuffer.obj (.text)
                  00014458    00000570     usbmode.obj (.text)
                  000149c8    00000490     interrupt.obj (.text)
                  00014e58    0000048c     usbringbuf.obj (.text)
                  000152e4    00000464     heap_4.obj (.text)
                  00015748    0000042c     rgb.obj (.text)
                  00015b74    000003c8     rtsv7M4_T_le_v4SPD16_eabi.lib : strtof.c.obj (.text:strtof)
                  00015f3c    000003c0     usb_dev_serial.obj (.text)
                  000162fc    000003bc     usbdconfig.obj (.text)
                  000166b8    00000378     main.obj (.text)
                  00016a30    000002f2     serialprotocol.obj (.text)
                  00016d22    000002de     usbdcdesc.obj (.text)
                  00017000    000002d0     port.obj (.text)
                  000172d0    000002b0     remotelink.obj (.text)
                  00017580    00000270     rtsv7M4_T_le_v4SPD16_eabi.lib : _printfi.c.obj (.text:_pconv_a)
                  000177f0    000001d2     usbdesc.obj (.text)
                  000179c2    00000002     --HOLE-- [fill = 0]
                  000179c4    000001d0     rtsv7M4_T_le_v4SPD16_eabi.lib : _printfi.c.obj (.text:_pconv_g)
                  00017b94    000001b6                                   : fd_add_t2.asm.obj (.text)
                  00017d4a    00000002     --HOLE-- [fill = 0]
                  00017d4c    00000148     configADC.obj (.text)
                  00017e94    0000013c     rtsv7M4_T_le_v4SPD16_eabi.lib : _printfi.c.obj (.text:_pconv_e)
                  00017fd0    00000136                                   : fd_div_t2.asm.obj (.text)
                  00018106    0000012a     list.obj (.text)
                  00018230    00000128     buttons.obj (.text)
                  00018358    00000124     cpu_usage.obj (.text)
                  0001847c    00000124     rtsv7M4_T_le_v4SPD16_eabi.lib : _printfi.c.obj (.text:fcvt)
                  000185a0    00000110                                   : s_scalbn.c.obj (.text:scalbn)
                  000186b0    00000110                                   : strtoul.c.obj (.text:strtoul)
                  000187c0    000000fc                                   : fd_mul_t2.asm.obj (.text)
                  000188bc    000000ec     usbtick.obj (.text)
                  000189a8    000000da     portasm.obj (.text)
                  00018a82    00000002     --HOLE-- [fill = 0]
                  00018a84    000000d0     rtsv7M4_T_le_v4SPD16_eabi.lib : s_scalbnf.c.obj (.text:scalbnf)
                  00018b54    000000c8     usbulpi.obj (.text)
                  00018c1c    000000b1     rtsv7M4_T_le_v4SPD16_eabi.lib : _printfi.c.obj (.text:_ltostr)
                  00018ccd    00000003     --HOLE-- [fill = 0]
                  00018cd0    000000ac     cmdline.obj (.text)
                  00018d7c    0000009c     rtsv7M4_T_le_v4SPD16_eabi.lib : memcpy_t2.asm.obj (.text)
                  00018e18    00000096                                   : ull_div_t2.asm.obj (.text)
                  00018eae    00000086                                   : fd_cmp_t2.asm.obj (.text:__aeabi_cdcmple)
                  00018f34    00000086                                   : fd_cmp_t2.asm.obj (.text:__aeabi_cdrcmple)
                  00018fba    0000007a                                   : memset_t2.asm.obj (.text)
                  00019034    0000006e                                   : _printfi.c.obj (.text:_mcpy)
                  000190a2    00000002     --HOLE-- [fill = 0]
                  000190a4    00000068     crc.obj (.text)
                  0001910c    00000068     RunTimeStatsConfig.obj (.text)
                  00019174    00000068     rtsv7M4_T_le_v4SPD16_eabi.lib : copy_decompress_lzss.c.obj (.text:decompress:lzss:__TI_decompress_lzss)
                  000191dc    00000064                                   : s_frexp.c.obj (.text:frexp)
                  00019240    00000056                                   : _printfi.c.obj (.text:_pconv_f)
                  00019296    00000054                                   : _ltoa.c.obj (.text:__TI_ltoa)
                  000192ea    00000052                                   : _printfi.c.obj (.text:_ecpy)
                  0001933c    00000050                                   : fs_toull_t2.asm.obj (.text)
                  0001938c    0000004c                                   : atoi.c.obj (.text:atoi)
                  000193d8    00000048                                   : fd_toi_t2.asm.obj (.text)
                  00019420    00000044                                   : autoinit.c.obj (.text:__TI_auto_init_nobinit_nopinit:__TI_auto_init_nobinit_nopinit)
                  00019464    00000040                                   : u_divt2.asm.obj (.text)
                  000194a4    00000040                                   : sprintf.c.obj (.text:sprintf)
                  000194e4    0000003e                                   : _printfi.c.obj (.text:_fcpy)
                  00019522    0000003e     cpu.obj (.text)
                  00019560    00000034     rtsv7M4_T_le_v4SPD16_eabi.lib : boot_cortex_m.c.obj (.text:_c_int00_noargs:_c_int00_noargs)
                  00019594    0000002e                                   : i_tofd_t2.asm.obj (.text)
                  000195c2    00000002     --HOLE-- [fill = 0]
                  000195c4    0000002c     startup_ccs.obj (.text)
                  000195f0    0000002c     rtsv7M4_T_le_v4SPD16_eabi.lib : strncmp.c.obj (.text:strncmp)
                  0001961c    00000024     RunTimeStatsConfig.obj (.text:GetOverflowCounts)
                  00019640    00000024     usbdhandler.obj (.text)
                  00019664    0000001c     rtsv7M4_T_le_v4SPD16_eabi.lib : memccpy.c.obj (.text:memccpy)
                  00019680    0000001a                                   : s_copysign.c.obj (.text:copysign)
                  0001969a    00000018                                   : sprintf.c.obj (.text:_outs)
                  000196b2    00000018                                   : s_copysignf.c.obj (.text:copysignf)
                  000196ca    00000018                                   : strcmp.c.obj (.text:strcmp)
                  000196e2    00000016                                   : strchr.c.obj (.text:strchr)
                  000196f8    00000014                                   : strcpy.c.obj (.text:strcpy)
                  0001970c    00000014                                   : strlen.c.obj (.text:strlen)
                  00019720    00000012                                   : wcslen.c.obj (.text:wcslen)
                  00019732    0000000e                                   : copy_decompress_none.c.obj (.text:decompress:none:__TI_decompress_none)
                  00019740    0000000c                                   : copy_zero_init.c.obj (.text:decompress:ZI:__TI_zero_init)
                  0001974c    0000000a                                   : sprintf.c.obj (.text:_outc)
                  00019756    00000002     --HOLE-- [fill = 0]
                  00019758    00000008                                   : errno.c.obj (.text:__aeabi_errno_addr)
                  00019760    00000006     sysctl.obj (.text:SysCtlDelay)
                  00019766    00000004     rtsv7M4_T_le_v4SPD16_eabi.lib : pre_init.c.obj (.text:_system_pre_init)
                  0001976a    00000004                                   : exit.c.obj (.text:abort:abort)

.const     0    00019770    00000e04     
                  00019770    00000200     crc.obj (.const:crctttab)
                  00019970    000001ca     commands.obj (.const:.string)
                  00019b3a    00000002     --HOLE-- [fill = 0]
                  00019b3c    000001b0     sysctl.obj (.const:g_pppui32XTALtoVCO)
                  00019cec    00000101     rtsv7M4_T_le_v4SPD16_eabi.lib : ctype.c.obj (.const:.string:_ctypes_)
                  00019ded    00000003     --HOLE-- [fill = 0]
                  00019df0    000000d8     gpio.obj (.const:g_ppui32GPIOIntMapSnowflake)
                  00019ec8    000000c0     gpio.obj (.const:g_ppui32GPIOIntMapBlizzard)
                  00019f88    0000009c     interrupt.obj (.const:g_pui32Regs)
                  0001a024    00000090     gpio.obj (.const:g_pui32GPIOBaseAddrs)
                  0001a0b4    0000006c     sysctl.obj (.const:g_pui32Xtals)
                  0001a120    00000060     timer.obj (.const:g_ppui32TimerIntMap)
                  0001a180    00000058     rtsv7M4_T_le_v4SPD16_eabi.lib : strtof.c.obj (.const:$O1$$)
                  0001a1d8    00000040     timer.obj (.const:g_ppui32TimerIntMapSnowflake)
                  0001a218    00000040     uart.obj (.const:g_ppui32UARTIntMap)
                  0001a258    00000040     uart.obj (.const:g_ppui32UARTIntMapSnowflake)
                  0001a298    00000036     usb_serial_structs.obj (.const:.string:g_pui8ConfigString)
                  0001a2ce    00000002     --HOLE-- [fill = 0]
                  0001a2d0    00000034     usbdenum.obj (.const:g_psUSBDStdRequests)
                  0001a304    00000030     usbdcdc.obj (.const:g_sCDCHandlers)
                  0001a334    00000030     sysctl.obj (.const:g_sXTALtoMEMTIM)
                  0001a364    0000002c     usb_serial_structs.obj (.const:.string:g_pui8ControlInterfaceString)
                  0001a390    00000024     usb_serial_structs.obj (.const:.string:g_pui8ManufacturerString)
                  0001a3b4    00000023     usbdcdc.obj (.const:.string:g_pui8CDCSerCommInterface)
                  0001a3d7    00000022     usb_serial_structs.obj (.const:.string:g_pui8ProductString)
                  0001a3f9    00000003     --HOLE-- [fill = 0]
                  0001a3fc    00000020     interrupt.obj (.const:g_pui32Priority)
                  0001a41c    00000018     usb_serial_structs.obj (.const:g_ppui8StringDescriptors)
                  0001a434    00000017     usbdcdc.obj (.const:.string:g_pui8CDCSerDataInterface)
                  0001a44b    00000017     usbdcdc.obj (.const:.string:g_pui8CDCSerDataInterfaceHS)
                  0001a462    00000002     --HOLE-- [fill = 0]
                  0001a464    00000014     interrupt.obj (.const:g_pui32Dii16Regs)
                  0001a478    00000014     interrupt.obj (.const:g_pui32EnRegs)
                  0001a48c    00000014     interrupt.obj (.const:g_pui32PendRegs)
                  0001a4a0    00000014     interrupt.obj (.const:g_pui32UnpendRegs)
                  0001a4b4    00000012     usb_serial_structs.obj (.const:.string:g_pui8SerialNumberString)
                  0001a4c6    00000002     --HOLE-- [fill = 0]
                  0001a4c8    00000012     uartstdio.obj (.const:.string)
                  0001a4da    00000002     --HOLE-- [fill = 0]
                  0001a4dc    0000000c     uartstdio.obj (.const:g_ui32UARTBase)
                  0001a4e8    0000000c     uartstdio.obj (.const:g_ui32UARTInt)
                  0001a4f4    0000000c     uartstdio.obj (.const:g_ui32UARTPeriph)
                  0001a500    00000008     sysctl.obj (.const:g_pui32VCOFrequencies)
                  0001a508    00000008     usbdcdc.obj (.const:g_sCDCCompSerConfigHeader)
                  0001a510    00000008     usbdcdc.obj (.const:g_sCDCCompSerConfigHeaderHS)
                  0001a518    00000008     usbdcdc.obj (.const:g_sCDCSerCommInterfaceSection)
                  0001a520    00000008     usbdcdc.obj (.const:g_sCDCSerConfigHeader)
                  0001a528    00000008     usbdcdc.obj (.const:g_sCDCSerConfigHeaderHS)
                  0001a530    00000008     usbdcdc.obj (.const:g_sCDCSerConfigSection)
                  0001a538    00000008     usbdcdc.obj (.const:g_sCDCSerDataInterfaceSection)
                  0001a540    00000008     usbdcdc.obj (.const:g_sCDCSerDataInterfaceSectionHS)
                  0001a548    00000008     usbdcdc.obj (.const:g_sIADSerConfigSection)
                  0001a550    00000008     port.obj (.const)
                  0001a558    00000004     usb_serial_structs.obj (.const:.string:g_pui8LangDescriptor)
                  0001a55c    00000004     usbdcdc.obj (.const:g_pCDCCompSerConfigDescriptors)
                  0001a560    00000004     usbdcdc.obj (.const:g_pCDCCompSerConfigDescriptorsHS)
                  0001a564    00000004     usbdcdc.obj (.const:g_ppCDCSerConfigDescriptors)
                  0001a568    00000004     usbdcdc.obj (.const:g_ppCDCSerConfigDescriptorsHS)
                  0001a56c    00000004     tasks.obj (.const)
                  0001a570    00000004     uartstdio.obj (.const)

.cinit     0    0001a578    00000190     
                  0001a578    00000159     (.cinit..data.load) [load image, compression = lzss]
                  0001a6d1    00000003     --HOLE-- [fill = 0]
                  0001a6d4    0000000c     (__TI_handler_table)
                  0001a6e0    00000008     (.cinit..bss.load) [load image, compression = zero_init]
                  0001a6e8    00000008     (.cinit..vtable.load) [load image, compression = zero_init]
                  0001a6f0    00000018     (__TI_cinit_table)

.init_array 
*          0    00000000    00000000     UNINITIALIZED

.vtable    0    20000000    0000026c     UNINITIALIZED
                  20000000    0000026c     interrupt.obj (.vtable)

.bss       0    2000026c    000060b5     UNINITIALIZED
                  2000026c    00005000     heap_4.obj (.bss:ucHeap)
                  2000526c    000006cc     usbhostenum.obj (.bss:g_sUSBHCD)
                  20005938    00000200     uartstdio.obj (.bss:g_pcUARTRxHistoryBuffer)
                  20005b38    00000140     tasks.obj (.bss:pxReadyTasksLists)
                  20005c78    00000110     usbdma.obj (.bss:g_psUSBDMAInst)
                  20005d88    00000100     (.common:g_pui8USBRxBuffer)
                  20005e88    00000100     (.common:g_pui8USBTxBuffer)
                  20005f88    0000009c     usbhhub.obj (.bss:g_sRootHub)
                  20006024    00000050     (.common:g_psDCDInst)
                  20006074    00000040     remotelink.obj (.bss:Rxframe)
                  200060b4    00000040     remotelink.obj (.bss:Txframe)
                  200060f4    00000040     usbdenum.obj (.bss:g_pui8DataBufferIn)
                  20006134    00000028     (.common:xQueueRegistry)
                  2000615c    00000024     cmdline.obj (.bss:g_ppcArgv)
                  20006180    00000020     uartstdio.obj (.bss:g_usUARTRxHistoryOffset)
                  200061a0    00000018     usbhostenum.obj (.bss:g_pi32USBHActiveDriver)
                  200061b8    00000018     usbhostenum.obj (.bss:g_ppvDriverInstance)
                  200061d0    00000018     (.common:g_pfnTickHandlers)
                  200061e8    00000018     (.common:g_pvTickInstance)
                  20006200    00000014     uartstdio.obj (.bss)
                  20006214    00000014     timers.obj (.bss:xActiveTimerList1)
                  20006228    00000014     timers.obj (.bss:xActiveTimerList2)
                  2000623c    00000014     tasks.obj (.bss:xDelayedTaskList1)
                  20006250    00000014     tasks.obj (.bss:xDelayedTaskList2)
                  20006264    00000014     tasks.obj (.bss:xPendingReadyList)
                  20006278    00000014     tasks.obj (.bss:xSuspendedTaskList)
                  2000628c    00000014     tasks.obj (.bss:xTasksWaitingTermination)
                  200062a0    0000000c     cpu_usage.obj (.bss)
                  200062ac    0000000c     rgb.obj (.bss:g_ui32Colors)
                  200062b8    00000008     usbhostenum.obj (.bss:g_pui32Alloc)
                  200062c0    00000008     adc.obj (.bss:g_pui8OversampleFactor)
                  200062c8    00000008     tasks.obj (.bss)
                  200062d0    00000008     timers.obj (.bss)
                  200062d8    00000008     usb_dev_serial.obj (.bss)
                  200062e0    00000008     usbhhub.obj (.bss)
                  200062e8    00000008     heap_4.obj (.bss:xStart)
                  200062f0    00000004     configADC.obj (.bss)
                  200062f4    00000004     remotelink.obj (.bss)
                  200062f8    00000004     rgb.obj (.bss)
                  200062fc    00000004     usbdenum.obj (.bss)
                  20006300    00000004     usbhostenum.obj (.bss)
                  20006304    00000004     usbmode.obj (.bss)
                  20006308    00000004     (.common:botones)
                  2000630c    00000004     (.common:g_ppsDevInfo)
                  20006310    00000004     (.common:g_ui32CPUUsage)
                  20006314    00000004     (.common:g_ui32PollRate)
                  20006318    00000004     (.common:g_ulSystemClock)
                  2000631c    00000004     (.common:set_ctl)
                  20006320    00000001     (.common:g_eOTGModeState)

.data      0    20006324    000002cc     UNINITIALIZED
                  20006324    00000084     commands.obj (.data:g_psCmdTable)
                  200063a8    00000060     usb_serial_structs.obj (.data:g_sCDCDevice)
                  20006408    0000003c     tasks.obj (.data)
                  20006444    00000038     usb_serial_structs.obj (.data:g_sRxBuffer)
                  2000647c    00000038     usb_serial_structs.obj (.data:g_sTxBuffer)
                  200064b4    00000018     cpu_usage.obj (.data:g_pui32CPUUsageTimerBase)
                  200064cc    00000018     cpu_usage.obj (.data:g_pui32CPUUsageTimerPeriph)
                  200064e4    00000018     usbhostenum.obj (.data:g_sUSBHEP0State)
                  200064fc    00000018     heap_4.obj (.data)
                  20006514    00000014     usbhostenum.obj (.data)
                  20006528    00000012     usbdcdc.obj (.data:g_pui8CDCSerDeviceDescriptor)
                  2000653a    00000002     main.obj (.data)
                  2000653c    00000010     usbdcdc.obj (.data:g_psCDCCompSerSections)
                  2000654c    00000010     usbdcdc.obj (.data:g_psCDCCompSerSectionsHS)
                  2000655c    0000000d     usb_dev_serial.obj (.data)
                  20006569    00000003     buttons.obj (.data)
                  2000656c    0000000c     usbdcdc.obj (.data:g_psCDCSerSections)
                  20006578    0000000c     usbdcdc.obj (.data:g_psCDCSerSectionsHS)
                  20006584    0000000c     port.obj (.data)
                  20006590    0000000c     timers.obj (.data)
                  2000659c    0000000c     uartstdio.obj (.data)
                  200065a8    0000000c     usbtick.obj (.data)
                  200065b4    00000009     usbdcdc.obj (.data:g_pui8CDCSerDescriptor)
                  200065bd    00000001     --HOLE--
                  200065be    00000002     usbdcdc.obj (.data)
                  200065c0    00000009     usbmode.obj (.data)
                  200065c9    00000008     usbdcdc.obj (.data:g_pui8IADSerDescriptor)
                  200065d1    00000003     --HOLE--
                  200065d4    00000008     usbdenum.obj (.data)
                  200065dc    00000007     usb_dev_serial.obj (.data:ConfigLinea)
                  200065e3    00000001     --HOLE--
                  200065e4    00000004     remotelink.obj (.data)
                  200065e8    00000004     rgb.obj (.data)
                  200065ec    00000004     rtsv7M4_T_le_v4SPD16_eabi.lib : errno.c.obj (.data)

.stack     0    200065f0    00000200     UNINITIALIZED
                  200065f0    00000004     rtsv7M4_T_le_v4SPD16_eabi.lib : boot_cortex_m.c.obj (.stack)
                  200065f4    000001fc     --HOLE--

__llvm_prf_cnts 
*          0    20000000    00000000     UNINITIALIZED

MODULE SUMMARY

       Module                       code     ro data   rw data
       ------                       ----     -------   -------
    .\
       commands.obj                 1896     458       132    
       main.obj                     888      0         18     
       startup_ccs.obj              44       620       0      
    +--+----------------------------+--------+---------+---------+
       Total:                       2828     1078      150    
                                                              
    .\FreeRTOS\Source\
       tasks.obj                    8476     4         488    
       queue.obj                    4660     0         40     
       timers.obj                   2080     0         60     
       list.obj                     298      0         0      
    +--+----------------------------+--------+---------+---------+
       Total:                       15514    4         588    
                                                              
    .\FreeRTOS\Source\portable\CCS\ARM_CM4F\
       port.obj                     720      8         12     
       portasm.obj                  218      0         0      
    +--+----------------------------+--------+---------+---------+
       Total:                       938      8         12     
                                                              
    .\FreeRTOS\Source\portable\MemMang\
       heap_4.obj                   1124     0         20512  
    +--+----------------------------+--------+---------+---------+
       Total:                       1124     0         20512  
                                                              
    .\driverlib\
       usb.obj                      9100     0         0      
       sysctl.obj                   5774     596       0      
       gpio.obj                     4744     552       0      
       adc.obj                      4160     0         8      
       timer.obj                    3360     160       0      
       uart.obj                     2824     128       0      
       interrupt.obj                1168     268       620    
       cpu.obj                      62       0         0      
    +--+----------------------------+--------+---------+---------+
       Total:                       31192    1704      628    
                                                              
    .\drivers\
       rgb.obj                      1068     0         20     
       configADC.obj                328      0         4      
       buttons.obj                  296      0         3      
    +--+----------------------------+--------+---------+---------+
       Total:                       1692     0         27     
                                                              
    .\remotelink\
       usb_dev_serial.obj           960      0         28     
       usb_serial_structs.obj       0        214       720    
       remotelink.obj               688      0         136    
       serialprotocol.obj           754      0         0      
       crc.obj                      104      512       0      
    +--+----------------------------+--------+---------+---------+
       Total:                       2506     726       884    
                                                              
    .\usblib\
       usbdma.obj                   4008     0         272    
       usbbuffer.obj                1432     0         0      
       usbmode.obj                  1392     0         18     
       usbringbuf.obj               1164     0         0      
       usbdesc.obj                  466      0         0      
       usbtick.obj                  236      0         60     
       usbulpi.obj                  200      0         0      
    +--+----------------------------+--------+---------+---------+
       Total:                       8898     0         350    
                                                              
    .\usblib\device\
       usbdenum.obj                 5488     52        160    
       usbdcdc.obj                  4060     217       93     
       usbdconfig.obj               956      0         0      
       usbdcdesc.obj                734      0         0      
       usbdhandler.obj              36       0         0      
    +--+----------------------------+--------+---------+---------+
       Total:                       11274    269       253    
                                                              
    .\usblib\host\
       usbhostenum.obj              12420    0         1844   
       usbhhub.obj                  2340     0         164    
    +--+----------------------------+--------+---------+---------+
       Total:                       14760    0         2008   
                                                              
    .\utils\
       uartstdio.obj                2956     58        576    
       cpu_usage.obj                292      0         60     
       cmdline.obj                  172      0         36     
       RunTimeStatsConfig.obj       140      0         0      
    +--+----------------------------+--------+---------+---------+
       Total:                       3560     58        672    
                                                              
    C:\ti\ccs1020\ccs\tools\compiler\ti-cgt-arm_20.2.2.LTS\lib\rtsv7M4_T_le_v4SPD16_eabi.lib
       _printfi.c.obj               4851     0         0      
       strtof.c.obj                 968      88        0      
       fd_add_t2.asm.obj            438      0         0      
       fd_div_t2.asm.obj            310      0         0      
       s_scalbn.c.obj               272      0         0      
       strtoul.c.obj                272      0         0      
       fd_cmp_t2.asm.obj            268      0         0      
       ctype.c.obj                  0        257       0      
       fd_mul_t2.asm.obj            252      0         0      
       s_scalbnf.c.obj              208      0         0      
       memcpy_t2.asm.obj            156      0         0      
       ull_div_t2.asm.obj           150      0         0      
       memset_t2.asm.obj            122      0         0      
       copy_decompress_lzss.c.obj   104      0         0      
       s_frexp.c.obj                100      0         0      
       sprintf.c.obj                98       0         0      
       _ltoa.c.obj                  84       0         0      
       fs_toull_t2.asm.obj          80       0         0      
       atoi.c.obj                   76       0         0      
       fd_toi_t2.asm.obj            72       0         0      
       autoinit.c.obj               68       0         0      
       u_divt2.asm.obj              64       0         0      
       boot_cortex_m.c.obj          52       0         0      
       i_tofd_t2.asm.obj            46       0         0      
       strncmp.c.obj                44       0         0      
       memccpy.c.obj                28       0         0      
       s_copysign.c.obj             26       0         0      
       s_copysignf.c.obj            24       0         0      
       strcmp.c.obj                 24       0         0      
       strchr.c.obj                 22       0         0      
       strcpy.c.obj                 20       0         0      
       strlen.c.obj                 20       0         0      
       wcslen.c.obj                 18       0         0      
       copy_decompress_none.c.obj   14       0         0      
       copy_zero_init.c.obj         12       0         0      
       errno.c.obj                  8        0         4      
       exit.c.obj                   4        0         0      
       pre_init.c.obj               4        0         0      
       div0.asm.obj                 2        0         0      
    +--+----------------------------+--------+---------+---------+
       Total:                       9381     345       4      
                                                              
       Stack:                       0        0         512    
       Linker Generated:            0        397       0      
    +--+----------------------------+--------+---------+---------+
       Grand Total:                 103667   4589      26600  


LINKER GENERATED COPY TABLES

__TI_cinit_table @ 0001a6f0 records: 3, size/record: 8, table size: 24
	.data: load addr=0001a578, load size=00000159 bytes, run addr=20006324, run size=000002cc bytes, compression=lzss
	.bss: load addr=0001a6e0, load size=00000008 bytes, run addr=2000026c, run size=000060b5 bytes, compression=zero_init
	.vtable: load addr=0001a6e8, load size=00000008 bytes, run addr=20000000, run size=0000026c bytes, compression=zero_init


LINKER GENERATED HANDLER TABLE

__TI_handler_table @ 0001a6d4 records: 3, size/record: 4, table size: 12
	index: 0, handler: __TI_zero_init
	index: 1, handler: __TI_decompress_lzss
	index: 2, handler: __TI_decompress_none


GLOBAL SYMBOLS: SORTED ALPHABETICALLY BY Name 

address   name                                 
-------   ----                                 
0000d79b  ADCBusy                              
0000d831  ADCClockConfigGet                    
0000d7d5  ADCClockConfigSet                    
0000d323  ADCComparatorConfigure               
0000d505  ADCComparatorIntClear                
0000d459  ADCComparatorIntDisable              
0000d49d  ADCComparatorIntEnable               
0000d4e1  ADCComparatorIntStatus               
0000d369  ADCComparatorRegionSet               
0000d3e1  ADCComparatorReset                   
0000d2a9  ADCHardwareOversampleConfigure       
0000ca5f  ADCIntClear                          
0000d5d5  ADCIntClearEx                        
0000c951  ADCIntDisable                        
0000d531  ADCIntDisableEx                      
0000c98f  ADCIntEnable                         
0000d55f  ADCIntEnableEx                       
0000c8a7  ADCIntRegister                       
0000c9db  ADCIntStatus                         
0000d58d  ADCIntStatusEx                       
0000c901  ADCIntUnregister                     
0000d6f3  ADCPhaseDelayGet                     
0000d659  ADCPhaseDelaySet                     
0000cf59  ADCProcessorTrigger                  
0000d631  ADCReferenceGet                      
0000d5e7  ADCReferenceSet                      
0000cb35  ADCSequenceConfigure                 
0000d759  ADCSequenceDMADisable                
0000d717  ADCSequenceDMAEnable                 
0000cee7  ADCSequenceDataGet                   
0000caed  ADCSequenceDisable                   
0000ca9b  ADCSequenceEnable                    
0000cded  ADCSequenceOverflow                  
0000ce31  ADCSequenceOverflowClear             
0000cc99  ADCSequenceStepConfigure             
0000ce6d  ADCSequenceUnderflow                 
0000ceab  ADCSequenceUnderflowClear            
0000cfa7  ADCSoftwareOversampleConfigure       
0000d1a1  ADCSoftwareOversampleDataGet         
0000d04b  ADCSoftwareOversampleStepConfigure   
000166f7  ButtonsISR                           
000182d7  ButtonsInit                          
00018231  ButtonsPoll                          
0001976b  C$$EXIT                              
00018397  CPUUsageInit                         
00018359  CPUUsageTick                         
00019557  CPUbasepriGet                        
00019549  CPUbasepriSet                        
00019523  CPUcpsid                             
00019539  CPUcpsie                             
0001952f  CPUprimask                           
00019545  CPUwfi                               
00018cd1  CmdLineProcess                       
0000026d  ConfigDescAlloc                      
00000303  ConfigDescFree                       
0000b5a7  GPIOADCTriggerDisable                
0000b57b  GPIOADCTriggerEnable                 
0000b54f  GPIODMATriggerDisable                
0000b523  GPIODMATriggerEnable                 
0000a56d  GPIODirModeGet                       
0000a4e9  GPIODirModeSet                       
0000ad3d  GPIOIntClear                         
0000ace5  GPIOIntDisable                       
0000acbd  GPIOIntEnable                        
0000ad5f  GPIOIntRegister                      
0000addd  GPIOIntRegisterPin                   
0000ad0d  GPIOIntStatus                        
0000a791  GPIOIntTypeGet                       
0000a641  GPIOIntTypeSet                       
0000ad9d  GPIOIntUnregister                    
0000ae55  GPIOIntUnregisterPin                 
0000ab29  GPIOPadConfigGet                     
0000a835  GPIOPadConfigSet                     
0000b49d  GPIOPinConfigure                     
0000aea7  GPIOPinRead                          
0000aefb  GPIOPinTypeADC                       
0000af31  GPIOPinTypeCAN                       
0000af67  GPIOPinTypeComparator                
0000af9d  GPIOPinTypeComparatorOutput          
0000afd3  GPIOPinTypeDIVSCLK                   
0000b009  GPIOPinTypeEPI                       
0000b03f  GPIOPinTypeEthernetLED               
0000b075  GPIOPinTypeEthernetMII               
0000b0b9  GPIOPinTypeGPIOInput                 
0000b0ef  GPIOPinTypeGPIOOutput                
0000b125  GPIOPinTypeGPIOOutputOD              
0000b15b  GPIOPinTypeHibernateRTCCLK           
0000b191  GPIOPinTypeI2C                       
0000b1c7  GPIOPinTypeI2CSCL                    
0000b1fd  GPIOPinTypeLCD                       
0000b233  GPIOPinTypeOneWire                   
0000b269  GPIOPinTypePWM                       
0000b29f  GPIOPinTypeQEI                       
0000b2d5  GPIOPinTypeSSI                       
0000b30b  GPIOPinTypeTimer                     
0000b341  GPIOPinTypeTrace                     
0000b377  GPIOPinTypeUART                      
0000b3b1  GPIOPinTypeUSBAnalog                 
0000b3e7  GPIOPinTypeUSBDigital                
0000b41d  GPIOPinTypeWakeHigh                  
0000b455  GPIOPinTypeWakeLow                   
0000b48d  GPIOPinWakeStatus                    
0000aecd  GPIOPinWrite                         
0000b5d3  GPIOUnlockPin                        
0001961d  GetOverflowCounts                    
00014bf5  IntDisable                           
00014b77  IntEnable                            
00014c7d  IntIsEnabled                         
000149db  IntMasterDisable                     
000149cb  IntMasterEnable                      
00014da1  IntPendClear                         
00014d31  IntPendSet                           
00014b41  IntPriorityGet                       
00014aa7  IntPriorityGroupingGet               
00014a81  IntPriorityGroupingSet               
00014e07  IntPriorityMaskGet                   
00014dfb  IntPriorityMaskSet                   
00014adf  IntPrioritySet                       
000149eb  IntRegister                          
00014e0f  IntTrigger                           
00014a61  IntUnregister                        
000025c1  InternalUSBHCDSendEvent              
00018903  InternalUSBRegisterTickHandler       
00018953  InternalUSBStartOfFrameTick          
000188bd  InternalUSBTickInit                  
000188fb  InternalUSBTickReset                 
000148b5  OTGDeviceDisconnect                  
0000dad5  ProcessDataFromHost                  
0000dbe5  ProcessDataToHost                    
0000db83  ProcessNotificationToHost            
00015749  RGBBlinkIntHandler                   
00015a5d  RGBBlinkRateSet                      
00015ae9  RGBColorGet                          
0001599f  RGBColorSet                          
00015929  RGBDisable                           
00015871  RGBEnable                            
00015777  RGBInit                              
00015a49  RGBIntensitySet                      
00015987  RGBSet                               
000195c5  ResetISR                             
00008dab  SysCtlAltClkConfig                   
00008371  SysCtlClockFreqSet                   
00008851  SysCtlClockGet                       
00008d73  SysCtlClockOutConfig                 
00008679  SysCtlClockSet                       
00008259  SysCtlDeepSleep                      
00008a29  SysCtlDeepSleepClockConfigSet        
00008a0d  SysCtlDeepSleepClockSet              
00008239  SysCtlDeepSleepPowerSet              
00019761  SysCtlDelay                          
00007b5d  SysCtlFlashSectorSizeGet             
00007b31  SysCtlFlashSizeGet                   
00008bfd  SysCtlGPIOAHBDisable                 
00008b79  SysCtlGPIOAHBEnable                  
0000814d  SysCtlIntClear                       
00008135  SysCtlIntDisable                     
00008121  SysCtlIntEnable                      
000080fd  SysCtlIntRegister                    
0000815d  SysCtlIntStatus                      
00008111  SysCtlIntUnregister                  
0000821f  SysCtlLDODeepSleepGet                
000081d1  SysCtlLDODeepSleepSet                
000081c7  SysCtlLDOSleepGet                    
00008179  SysCtlLDOSleepSet                    
00008295  SysCtlMOSCConfigSet                  
00008d5f  SysCtlNMIClear                       
00008d59  SysCtlNMIStatus                      
000082a5  SysCtlPIOSCCalibrate                 
00008b45  SysCtlPWMClockGet                    
00008ad5  SysCtlPWMClockSet                    
000080a9  SysCtlPeripheralClockGating          
0000805b  SysCtlPeripheralDeepSleepDisable     
0000800d  SysCtlPeripheralDeepSleepEnable      
00007f19  SysCtlPeripheralDisable              
00007ead  SysCtlPeripheralEnable               
00007d61  SysCtlPeripheralPowerOff             
00007cdd  SysCtlPeripheralPowerOn              
00007bc9  SysCtlPeripheralPresent              
00007c55  SysCtlPeripheralReady                
00007e0d  SysCtlPeripheralReset                
00007fb9  SysCtlPeripheralSleepDisable         
00007f67  SysCtlPeripheralSleepEnable          
00008249  SysCtlReset                          
00008305  SysCtlResetBehaviorGet               
000082f5  SysCtlResetBehaviorSet               
00008281  SysCtlResetCauseClear                
00008275  SysCtlResetCauseGet                  
00007b27  SysCtlSRAMSizeGet                    
00008251  SysCtlSleep                          
00008229  SysCtlSleepPowerSet                  
00008c73  SysCtlUSBPLLDisable                  
00008c67  SysCtlUSBPLLEnable                   
00008cad  SysCtlVCOGet                         
00008c95  SysCtlVoltageEventClear              
00008c7f  SysCtlVoltageEventConfig             
00008c8f  SysCtlVoltageEventStatus             
0001047d  TimerADCEventGet                     
0001045d  TimerADCEventSet                     
0000fead  TimerClockSourceGet                  
0000fe71  TimerClockSourceSet                  
0000f9d9  TimerConfigure                       
0000fcd1  TimerControlEvent                    
0000fbad  TimerControlLevel                    
0000fd2f  TimerControlStall                    
0000fc2d  TimerControlTrigger                  
0000fd99  TimerControlWaitOnTrigger            
000104b9  TimerDMAEventGet                     
00010499  TimerDMAEventSet                     
0000f94d  TimerDisable                         
0000f903  TimerEnable                          
0001041d  TimerIntClear                        
000103cb  TimerIntDisable                      
000103a5  TimerIntEnable                       
000102e5  TimerIntRegister                     
000103f1  TimerIntStatus                       
0001034f  TimerIntUnregister                   
0001009f  TimerLoadGet                         
0001010d  TimerLoadGet64                       
00010045  TimerLoadSet                         
000100e1  TimerLoadSet64                       
00010235  TimerMatchGet                        
0001029f  TimerMatchGet64                      
000101db  TimerMatchSet                        
00010277  TimerMatchSet64                      
0000ff43  TimerPrescaleGet                     
0000fff9  TimerPrescaleMatchGet                
0000ff8f  TimerPrescaleMatchSet                
0000fed9  TimerPrescaleSet                     
0000fe4d  TimerRTCDisable                      
0000fe29  TimerRTCEnable                       
0001043d  TimerSynchronize                     
000104d5  TimerUpdateMode                      
00010153  TimerValueGet                        
00010195  TimerValueGet64                      
00011b47  UART9BitAddrSend                     
00011b13  UART9BitAddrSet                      
00011aef  UART9BitDisable                      
00011acb  UART9BitEnable                       
00011873  UARTBreakCtl                         
000118ab  UARTBusy                             
000117f1  UARTCharGet                          
000117b3  UARTCharGetNonBlocking               
00011847  UARTCharPut                          
00011815  UARTCharPutNonBlocking               
0001175b  UARTCharsAvail                       
00011aad  UARTClockSourceGet                   
00011a77  UARTClockSourceSet                   
00011361  UARTConfigGetExpClk                  
00011283  UARTConfigSetExpClk                  
00011a13  UARTDMADisable                       
000119ed  UARTDMAEnable                        
00011409  UARTDisable                          
000114c5  UARTDisableSIR                       
00010f8b  UARTEchoSet                          
000113c1  UARTEnable                           
00011489  UARTEnableSIR                        
00011465  UARTFIFODisable                      
00011441  UARTFIFOEnable                       
00011247  UARTFIFOLevelGet                     
000111d5  UARTFIFOLevelSet                     
000116dd  UARTFlowControlGet                   
00011697  UARTFlowControlSet                   
00010f57  UARTFlushRx                          
00010f65  UARTFlushTx                          
000119cd  UARTIntClear                         
0001197b  UARTIntDisable                       
00011955  UARTIntEnable                        
000118d7  UARTIntRegister                      
000119a1  UARTIntStatus                        
00011915  UARTIntUnregister                    
00011b9d  UARTLoopbackEnable                   
000115b1  UARTModemControlClear                
00011615  UARTModemControlGet                  
0001154d  UARTModemControlSet                  
00011655  UARTModemStatusGet                   
000111b7  UARTParityModeGet                    
0001116b  UARTParityModeSet                    
00010f3f  UARTRxBytesAvail                     
00011a59  UARTRxErrorClear                     
00011a39  UARTRxErrorGet                       
00011529  UARTSmartCardDisable                 
000114e9  UARTSmartCardEnable                  
00011787  UARTSpaceAvail                       
0001058b  UARTStdioConfig                      
00010fb3  UARTStdioIntHandler                  
00010f4b  UARTTxBytesFree                      
0001173b  UARTTxIntModeGet                     
000116fd  UARTTxIntModeSet                     
00010be1  UARTgetc                             
00010781  UARTgets                             
00010f1b  UARTprintf                           
00010c09  UARTvprintf                          
000106b7  UARTwrite                            
00018b55  ULPIConfigSet                        
00018bf7  ULPIPowerTransceiver                 
00019641  USB0DeviceIntHandler                 
00014523  USB0DualModeIntHandler               
000024b7  USB0HostIntHandler                   
000147cd  USB0OTGModeIntHandler                
00014283  USBBufferCallbackDataSet             
00014379  USBBufferDataAvailable               
0001425b  USBBufferDataRemoved                 
0001422d  USBBufferDataWritten                 
000143b9  USBBufferEventCallback               
00014305  USBBufferFlush                       
000141f3  USBBufferInfoGet                     
0001416f  USBBufferInit                        
00014325  USBBufferRead                        
00014399  USBBufferSpaceAvailable              
0001429d  USBBufferWrite                       
000141b9  USBBufferZeroLengthPacketInsert      
0000500b  USBClockDisable                      
00004fe1  USBClockEnable                       
00015f81  USBControlHandler                    
00004fc9  USBControllerVersion                 
0000e2ef  USBDCDCCompositeInit                 
0000e46d  USBDCDCInit                          
0000e65d  USBDCDCPacketRead                    
0000e5a5  USBDCDCPacketWrite                   
0000e81f  USBDCDCPowerStatusSet                
0000e841  USBDCDCRemoteWakeupRequest           
0000e76f  USBDCDCRxPacketAvailable             
0000e7d9  USBDCDCSerialStateChange             
0000e501  USBDCDCSetControlCBData              
0000e52f  USBDCDCSetRxCBData                   
0000e561  USBDCDCSetTxCBData                   
0000e4db  USBDCDCTerm                          
0000e745  USBDCDCTxPacketAvailable             
00016e7b  USBDCDConfigDescGet                  
00016e2d  USBDCDConfigDescGetNum               
00016df5  USBDCDConfigDescGetSize              
00016f5d  USBDCDConfigGetInterface             
00016f93  USBDCDConfigGetInterfaceEndpoint     
00016f09  USBDCDConfigGetNumAlternateInterfaces
00008e21  USBDCDDeviceInfoInit                 
0000932f  USBDCDFeatureGet                     
0000927d  USBDCDFeatureSet                     
00008e85  USBDCDInit                           
0000921d  USBDCDPowerStatusSet                 
00009369  USBDCDRemoteWakeLPM                  
00009383  USBDCDRemoteWakeupRequest            
00009119  USBDCDRequestDataEP0                 
00009185  USBDCDSendDataEP0                    
000091c1  USBDCDSetDefaultConfiguration        
000091dd  USBDCDStallEP0                       
00009083  USBDCDTerm                           
00005263  USBDMAChannelAddressGet              
00005229  USBDMAChannelAddressSet              
00005141  USBDMAChannelConfigSet               
000052db  USBDMAChannelCountGet                
000052a1  USBDMAChannelCountSet                
00005103  USBDMAChannelDisable                 
000050c5  USBDMAChannelEnable                  
00005069  USBDMAChannelIntDisable              
0000502b  USBDMAChannelIntEnable               
000050a7  USBDMAChannelIntStatus               
000051a7  USBDMAChannelStatus                  
000051e1  USBDMAChannelStatusClear             
00005311  USBDMANumChannels                    
0001784d  USBDescGet                           
00017971  USBDescGetInterface                  
0001799f  USBDescGetInterfaceEndpoint          
000177f1  USBDescGetNum                        
000178b7  USBDescGetNumAlternateInterfaces     
00003d33  USBDevAddrGet                        
00003d11  USBDevAddrSet                        
00003cc9  USBDevConnect                        
00003ced  USBDevDisconnect                     
00004177  USBDevEndpointConfigGet              
0000403d  USBDevEndpointConfigSet              
00004691  USBDevEndpointDataAck                
00003b55  USBDevEndpointStall                  
00003bfd  USBDevEndpointStallClear             
000038d1  USBDevEndpointStatusClear            
00005519  USBDevLPMConfig                      
00005563  USBDevLPMDisable                     
0000553d  USBDevLPMEnable                      
000054f3  USBDevLPMRemoteWake                  
00004ef9  USBDevMode                           
00003517  USBDevSpeedGet                       
000163c3  USBDeviceConfig                      
000165ef  USBDeviceConfigAlternate             
000094c9  USBDeviceEnumHandler                 
00009629  USBDeviceEnumResetHandler            
0000a1a1  USBDeviceIntHandlerInternal          
000093c9  USBDeviceResumeTickHandler           
0001456f  USBDualModeInit                      
000145ed  USBDualModeTerm                      
00004e45  USBEndpointDMAChannel                
00004425  USBEndpointDMAConfigSet              
000044f7  USBEndpointDMADisable                
000044bd  USBEndpointDMAEnable                 
00004531  USBEndpointDataAvail                 
000045bb  USBEndpointDataGet                   
0000478d  USBEndpointDataPut                   
00004847  USBEndpointDataSend                  
00003a89  USBEndpointDataToggleClear           
00004f8d  USBEndpointPacketCountSet            
000037bd  USBEndpointStatus                    
00004e0d  USBFIFOAddrGet                       
00004379  USBFIFOConfigGet                     
000042cd  USBFIFOConfigSet                     
000048eb  USBFIFOFlush                         
00004db5  USBFrameNumberGet                    
00002b31  USBHCDControlTransfer                
00002ffd  USBHCDDevAddress                     
00003029  USBHCDDevClass                       
00002fd1  USBHCDDevHubPort                     
000030bd  USBHCDDevProtocol                    
00003071  USBHCDDevSubClass                    
00000429  USBHCDEventDisable                   
000003eb  USBHCDEventEnable                    
00003121  USBHCDFeatureSet                     
00002cb1  USBHCDHubDeviceConnected             
00002d75  USBHCDHubDeviceDisconnected          
000015b5  USBHCDInit                           
0000329d  USBHCDLPMResume                      
00003223  USBHCDLPMSleep                       
000031d9  USBHCDLPMStatus                      
00002711  USBHCDMain                           
000008c1  USBHCDPipeAlloc                      
0000060d  USBHCDPipeAllocSize                  
0000090d  USBHCDPipeConfig                     
00000e4f  USBHCDPipeDataAck                    
000010e1  USBHCDPipeFree                       
00000e85  USBHCDPipeRead                       
00000e05  USBHCDPipeReadNonBlocking            
00000ce1  USBHCDPipeSchedule                   
000005e7  USBHCDPipeTransferSizeGet            
00000ab1  USBHCDPipeWrite                      
0000154d  USBHCDPowerAutomatic                 
00001495  USBHCDPowerConfigGet                 
00001471  USBHCDPowerConfigInit                
000014bd  USBHCDPowerConfigSet                 
00001715  USBHCDRegisterDrivers                
00001801  USBHCDReset                          
00001879  USBHCDResume                         
00001abd  USBHCDSetAddress                     
00001bd5  USBHCDSetConfig                      
00001c2b  USBHCDSetInterface                   
00001a41  USBHCDStringDescriptorGet            
00001859  USBHCDSuspend                        
0000173d  USBHCDTerm                           
00012ea5  USBHHubClose                         
00012e49  USBHHubEnumerationComplete           
00012e6b  USBHHubEnumerationError              
00012eb9  USBHHubInit                          
00012ee7  USBHHubLPMSleep                      
00012ef5  USBHHubLPMStatus                     
00012c1d  USBHHubMain                          
00012e8d  USBHHubOpen                          
0000345b  USBHighSpeed                         
00004b31  USBHostAddrGet                       
00004aad  USBHostAddrSet                       
00001c85  USBHostCheckPipes                    
00003d55  USBHostEndpointConfig                
00004715  USBHostEndpointDataAck               
000039a5  USBHostEndpointDataToggle            
00003b09  USBHostEndpointPing                  
00003f55  USBHostEndpointSpeed                 
00003835  USBHostEndpointStatusClear           
00004c55  USBHostHubAddrGet                    
00004ba5  USBHostHubAddrSet                    
00001d4d  USBHostIntHandlerInternal            
00005477  USBHostLPMConfig                     
000054cd  USBHostLPMResume                     
0000540b  USBHostLPMSend                       
00004ed9  USBHostMode                          
00004ccd  USBHostPwrConfig                     
00004d8f  USBHostPwrDisable                    
00004d69  USBHostPwrEnable                     
00004d43  USBHostPwrFaultDisable               
00004d1d  USBHostPwrFaultEnable                
000049a1  USBHostRequestIN                     
00004a0f  USBHostRequestINClear                
00004a89  USBHostRequestStatus                 
0000341f  USBHostReset                         
00003497  USBHostResume                        
000034d3  USBHostSpeedGet                      
000033fd  USBHostSuspend                       
0000353d  USBIntDisableControl                 
00003669  USBIntDisableEndpoint                
000035b5  USBIntEnableControl                  
000036a5  USBIntEnableEndpoint                 
00003745  USBIntRegister                       
0000360f  USBIntStatusControl                  
000036e1  USBIntStatusEndpoint                 
00003783  USBIntUnregister                     
000055b3  USBLPMEndpointGet                    
0000564b  USBLPMIntDisable                     
00005623  USBLPMIntEnable                      
00005605  USBLPMIntStatus                      
00005591  USBLPMLinkStateGet                   
000055dd  USBLPMRemoteWakeEnabled              
0000f5f9  USBLibDMAAddrGet                     
0000f629  USBLibDMAInit                        
0000f611  USBLibDMASizeGet                     
00004f39  USBModeConfig                        
00004e23  USBModeGet                           
00004fb1  USBNumEndpointsGet                   
0001496d  USBOTGFeatureSet                     
000148cf  USBOTGMain                           
00004f19  USBOTGMode                           
00014677  USBOTGModeInit                       
0001462f  USBOTGModeTerm                       
0001479d  USBOTGPollRate                       
00004dd1  USBOTGSessionRequest                 
00004f5b  USBPHYPowerOff                       
00004f71  USBPHYPowerOn                        
000150f3  USBRingBufAdvanceRead                
00015149  USBRingBufAdvanceWrite               
00014fd9  USBRingBufContigFree                 
00014fa1  USBRingBufContigUsed                 
00014ee5  USBRingBufEmpty                      
00014f17  USBRingBufFlush                      
00014f7d  USBRingBufFree                       
00014ea3  USBRingBufFull                       
00015295  USBRingBufInit                       
0001507d  USBRingBufRead                       
00015037  USBRingBufReadOne                    
0001501f  USBRingBufSize                       
00014f43  USBRingBufUsed                       
0001521f  USBRingBufWrite                      
000151d9  USBRingBufWriteOne                   
0001607f  USBRxHandler                         
0001618d  USBSerialGetChar                     
000160e1  USBSerialInit                        
000161a5  USBSerialPutChar                     
000161f9  USBSerialRead                        
0001623d  USBSerialWrite                       
000144d9  USBStackModeSet                      
0001600f  USBTxHandler                         
00005331  USBULPIConfig                        
0000535f  USBULPIDisable                       
00005347  USBULPIEnable                        
00005377  USBULPIRegRead                       
000053bd  USBULPIRegWrite                      
200067f0  __STACK_END                          
00000200  __STACK_SIZE                         
200067f0  __STACK_TOP                          
0001a6f0  __TI_CINIT_Base                      
0001a708  __TI_CINIT_Limit                     
0001a6d4  __TI_Handler_Table_Base              
0001a6e0  __TI_Handler_Table_Limit             
00019421  __TI_auto_init_nobinit_nopinit       
00019175  __TI_decompress_lzss                 
00019733  __TI_decompress_none                 
00019297  __TI_ltoa                            
ffffffff  __TI_pprof_out_hndl                  
00011bc5  __TI_printfi                         
ffffffff  __TI_prof_data_size                  
ffffffff  __TI_prof_data_start                 
00000000  __TI_static_base__                   
00019741  __TI_zero_init                       
00018eaf  __aeabi_cdcmpeq                      
00018eaf  __aeabi_cdcmple                      
00018f35  __aeabi_cdrcmple                     
000193d9  __aeabi_d2iz                         
00017b9f  __aeabi_dadd                         
00017fd1  __aeabi_ddiv                         
000187c1  __aeabi_dmul                         
00017b95  __aeabi_dsub                         
00019759  __aeabi_errno_addr                   
0001933d  __aeabi_f2ulz                        
00019595  __aeabi_i2d                          
00012613  __aeabi_idiv0                        
00012613  __aeabi_ldiv0                        
00018fbb  __aeabi_memclr                       
00018fbb  __aeabi_memclr4                      
00018fbb  __aeabi_memclr8                      
00018d7d  __aeabi_memcpy                       
00018d7d  __aeabi_memcpy4                      
00018d7d  __aeabi_memcpy8                      
00018fbd  __aeabi_memset                       
00018fbd  __aeabi_memset4                      
00018fbd  __aeabi_memset8                      
00019465  __aeabi_uidiv                        
00019465  __aeabi_uidivmod                     
00018e19  __aeabi_uldivmod                     
ffffffff  __binit__                            
ffffffff  __c_args__                           
000166b9  __error__                            
UNDEFED   __mpu_init                           
200065f0  __stack                              
20000000  __start___llvm_prf_cnts              
20000000  __stop___llvm_prf_cnts               
00019561  _c_int00_noargs                      
00019cec  _ctypes_                             
UNDEFED   _system_post_cinit                   
00019767  _system_pre_init                     
0001976b  abort                                
0001938d  atoi                                 
ffffffff  binit                                
20006308  botones                              
00016cc9  check_and_extract_command_param      
00017d4d  configADC_DisparaADC                 
00017e1b  configADC_ISR                        
00017d59  configADC_IniciaADC                  
00017e07  configADC_LeeADC                     
00019681  copysign                             
000196b3  copysignf                            
00019681  copysignl                            
000190a5  create_checksum                      
00016c37  create_frame                         
00016cbb  decode_command_type                  
00016be3  destuff_and_check_checksum           
00005abd  eTaskGetState                        
200065ec  errno                                
000191dd  frexp                                
000191dd  frexpl                               
200065a8  g_bUSBTimerInitialized               
20006320  g_eOTGModeState                      
200065c0  g_iUSBMode                           
0001a55c  g_pCDCCompSerConfigDescriptors       
0001a560  g_pCDCCompSerConfigDescriptorsHS     
20000000  g_pfnRAMVectors                      
200061d0  g_pfnTickHandlers                    
00000000  g_pfnVectors                         
0001a564  g_ppCDCSerConfigDescriptors          
0001a568  g_ppCDCSerConfigDescriptorsHS        
2000630c  g_ppsDevInfo                         
0001a41c  g_ppui8StringDescriptors             
2000653c  g_psCDCCompSerSections               
2000654c  g_psCDCCompSerSectionsHS             
2000656c  g_psCDCSerSections                   
20006578  g_psCDCSerSectionsHS                 
20006324  g_psCmdTable                         
20006024  g_psDCDInst                          
0001a3b4  g_pui8CDCSerCommInterface            
0001a434  g_pui8CDCSerDataInterface            
0001a44b  g_pui8CDCSerDataInterfaceHS          
200065b4  g_pui8CDCSerDescriptor               
20006528  g_pui8CDCSerDeviceDescriptor         
0001a298  g_pui8ConfigString                   
0001a364  g_pui8ControlInterfaceString         
200065c9  g_pui8IADSerDescriptor               
0001a558  g_pui8LangDescriptor                 
0001a390  g_pui8ManufacturerString             
0001a3d7  g_pui8ProductString                  
0001a4b4  g_pui8SerialNumberString             
20005d88  g_pui8USBRxBuffer                    
20005e88  g_pui8USBTxBuffer                    
200061e8  g_pvTickInstance                     
0001a508  g_sCDCCompSerConfigHeader            
0001a510  g_sCDCCompSerConfigHeaderHS          
200063a8  g_sCDCDevice                         
0001a304  g_sCDCHandlers                       
0001a518  g_sCDCSerCommInterfaceSection        
0001a520  g_sCDCSerConfigHeader                
0001a528  g_sCDCSerConfigHeaderHS              
0001a530  g_sCDCSerConfigSection               
0001a538  g_sCDCSerDataInterfaceSection        
0001a540  g_sCDCSerDataInterfaceSectionHS      
0001a548  g_sIADSerConfigSection               
20006444  g_sRxBuffer                          
2000647c  g_sTxBuffer                          
20006310  g_ui32CPUUsage                       
200065ac  g_ui32CurrentUSBTick                 
20006314  g_ui32PollRate                       
200065b0  g_ui32USBSOFCount                    
200065c4  g_ui32WaitTicks                      
20006318  g_ulSystemClock                      
20006560  g_ulUARTRxCount                      
20006564  g_ulUARTRxErrors                     
2000655c  g_ulUARTTxCount                      
00016cf5  get_command_param_pointer            
00013d49  initCommandLine                      
000185a1  ldexp                                
00018a85  ldexpf                               
000185a1  ldexpl                               
000168a9  main                                 
00019665  memccpy                              
00018d7d  memcpy                               
00018fc3  memset                               
0000c5f5  pcQueueGetName                       
0000618d  pcTaskGetName                        
0001315d  pcTimerGetName                       
000152e5  pvPortMalloc                         
0000705b  pvTaskIncrementMutexHeldCount        
00013649  pvTimerGetTimerID                    
20006408  pxCurrentTCB                         
00017001  pxPortInitialiseStack                
0001743b  remotelink_init                      
000172d1  remotelink_sendMessage               
000185a1  scalbn                               
00018a85  scalbnf                              
000185a1  scalbnl                              
2000631c  set_ctl                              
2000653a  sondeo                               
000194a5  sprintf                              
000196e3  strchr                               
000196cb  strcmp                               
000196f9  strcpy                               
0001970d  strlen                               
000195f1  strncmp                              
00015b75  strtof                               
000186b1  strtoul                              
0000c31f  ucQueueGetQueueType                  
0001a550  ulMaxSyscallInterruptPriority        
000189b9  ulPortGetIPSR                        
00007079  ulTaskGenericNotifyTake              
0000768f  ulTaskGenericNotifyValueClear        
000181e9  uxListRemove                         
0000c2ff  uxQueueGetQueueNumber                
0000c263  uxQueueMessagesWaiting               
0000c2bb  uxQueueMessagesWaitingFromISR        
0000c28d  uxQueueSpacesAvailable               
00006187  uxTaskGetNumberOfTasks               
00006abd  uxTaskGetStackHighWaterMark          
000061d1  uxTaskGetSystemState                 
00006821  uxTaskGetTaskNumber                  
00005b91  uxTaskPriorityGet                    
00005bb9  uxTaskPriorityGetFromISR             
00007039  uxTaskResetEventItemValue            
00013107  uxTimerGetReloadMode                 
00013715  uxTimerGetTimerNumber                
0001a56c  uxTopUsedPriority                    
000166ed  vApplicationIdleHook                 
000166f5  vApplicationMallocFailedHook         
000166c3  vApplicationStackOverflowHook        
000166cd  vApplicationTickHook                 
0001910d  vConfigureTimerForRunTimeStats       
00018107  vListInitialise                      
00018137  vListInitialiseItem                  
00018183  vListInsert                          
00018147  vListInsertEnd                       
00018a75  vPortEnableVFP                       
00017139  vPortEndScheduler                    
00017159  vPortEnterCritical                   
00017197  vPortExitCritical                    
00015463  vPortFree                            
00015689  vPortGetHeapStats                    
000154fd  vPortInitialiseBlocks                
00018a31  vPortSVCHandler                      
000171e5  vPortSetupTimerInterrupt             
00018a51  vPortStartFirstTask                  
00017211  vPortValidateInterruptPriority       
0000c5b3  vQueueAddToRegistry                  
0000c2db  vQueueDelete                         
0000c30d  vQueueSetQueueNumber                 
0000c635  vQueueUnregisterQueue                
0000c679  vQueueWaitForMessageRestricted       
00005a5d  vTaskDelay                           
000058a9  vTaskDelete                          
0000602f  vTaskEndScheduler                    
00007531  vTaskGenericNotifyGiveFromISR        
0000692d  vTaskGetInfo                         
00006f61  vTaskGetRunTimeStats                 
00006757  vTaskInternalSetTimeOutState         
00006e49  vTaskList                            
00006819  vTaskMissedYield                     
0000653f  vTaskPlaceOnEventList                
000065bb  vTaskPlaceOnEventListRestricted      
0000656d  vTaskPlaceOnUnorderedEventList       
00006d0d  vTaskPriorityDisinheritAfterTimeout  
00005bfd  vTaskPrioritySet                     
0000669d  vTaskRemoveFromUnorderedEventList    
00005e85  vTaskResume                          
00006841  vTaskSetTaskNumber                   
0000672b  vTaskSetTimeOutState                 
00005fb9  vTaskStartScheduler                  
00005d31  vTaskSuspend                         
0000604b  vTaskSuspendAll                      
0000644d  vTaskSwitchContext                   
000130c3  vTimerSetReloadMode                  
00013671  vTimerSetTimerID                     
00013729  vTimerSetTimerNumber                 
00019721  wcslen                               
000154f1  xPortGetFreeHeapSize                 
000154f7  xPortGetMinimumEverFreeHeapSize      
000189d1  xPortPendSVHandler                   
00017087  xPortStartScheduler                  
000171bf  xPortSysTickHandler                  
0000c6e9  xQueueAddToSet                       
0000b7d1  xQueueCreateMutex                    
0000c6d5  xQueueCreateSet                      
0000b6c7  xQueueGenericCreate                  
0000b619  xQueueGenericReset                   
0000b7fd  xQueueGenericSend                    
0000b9f3  xQueueGenericSendFromISR             
0000bb31  xQueueGiveFromISR                    
0000c533  xQueueIsQueueEmptyFromISR            
0000c583  xQueueIsQueueFullFromISR             
0000bf71  xQueuePeek                           
0000c1c1  xQueuePeekFromISR                    
0000bc45  xQueueReceive                        
0000c0dd  xQueueReceiveFromISR                 
20006134  xQueueRegistry                       
0000c71d  xQueueRemoveFromSet                  
0000c75f  xQueueSelectFromSet                  
0000c777  xQueueSelectFromSetFromISR           
0000bdb3  xQueueSemaphoreTake                  
000062b5  xTaskCatchUpTicks                    
00006771  xTaskCheckForTimeOut                 
0000567d  xTaskCreate                          
0000596d  xTaskDelayUntil                      
00007231  xTaskGenericNotify                   
00007399  xTaskGenericNotifyFromISR            
00007631  xTaskGenericNotifyStateClear         
0000713d  xTaskGenericNotifyWait               
00006b29  xTaskGetCurrentTaskHandle            
00006b51  xTaskGetSchedulerState               
00006163  xTaskGetTickCount                    
00006173  xTaskGetTickCountFromISR             
000062fd  xTaskIncrementTick                   
00006c4d  xTaskPriorityDisinherit              
00006b85  xTaskPriorityInherit                 
000065f9  xTaskRemoveFromEventList             
00006061  xTaskResumeAll                       
00005f19  xTaskResumeFromISR                   
00012f73  xTimerCreate                         
00012f39  xTimerCreateTimerTask                
0001300f  xTimerGenericCommand                 
0001313d  xTimerGetExpiryTime                  
000130a7  xTimerGetPeriod                      
00013089  xTimerGetTimerDaemonTaskHandle       
00013613  xTimerIsTimerActive                  
000136cf  xTimerPendFunctionCall               
00013699  xTimerPendFunctionCallFromISR        


GLOBAL SYMBOLS: SORTED BY Symbol Address 

address   name                                 
-------   ----                                 
00000000  __TI_static_base__                   
00000000  g_pfnVectors                         
00000200  __STACK_SIZE                         
0000026d  ConfigDescAlloc                      
00000303  ConfigDescFree                       
000003eb  USBHCDEventEnable                    
00000429  USBHCDEventDisable                   
000005e7  USBHCDPipeTransferSizeGet            
0000060d  USBHCDPipeAllocSize                  
000008c1  USBHCDPipeAlloc                      
0000090d  USBHCDPipeConfig                     
00000ab1  USBHCDPipeWrite                      
00000ce1  USBHCDPipeSchedule                   
00000e05  USBHCDPipeReadNonBlocking            
00000e4f  USBHCDPipeDataAck                    
00000e85  USBHCDPipeRead                       
000010e1  USBHCDPipeFree                       
00001471  USBHCDPowerConfigInit                
00001495  USBHCDPowerConfigGet                 
000014bd  USBHCDPowerConfigSet                 
0000154d  USBHCDPowerAutomatic                 
000015b5  USBHCDInit                           
00001715  USBHCDRegisterDrivers                
0000173d  USBHCDTerm                           
00001801  USBHCDReset                          
00001859  USBHCDSuspend                        
00001879  USBHCDResume                         
00001a41  USBHCDStringDescriptorGet            
00001abd  USBHCDSetAddress                     
00001bd5  USBHCDSetConfig                      
00001c2b  USBHCDSetInterface                   
00001c85  USBHostCheckPipes                    
00001d4d  USBHostIntHandlerInternal            
000024b7  USB0HostIntHandler                   
000025c1  InternalUSBHCDSendEvent              
00002711  USBHCDMain                           
00002b31  USBHCDControlTransfer                
00002cb1  USBHCDHubDeviceConnected             
00002d75  USBHCDHubDeviceDisconnected          
00002fd1  USBHCDDevHubPort                     
00002ffd  USBHCDDevAddress                     
00003029  USBHCDDevClass                       
00003071  USBHCDDevSubClass                    
000030bd  USBHCDDevProtocol                    
00003121  USBHCDFeatureSet                     
000031d9  USBHCDLPMStatus                      
00003223  USBHCDLPMSleep                       
0000329d  USBHCDLPMResume                      
000033fd  USBHostSuspend                       
0000341f  USBHostReset                         
0000345b  USBHighSpeed                         
00003497  USBHostResume                        
000034d3  USBHostSpeedGet                      
00003517  USBDevSpeedGet                       
0000353d  USBIntDisableControl                 
000035b5  USBIntEnableControl                  
0000360f  USBIntStatusControl                  
00003669  USBIntDisableEndpoint                
000036a5  USBIntEnableEndpoint                 
000036e1  USBIntStatusEndpoint                 
00003745  USBIntRegister                       
00003783  USBIntUnregister                     
000037bd  USBEndpointStatus                    
00003835  USBHostEndpointStatusClear           
000038d1  USBDevEndpointStatusClear            
000039a5  USBHostEndpointDataToggle            
00003a89  USBEndpointDataToggleClear           
00003b09  USBHostEndpointPing                  
00003b55  USBDevEndpointStall                  
00003bfd  USBDevEndpointStallClear             
00003cc9  USBDevConnect                        
00003ced  USBDevDisconnect                     
00003d11  USBDevAddrSet                        
00003d33  USBDevAddrGet                        
00003d55  USBHostEndpointConfig                
00003f55  USBHostEndpointSpeed                 
0000403d  USBDevEndpointConfigSet              
00004177  USBDevEndpointConfigGet              
000042cd  USBFIFOConfigSet                     
00004379  USBFIFOConfigGet                     
00004425  USBEndpointDMAConfigSet              
000044bd  USBEndpointDMAEnable                 
000044f7  USBEndpointDMADisable                
00004531  USBEndpointDataAvail                 
000045bb  USBEndpointDataGet                   
00004691  USBDevEndpointDataAck                
00004715  USBHostEndpointDataAck               
0000478d  USBEndpointDataPut                   
00004847  USBEndpointDataSend                  
000048eb  USBFIFOFlush                         
000049a1  USBHostRequestIN                     
00004a0f  USBHostRequestINClear                
00004a89  USBHostRequestStatus                 
00004aad  USBHostAddrSet                       
00004b31  USBHostAddrGet                       
00004ba5  USBHostHubAddrSet                    
00004c55  USBHostHubAddrGet                    
00004ccd  USBHostPwrConfig                     
00004d1d  USBHostPwrFaultEnable                
00004d43  USBHostPwrFaultDisable               
00004d69  USBHostPwrEnable                     
00004d8f  USBHostPwrDisable                    
00004db5  USBFrameNumberGet                    
00004dd1  USBOTGSessionRequest                 
00004e0d  USBFIFOAddrGet                       
00004e23  USBModeGet                           
00004e45  USBEndpointDMAChannel                
00004ed9  USBHostMode                          
00004ef9  USBDevMode                           
00004f19  USBOTGMode                           
00004f39  USBModeConfig                        
00004f5b  USBPHYPowerOff                       
00004f71  USBPHYPowerOn                        
00004f8d  USBEndpointPacketCountSet            
00004fb1  USBNumEndpointsGet                   
00004fc9  USBControllerVersion                 
00004fe1  USBClockEnable                       
0000500b  USBClockDisable                      
0000502b  USBDMAChannelIntEnable               
00005069  USBDMAChannelIntDisable              
000050a7  USBDMAChannelIntStatus               
000050c5  USBDMAChannelEnable                  
00005103  USBDMAChannelDisable                 
00005141  USBDMAChannelConfigSet               
000051a7  USBDMAChannelStatus                  
000051e1  USBDMAChannelStatusClear             
00005229  USBDMAChannelAddressSet              
00005263  USBDMAChannelAddressGet              
000052a1  USBDMAChannelCountSet                
000052db  USBDMAChannelCountGet                
00005311  USBDMANumChannels                    
00005331  USBULPIConfig                        
00005347  USBULPIEnable                        
0000535f  USBULPIDisable                       
00005377  USBULPIRegRead                       
000053bd  USBULPIRegWrite                      
0000540b  USBHostLPMSend                       
00005477  USBHostLPMConfig                     
000054cd  USBHostLPMResume                     
000054f3  USBDevLPMRemoteWake                  
00005519  USBDevLPMConfig                      
0000553d  USBDevLPMEnable                      
00005563  USBDevLPMDisable                     
00005591  USBLPMLinkStateGet                   
000055b3  USBLPMEndpointGet                    
000055dd  USBLPMRemoteWakeEnabled              
00005605  USBLPMIntStatus                      
00005623  USBLPMIntEnable                      
0000564b  USBLPMIntDisable                     
[...]
0000fbad  TimerControlLevel                    
0000fc2d  TimerControlTrigger                  
0000fcd1  TimerControlEvent                    
0000fd2f  TimerControlStall                    
0000fd99  TimerControlWaitOnTrigger            
0000fe29  TimerRTCEnable                       
0000fe4d  TimerRTCDisable                      
0000fe71  TimerClockSourceSet                  
0000fead  TimerClockSourceGet                  
0000fed9  TimerPrescaleSet                     
0000ff43  TimerPrescaleGet                     
0000ff8f  TimerPrescaleMatchSet                
0000fff9  TimerPrescaleMatchGet                
00010045  TimerLoadSet                         
0001009f  TimerLoadGet                         
000100e1  TimerLoadSet64                       
0001010d  TimerLoadGet64                       
00010153  TimerValueGet                        
00010195  TimerValueGet64                      
000101db  TimerMatchSet                        
00010235  TimerMatchGet                        
00010277  TimerMatchSet64                      
0001029f  TimerMatchGet64                      
000102e5  TimerIntRegister                     
0001034f  TimerIntUnregister                   
000103a5  TimerIntEnable                       
000103cb  TimerIntDisable                      
000103f1  TimerIntStatus                       
0001041d  TimerIntClear                        
0001043d  TimerSynchronize                     
0001045d  TimerADCEventSet                     
0001047d  TimerADCEventGet                     
00010499  TimerDMAEventSet                     
000104b9  TimerDMAEventGet                     
000104d5  TimerUpdateMode                      
0001058b  UARTStdioConfig                      
000106b7  UARTwrite                            
00010781  UARTgets                             
00010be1  UARTgetc                             
00010c09  UARTvprintf                          
00010f1b  UARTprintf                           
00010f3f  UARTRxBytesAvail                     
00010f4b  UARTTxBytesFree                      
00010f57  UARTFlushRx                          
00010f65  UARTFlushTx                          
00010f8b  UARTEchoSet                          
00010fb3  UARTStdioIntHandler                  
0001116b  UARTParityModeSet                    
000111b7  UARTParityModeGet                    
000111d5  UARTFIFOLevelSet                     
00011247  UARTFIFOLevelGet                     
00011283  UARTConfigSetExpClk                  
00011361  UARTConfigGetExpClk                  
000113c1  UARTEnable                           
00011409  UARTDisable                          
00011441  UARTFIFOEnable                       
00011465  UARTFIFODisable                      
00011489  UARTEnableSIR                        
000114c5  UARTDisableSIR                       
000114e9  UARTSmartCardEnable                  
00011529  UARTSmartCardDisable                 
0001154d  UARTModemControlSet                  
000115b1  UARTModemControlClear                
00011615  UARTModemControlGet                  
00011655  UARTModemStatusGet                   
00011697  UARTFlowControlSet                   
000116dd  UARTFlowControlGet                   
000116fd  UARTTxIntModeSet                     
0001173b  UARTTxIntModeGet                     
0001175b  UARTCharsAvail                       
00011787  UARTSpaceAvail                       
000117b3  UARTCharGetNonBlocking               
000117f1  UARTCharGet                          
00011815  UARTCharPutNonBlocking               
00011847  UARTCharPut                          
00011873  UARTBreakCtl                         
000118ab  UARTBusy                             
000118d7  UARTIntRegister                      
00011915  UARTIntUnregister                    
00011955  UARTIntEnable                        
0001197b  UARTIntDisable                       
000119a1  UARTIntStatus                        
000119cd  UARTIntClear                         
000119ed  UARTDMAEnable                        
00011a13  UARTDMADisable                       
00011a39  UARTRxErrorGet                       
00011a59  UARTRxErrorClear                     
00011a77  UARTClockSourceSet                   
00011aad  UARTClockSourceGet                   
00011acb  UART9BitEnable                       
00011aef  UART9BitDisable                      
00011b13  UART9BitAddrSet                      
00011b47  UART9BitAddrSend                     
00011b9d  UARTLoopbackEnable                   
00011bc5  __TI_printfi                         
00012613  __aeabi_idiv0                        
00012613  __aeabi_ldiv0                        
00012c1d  USBHHubMain                          
00012e49  USBHHubEnumerationComplete           
00012e6b  USBHHubEnumerationError              
00012e8d  USBHHubOpen                          
00012ea5  USBHHubClose                         
00012eb9  USBHHubInit                          
00012ee7  USBHHubLPMSleep                      
00012ef5  USBHHubLPMStatus                     
00012f39  xTimerCreateTimerTask                
00012f73  xTimerCreate                         
0001300f  xTimerGenericCommand                 
00013089  xTimerGetTimerDaemonTaskHandle       
000130a7  xTimerGetPeriod                      
000130c3  vTimerSetReloadMode                  
00013107  uxTimerGetReloadMode                 
0001313d  xTimerGetExpiryTime                  
0001315d  pcTimerGetName                       
00013613  xTimerIsTimerActive                  
00013649  pvTimerGetTimerID                    
00013671  vTimerSetTimerID                     
00013699  xTimerPendFunctionCallFromISR        
000136cf  xTimerPendFunctionCall               
00013715  uxTimerGetTimerNumber                
00013729  vTimerSetTimerNumber                 
00013d49  initCommandLine                      
0001416f  USBBufferInit                        
000141b9  USBBufferZeroLengthPacketInsert      
000141f3  USBBufferInfoGet                     
0001422d  USBBufferDataWritten                 
0001425b  USBBufferDataRemoved                 
00014283  USBBufferCallbackDataSet             
0001429d  USBBufferWrite                       
00014305  USBBufferFlush                       
00014325  USBBufferRead                        
00014379  USBBufferDataAvailable               
00014399  USBBufferSpaceAvailable              
000143b9  USBBufferEventCallback               
000144d9  USBStackModeSet                      
00014523  USB0DualModeIntHandler               
0001456f  USBDualModeInit                      
000145ed  USBDualModeTerm                      
0001462f  USBOTGModeTerm                       
00014677  USBOTGModeInit                       
0001479d  USBOTGPollRate                       
000147cd  USB0OTGModeIntHandler                
000148b5  OTGDeviceDisconnect                  
000148cf  USBOTGMain                           
0001496d  USBOTGFeatureSet                     
000149cb  IntMasterEnable                      
000149db  IntMasterDisable                     
000149eb  IntRegister                          
00014a61  IntUnregister                        
00014a81  IntPriorityGroupingSet               
00014aa7  IntPriorityGroupingGet               
00014adf  IntPrioritySet                       
00014b41  IntPriorityGet                       
00014b77  IntEnable                            
00014bf5  IntDisable                           
00014c7d  IntIsEnabled                         
00014d31  IntPendSet                           
00014da1  IntPendClear                         
00014dfb  IntPriorityMaskSet                   
00014e07  IntPriorityMaskGet                   
00014e0f  IntTrigger                           
00014ea3  USBRingBufFull                       
00014ee5  USBRingBufEmpty                      
00014f17  USBRingBufFlush                      
00014f43  USBRingBufUsed                       
00014f7d  USBRingBufFree                       
00014fa1  USBRingBufContigUsed                 
00014fd9  USBRingBufContigFree                 
0001501f  USBRingBufSize                       
00015037  USBRingBufReadOne                    
0001507d  USBRingBufRead                       
000150f3  USBRingBufAdvanceRead                
00015149  USBRingBufAdvanceWrite               
000151d9  USBRingBufWriteOne                   
0001521f  USBRingBufWrite                      
00015295  USBRingBufInit                       
000152e5  pvPortMalloc                         
00015463  vPortFree                            
000154f1  xPortGetFreeHeapSize                 
000154f7  xPortGetMinimumEverFreeHeapSize      
000154fd  vPortInitialiseBlocks                
00015689  vPortGetHeapStats                    
00015749  RGBBlinkIntHandler                   
00015777  RGBInit                              
00015871  RGBEnable                            
00015929  RGBDisable                           
00015987  RGBSet                               
0001599f  RGBColorSet                          
00015a49  RGBIntensitySet                      
00015a5d  RGBBlinkRateSet                      
00015ae9  RGBColorGet                          
00015b75  strtof                               
00015f81  USBControlHandler                    
0001600f  USBTxHandler                         
0001607f  USBRxHandler                         
000160e1  USBSerialInit                        
0001618d  USBSerialGetChar                     
000161a5  USBSerialPutChar                     
000161f9  USBSerialRead                        
0001623d  USBSerialWrite                       
000163c3  USBDeviceConfig                      
000165ef  USBDeviceConfigAlternate             
000166b9  __error__                            
000166c3  vApplicationStackOverflowHook        
000166cd  vApplicationTickHook                 
000166ed  vApplicationIdleHook                 
000166f5  vApplicationMallocFailedHook         
000166f7  ButtonsISR                           
000168a9  main                                 
00016be3  destuff_and_check_checksum           
00016c37  create_frame                         
00016cbb  decode_command_type                  
00016cc9  check_and_extract_command_param      
00016cf5  get_command_param_pointer            
00016df5  USBDCDConfigDescGetSize              
00016e2d  USBDCDConfigDescGetNum               
00016e7b  USBDCDConfigDescGet                  
00016f09  USBDCDConfigGetNumAlternateInterfaces
00016f5d  USBDCDConfigGetInterface             
00016f93  USBDCDConfigGetInterfaceEndpoint     
00017001  pxPortInitialiseStack                
00017087  xPortStartScheduler                  
00017139  vPortEndScheduler                    
00017159  vPortEnterCritical                   
00017197  vPortExitCritical                    
000171bf  xPortSysTickHandler                  
000171e5  vPortSetupTimerInterrupt             
00017211  vPortValidateInterruptPriority       
000172d1  remotelink_sendMessage               
0001743b  remotelink_init                      
000177f1  USBDescGetNum                        
0001784d  USBDescGet                           
000178b7  USBDescGetNumAlternateInterfaces     
00017971  USBDescGetInterface                  
0001799f  USBDescGetInterfaceEndpoint          
00017b95  __aeabi_dsub                         
00017b9f  __aeabi_dadd                         
00017d4d  configADC_DisparaADC                 
00017d59  configADC_IniciaADC                  
00017e07  configADC_LeeADC                     
00017e1b  configADC_ISR                        
00017fd1  __aeabi_ddiv                         
00018107  vListInitialise                      
00018137  vListInitialiseItem                  
00018147  vListInsertEnd                       
00018183  vListInsert                          
000181e9  uxListRemove                         
00018231  ButtonsPoll                          
000182d7  ButtonsInit                          
00018359  CPUUsageTick                         
00018397  CPUUsageInit                         
000185a1  ldexp                                
000185a1  ldexpl                               
000185a1  scalbn                               
000185a1  scalbnl                              
000186b1  strtoul                              
000187c1  __aeabi_dmul                         
000188bd  InternalUSBTickInit                  
000188fb  InternalUSBTickReset                 
00018903  InternalUSBRegisterTickHandler       
00018953  InternalUSBStartOfFrameTick          
000189b9  ulPortGetIPSR                        
000189d1  xPortPendSVHandler                   
00018a31  vPortSVCHandler                      
00018a51  vPortStartFirstTask                  
00018a75  vPortEnableVFP                       
00018a85  ldexpf                               
00018a85  scalbnf                              
00018b55  ULPIConfigSet                        
00018bf7  ULPIPowerTransceiver                 
00018cd1  CmdLineProcess                       
00018d7d  __aeabi_memcpy                       
00018d7d  __aeabi_memcpy4                      
00018d7d  __aeabi_memcpy8                      
00018d7d  memcpy                               
00018e19  __aeabi_uldivmod                     
00018eaf  __aeabi_cdcmpeq                      
00018eaf  __aeabi_cdcmple                      
00018f35  __aeabi_cdrcmple                     
00018fbb  __aeabi_memclr                       
00018fbb  __aeabi_memclr4                      
00018fbb  __aeabi_memclr8                      
00018fbd  __aeabi_memset                       
00018fbd  __aeabi_memset4                      
00018fbd  __aeabi_memset8                      
00018fc3  memset                               
000190a5  create_checksum                      
0001910d  vConfigureTimerForRunTimeStats       
00019175  __TI_decompress_lzss                 
000191dd  frexp                                
000191dd  frexpl                               
00019297  __TI_ltoa                            
0001933d  __aeabi_f2ulz                        
0001938d  atoi                                 
000193d9  __aeabi_d2iz                         
00019421  __TI_auto_init_nobinit_nopinit       
00019465  __aeabi_uidiv                        
00019465  __aeabi_uidivmod                     
000194a5  sprintf                              
00019523  CPUcpsid                             
0001952f  CPUprimask                           
00019539  CPUcpsie                             
00019545  CPUwfi                               
00019549  CPUbasepriSet                        
00019557  CPUbasepriGet                        
00019561  _c_int00_noargs                      
00019595  __aeabi_i2d                          
000195c5  ResetISR                             
000195f1  strncmp                              
0001961d  GetOverflowCounts                    
00019641  USB0DeviceIntHandler                 
00019665  memccpy                              
00019681  copysign                             
00019681  copysignl                            
000196b3  copysignf                            
000196cb  strcmp                               
000196e3  strchr                               
000196f9  strcpy                               
0001970d  strlen                               
00019721  wcslen                               
00019733  __TI_decompress_none                 
00019741  __TI_zero_init                       
00019759  __aeabi_errno_addr                   
00019761  SysCtlDelay                          
00019767  _system_pre_init                     
0001976b  C$$EXIT                              
0001976b  abort                                
00019cec  _ctypes_                             
0001a298  g_pui8ConfigString                   
0001a304  g_sCDCHandlers                       
0001a364  g_pui8ControlInterfaceString         
0001a390  g_pui8ManufacturerString             
0001a3b4  g_pui8CDCSerCommInterface            
0001a3d7  g_pui8ProductString                  
0001a41c  g_ppui8StringDescriptors             
0001a434  g_pui8CDCSerDataInterface            
0001a44b  g_pui8CDCSerDataInterfaceHS          
0001a4b4  g_pui8SerialNumberString             
0001a508  g_sCDCCompSerConfigHeader            
0001a510  g_sCDCCompSerConfigHeaderHS          
0001a518  g_sCDCSerCommInterfaceSection        
0001a520  g_sCDCSerConfigHeader                
0001a528  g_sCDCSerConfigHeaderHS              
0001a530  g_sCDCSerConfigSection               
0001a538  g_sCDCSerDataInterfaceSection        
0001a540  g_sCDCSerDataInterfaceSectionHS      
0001a548  g_sIADSerConfigSection               
0001a550  ulMaxSyscallInterruptPriority        
0001a558  g_pui8LangDescriptor                 
0001a55c  g_pCDCCompSerConfigDescriptors       
0001a560  g_pCDCCompSerConfigDescriptorsHS     
0001a564  g_ppCDCSerConfigDescriptors          
0001a568  g_ppCDCSerConfigDescriptorsHS        
0001a56c  uxTopUsedPriority                    
0001a6d4  __TI_Handler_Table_Base              
0001a6e0  __TI_Handler_Table_Limit             
0001a6f0  __TI_CINIT_Base                      
0001a708  __TI_CINIT_Limit                     
20000000  __start___llvm_prf_cnts              
20000000  __stop___llvm_prf_cnts               
20000000  g_pfnRAMVectors                      
20005d88  g_pui8USBRxBuffer                    
20005e88  g_pui8USBTxBuffer                    
20006024  g_psDCDInst                          
20006134  xQueueRegistry                       
200061d0  g_pfnTickHandlers                    
200061e8  g_pvTickInstance                     
20006308  botones                              
2000630c  g_ppsDevInfo                         
20006310  g_ui32CPUUsage                       
20006314  g_ui32PollRate                       
20006318  g_ulSystemClock                      
2000631c  set_ctl                              
20006320  g_eOTGModeState                      
20006324  g_psCmdTable                         
200063a8  g_sCDCDevice                         
20006408  pxCurrentTCB                         
20006444  g_sRxBuffer                          
2000647c  g_sTxBuffer                          
20006528  g_pui8CDCSerDeviceDescriptor         
2000653a  sondeo                               
2000653c  g_psCDCCompSerSections               
2000654c  g_psCDCCompSerSectionsHS             
2000655c  g_ulUARTTxCount                      
20006560  g_ulUARTRxCount                      
20006564  g_ulUARTRxErrors                     
2000656c  g_psCDCSerSections                   
20006578  g_psCDCSerSectionsHS                 
200065a8  g_bUSBTimerInitialized               
200065ac  g_ui32CurrentUSBTick                 
200065b0  g_ui32USBSOFCount                    
200065b4  g_pui8CDCSerDescriptor               
200065c0  g_iUSBMode                           
200065c4  g_ui32WaitTicks                      
200065c9  g_pui8IADSerDescriptor               
200065ec  errno                                
200065f0  __stack                              
200067f0  __STACK_END                          
200067f0  __STACK_TOP                          
ffffffff  __TI_pprof_out_hndl                  
ffffffff  __TI_prof_data_size                  
ffffffff  __TI_prof_data_start                 
ffffffff  __binit__                            
ffffffff  __c_args__                           
ffffffff  binit                                
UNDEFED   __mpu_init                           
UNDEFED   _system_post_cinit                   

[819 symbols]
