<?xml version="1.0" encoding="ISO-8859-1" ?>
<link_info>
   <banner>TI ARM Linker PC v20.2.2.LTS</banner>
   <copyright>Copyright (c) 1996-2018 Texas Instruments Incorporated</copyright>
   <link_time>0x60828549</link_time>
   <link_errors>0x0</link_errors>
   <output_file>base-practica-TIVA-2021-ADC.out</output_file>
   <entry_point>
      <name>_c_int00_noargs</name>
      <address>0x19561</address>
   </entry_point>
   <input_file_list>
      <input_file id="fl-2">
         <path>.\</path>
         <kind>object</kind>
         <file>commands.obj</file>
         <name>commands.obj</name>
      </input_file>
      <input_file id="fl-3">
         <path>.\</path>
         <kind>object</kind>
         <file>main.obj</file>
         <name>main.obj</name>
      </input_file>
      <input_file id="fl-4">
         <path>.\</path>
         <kind>object</kind>
         <file>startup_ccs.obj</file>
         <name>startup_ccs.obj</name>
      </input_file>
      <input_file id="fl-5">
         <path>.\FreeRTOS\Source\</path>
         <kind>object</kind>
         <file>croutine.obj</file>
         <name>croutine.obj</name>
      </input_file>
      <input_file id="fl-6">
         <path>.\FreeRTOS\Source\</path>
         <kind>object</kind>
         <file>event_groups.obj</file>
         <name>event_groups.obj</name>
      </input_file>
      <input_file id="fl-7">
         <path>.\FreeRTOS\Source\</path>
         <kind>object</kind>
         <file>list.obj</file>
         <name>list.obj</name>
      </input_file>
      <input_file id="fl-8">
         <path>.\FreeRTOS\Source\</path>
         <kind>object</kind>
         <file>queue.obj</file>
         <name>queue.obj</name>
      </input_file>
      <input_file id="fl-9">
         <path>.\FreeRTOS\Source\</path>
         <kind>object</kind>
         <file>stream_buffer.obj</file>
         <name>stream_buffer.obj</name>
      </input_file>
      <input_file id="fl-a">
         <path>.\FreeRTOS\Source\</path>
         <kind>object</kind>
         <file>tasks.obj</file>
         <name>tasks.obj</name>
      </input_file>
      <input_file id="fl-b">
         <path>.\FreeRTOS\Source\</path>
         <kind>object</kind>
         <file>timers.obj</file>
         <name>timers.obj</name>
      </input_file>
      <input_file id="fl-c">
         <path>.\FreeRTOS\Source\portable\CCS\ARM_CM4F\</path>
         <kind>object</kind>
         <file>port.obj</file>
         <name>port.obj</name>
      </input_file>
      <input_file id="fl-d">
         <path>.\FreeRTOS\Source\portable\CCS\ARM_CM4F\</path>
         <kind>object</kind>
         <file>portasm.obj</file>
         <name>portasm.obj</name>
      </input_file>
      <input_file id="fl-e">
         <path>.\FreeRTOS\Source\portable\MemMang\</path>
         <kind>object</kind>
         <file>heap_4.obj</file>
         <name>heap_4.obj</name>
      </input_file>
      <input_file id="fl-f">
         <path>.\driverlib\</path>
         <kind>object</kind>
         <file>adc.obj</file>
         <name>adc.obj</name>
      </input_file>
      <input_file id="fl-10">
         <path>.\driverlib\</path>
         <kind>object</kind>
         <file>aes.obj</file>
         <name>aes.obj</name>
      </input_file>
      <input_file id="fl-11">
         <path>.\driverlib\</path>
         <kind>object</kind>
         <file>can.obj</file>
         <name>can.obj</name>
      </input_file>
      <input_file id="fl-12">
         <path>.\driverlib\</path>
         <kind>object</kind>
         <file>comp.obj</file>
         <name>comp.obj</name>
      </input_file>
      <input_file id="fl-13">
         <path>.\driverlib\</path>
         <kind>object</kind>
         <file>cpu.obj</file>
         <name>cpu.obj</name>
      </input_file>
      <input_file id="fl-14">
         <path>.\driverlib\</path>
         <kind>object</kind>
         <file>crc.obj</file>
         <name>crc.obj</name>
      </input_file>
      <input_file id="fl-15">
         <path>.\driverlib\</path>
         <kind>object</kind>
         <file>des.obj</file>
         <name>des.obj</name>
      </input_file>
      <input_file id="fl-16">
         <path>.\driverlib\</path>
         <kind>object</kind>
         <file>eeprom.obj</file>
         <name>eeprom.obj</name>
      </input_file>
      <input_file id="fl-17">
         <path>.\driverlib\</path>
         <kind>object</kind>
         <file>emac.obj</file>
         <name>emac.obj</name>
      </input_file>
      <input_file id="fl-18">
         <path>.\driverlib\</path>
         <kind>object</kind>
         <file>epi.obj</file>
         <name>epi.obj</name>
      </input_file>
      <input_file id="fl-19">
         <path>.\driverlib\</path>
         <kind>object</kind>
         <file>epi_workaround_ccs.obj</file>
         <name>epi_workaround_ccs.obj</name>
      </input_file>
      <input_file id="fl-1a">
         <path>.\driverlib\</path>
         <kind>object</kind>
         <file>flash.obj</file>
         <name>flash.obj</name>
      </input_file>
      <input_file id="fl-1b">
         <path>.\driverlib\</path>
         <kind>object</kind>
         <file>fpu.obj</file>
         <name>fpu.obj</name>
      </input_file>
      <input_file id="fl-1c">
         <path>.\driverlib\</path>
         <kind>object</kind>
         <file>gpio.obj</file>
         <name>gpio.obj</name>
      </input_file>
      <input_file id="fl-1d">
         <path>.\driverlib\</path>
         <kind>object</kind>
         <file>hibernate.obj</file>
         <name>hibernate.obj</name>
      </input_file>
      <input_file id="fl-1e">
         <path>.\driverlib\</path>
         <kind>object</kind>
         <file>i2c.obj</file>
         <name>i2c.obj</name>
      </input_file>
      <input_file id="fl-1f">
         <path>.\driverlib\</path>
         <kind>object</kind>
         <file>interrupt.obj</file>
         <name>interrupt.obj</name>
      </input_file>
      <input_file id="fl-20">
         <path>.\driverlib\</path>
         <kind>object</kind>
         <file>lcd.obj</file>
         <name>lcd.obj</name>
      </input_file>
      <input_file id="fl-21">
         <path>.\driverlib\</path>
         <kind>object</kind>
         <file>mpu.obj</file>
         <name>mpu.obj</name>
      </input_file>
      <input_file id="fl-22">
         <path>.\driverlib\</path>
         <kind>object</kind>
         <file>onewire.obj</file>
         <name>onewire.obj</name>
      </input_file>
      <input_file id="fl-23">
         <path>.\driverlib\</path>
         <kind>object</kind>
         <file>pwm.obj</file>
         <name>pwm.obj</name>
      </input_file>
      <input_file id="fl-24">
         <path>.\driverlib\</path>
         <kind>object</kind>
         <file>qei.obj</file>
         <name>qei.obj</name>
      </input_file>
      <input_file id="fl-25">
         <path>.\driverlib\</path>
         <kind>object</kind>
         <file>shamd5.obj</file>
         <name>shamd5.obj</name>
      </input_file>
      <input_file id="fl-26">
         <path>.\driverlib\</path>
         <kind>object</kind>
         <file>ssi.obj</file>
         <name>ssi.obj</name>
      </input_file>
      <input_file id="fl-27">
         <path>.\driverlib\</path>
         <kind>object</kind>
         <file>sw_crc.obj</file>
         <name>sw_crc.obj</name>
      </input_file>
      <input_file id="fl-28">
         <path>.\driverlib\</path>
         <kind>object</kind>
         <file>sysctl.obj</file>
         <name>sysctl.obj</name>
      </input_file>
      <input_file id="fl-29">
         <path>.\driverlib\</path>
         <kind>object</kind>
         <file>sysexc.obj</file>
         <name>sysexc.obj</name>
      </input_file>
      <input_file id="fl-2a">
         <path>.\driverlib\</path>
         <kind>object</kind>
         <file>systick.obj</file>
         <name>systick.obj</name>
      </input_file>
      <input_file id="fl-2b">
         <path>.\driverlib\</path>
         <kind>object</kind>
         <file>timer.obj</file>
         <name>timer.obj</name>
      </input_file>
      <input_file id="fl-2c">
         <path>.\driverlib\</path>
         <kind>object</kind>
         <file>uart.obj</file>
         <name>uart.obj</name>
      </input_file>
      <input_file id="fl-2d">
         <path>.\driverlib\</path>
         <kind>object</kind>
         <file>udma.obj</file>
         <name>udma.obj</name>
      </input_file>
      <input_file id="fl-2e">
         <path>.\driverlib\</path>
         <kind>object</kind>
         <file>usb.obj</file>
         <name>usb.obj</name>
      </input_file>
      <input_file id="fl-2f">
         <path>.\driverlib\</path>
         <kind>object</kind>
         <file>watchdog.obj</file>
         <name>watchdog.obj</name>
      </input_file>
      <input_file id="fl-30">
         <path>.\drivers\</path>
         <kind>object</kind>
         <file>buttons.obj</file>
         <name>buttons.obj</name>
      </input_file>
      <input_file id="fl-31">
         <path>.\drivers\</path>
         <kind>object</kind>
         <file>configADC.obj</file>
         <name>configADC.obj</name>
      </input_file>
      <input_file id="fl-32">
         <path>.\drivers\</path>
         <kind>object</kind>
         <file>rgb.obj</file>
         <name>rgb.obj</name>
      </input_file>
      <input_file id="fl-33">
         <path>.\remotelink\</path>
         <kind>object</kind>
         <file>crc.obj</file>
         <name>crc.obj</name>
      </input_file>
      <input_file id="fl-34">
         <path>.\remotelink\</path>
         <kind>object</kind>
         <file>remotelink.obj</file>
         <name>remotelink.obj</name>
      </input_file>
      <input_file id="fl-35">
         <path>.\remotelink\</path>
         <kind>object</kind>
         <file>serialprotocol.obj</file>
         <name>serialprotocol.obj</name>
      </input_file>
      <input_file id="fl-36">
         <path>.\remotelink\</path>
         <kind>object</kind>
         <file>usb_dev_serial.obj</file>
         <name>usb_dev_serial.obj</name>
      </input_file>
      <input_file id="fl-37">
         <path>.\remotelink\</path>
         <kind>object</kind>
         <file>usb_serial_structs.obj</file>
         <name>usb_serial_structs.obj</name>
      </input_file>
      <input_file id="fl-38">
         <path>.\usblib\device\</path>
         <kind>object</kind>
         <file>usbdaudio.obj</file>
         <name>usbdaudio.obj</name>
      </input_file>
      <input_file id="fl-39">
         <path>.\usblib\device\</path>
         <kind>object</kind>
         <file>usbdbulk.obj</file>
         <name>usbdbulk.obj</name>
      </input_file>
      <input_file id="fl-3a">
         <path>.\usblib\device\</path>
         <kind>object</kind>
         <file>usbdcdc.obj</file>
         <name>usbdcdc.obj</name>
      </input_file>
      <input_file id="fl-3b">
         <path>.\usblib\device\</path>
         <kind>object</kind>
         <file>usbdcdesc.obj</file>
         <name>usbdcdesc.obj</name>
      </input_file>
      <input_file id="fl-3c">
         <path>.\usblib\device\</path>
         <kind>object</kind>
         <file>usbdcomp.obj</file>
         <name>usbdcomp.obj</name>
      </input_file>
      <input_file id="fl-3d">
         <path>.\usblib\device\</path>
         <kind>object</kind>
         <file>usbdconfig.obj</file>
         <name>usbdconfig.obj</name>
      </input_file>
      <input_file id="fl-3e">
         <path>.\usblib\device\</path>
         <kind>object</kind>
         <file>usbddfu-rt.obj</file>
         <name>usbddfu-rt.obj</name>
      </input_file>
      <input_file id="fl-3f">
         <path>.\usblib\device\</path>
         <kind>object</kind>
         <file>usbdenum.obj</file>
         <name>usbdenum.obj</name>
      </input_file>
      <input_file id="fl-40">
         <path>.\usblib\device\</path>
         <kind>object</kind>
         <file>usbdhandler.obj</file>
         <name>usbdhandler.obj</name>
      </input_file>
      <input_file id="fl-41">
         <path>.\usblib\device\</path>
         <kind>object</kind>
         <file>usbdhid.obj</file>
         <name>usbdhid.obj</name>
      </input_file>
      <input_file id="fl-42">
         <path>.\usblib\device\</path>
         <kind>object</kind>
         <file>usbdhidgamepad.obj</file>
         <name>usbdhidgamepad.obj</name>
      </input_file>
      <input_file id="fl-43">
         <path>.\usblib\device\</path>
         <kind>object</kind>
         <file>usbdhidkeyb.obj</file>
         <name>usbdhidkeyb.obj</name>
      </input_file>
      <input_file id="fl-44">
         <path>.\usblib\device\</path>
         <kind>object</kind>
         <file>usbdhidmouse.obj</file>
         <name>usbdhidmouse.obj</name>
      </input_file>
      <input_file id="fl-45">
         <path>.\usblib\device\</path>
         <kind>object</kind>
         <file>usbdmsc.obj</file>
         <name>usbdmsc.obj</name>
      </input_file>
      <input_file id="fl-46">
         <path>.\usblib\host\</path>
         <kind>object</kind>
         <file>usbhaudio.obj</file>
         <name>usbhaudio.obj</name>
      </input_file>
      <input_file id="fl-47">
         <path>.\usblib\host\</path>
         <kind>object</kind>
         <file>usbhhid.obj</file>
         <name>usbhhid.obj</name>
      </input_file>
      <input_file id="fl-48">
         <path>.\usblib\host\</path>
         <kind>object</kind>
         <file>usbhhidkeyboard.obj</file>
         <name>usbhhidkeyboard.obj</name>
      </input_file>
      <input_file id="fl-49">
         <path>.\usblib\host\</path>
         <kind>object</kind>
         <file>usbhhidmouse.obj</file>
         <name>usbhhidmouse.obj</name>
      </input_file>
      <input_file id="fl-4a">
         <path>.\usblib\host\</path>
         <kind>object</kind>
         <file>usbhhub.obj</file>
         <name>usbhhub.obj</name>
      </input_file>
      <input_file id="fl-4b">
         <path>.\usblib\host\</path>
         <kind>object</kind>
         <file>usbhmsc.obj</file>
         <name>usbhmsc.obj</name>
      </input_file>
      <input_file id="fl-4c">
         <path>.\usblib\host\</path>
         <kind>object</kind>
         <file>usbhostenum.obj</file>
         <name>usbhostenum.obj</name>
      </input_file>
      <input_file id="fl-4d">
         <path>.\usblib\host\</path>
         <kind>object</kind>
         <file>usbhscsi.obj</file>
         <name>usbhscsi.obj</name>
      </input_file>
      <input_file id="fl-4e">
         <path>.\usblib\</path>
         <kind>object</kind>
         <file>usbbuffer.obj</file>
         <name>usbbuffer.obj</name>
      </input_file>
      <input_file id="fl-4f">
         <path>.\usblib\</path>
         <kind>object</kind>
         <file>usbdesc.obj</file>
         <name>usbdesc.obj</name>
      </input_file>
      <input_file id="fl-50">
         <path>.\usblib\</path>
         <kind>object</kind>
         <file>usbdma.obj</file>
         <name>usbdma.obj</name>
      </input_file>
      <input_file id="fl-51">
         <path>.\usblib\</path>
         <kind>object</kind>
         <file>usbkeyboardmap.obj</file>
         <name>usbkeyboardmap.obj</name>
      </input_file>
      <input_file id="fl-52">
         <path>.\usblib\</path>
         <kind>object</kind>
         <file>usbmode.obj</file>
         <name>usbmode.obj</name>
      </input_file>
      <input_file id="fl-53">
         <path>.\usblib\</path>
         <kind>object</kind>
         <file>usbringbuf.obj</file>
         <name>usbringbuf.obj</name>
      </input_file>
      <input_file id="fl-54">
         <path>.\usblib\</path>
         <kind>object</kind>
         <file>usbtick.obj</file>
         <name>usbtick.obj</name>
      </input_file>
      <input_file id="fl-55">
         <path>.\usblib\</path>
         <kind>object</kind>
         <file>usbulpi.obj</file>
         <name>usbulpi.obj</name>
      </input_file>
      <input_file id="fl-56">
         <path>.\utils\</path>
         <kind>object</kind>
         <file>RunTimeStatsConfig.obj</file>
         <name>RunTimeStatsConfig.obj</name>
      </input_file>
      <input_file id="fl-57">
         <path>.\utils\</path>
         <kind>object</kind>
         <file>cmdline.obj</file>
         <name>cmdline.obj</name>
      </input_file>
      <input_file id="fl-58">
         <path>.\utils\</path>
         <kind>object</kind>
         <file>cpu_usage.obj</file>
         <name>cpu_usage.obj</name>
      </input_file>
      <input_file id="fl-59">
         <path>.\utils\</path>
         <kind>object</kind>
         <file>uartstdio.obj</file>
         <name>uartstdio.obj</name>
      </input_file>
      <input_file id="fl-5d">
         <kind>object</kind>
         <file>&lt;internal&gt;</file>
         <name>&lt;internal&gt;</name>
      </input_file>
      <input_file id="fl-113">
         <path>C:\ti\ccs1020\ccs\tools\compiler\ti-cgt-arm_20.2.2.LTS\lib\</path>
         <kind>archive</kind>
         <file>rtsv7M4_T_le_v4SPD16_eabi.lib</file>
         <name>sprintf.c.obj</name>
      </input_file>
      <input_file id="fl-114">
         <path>C:\ti\ccs1020\ccs\tools\compiler\ti-cgt-arm_20.2.2.LTS\lib\</path>
         <kind>archive</kind>
         <file>rtsv7M4_T_le_v4SPD16_eabi.lib</file>
         <name>fs_toull_t2.asm.obj</name>
      </input_file>
      <input_file id="fl-115">
         <path>C:\ti\ccs1020\ccs\tools\compiler\ti-cgt-arm_20.2.2.LTS\lib\</path>
         <kind>archive</kind>
         <file>rtsv7M4_T_le_v4SPD16_eabi.lib</file>
         <name>memcpy_t2.asm.obj</name>
      </input_file>
      <input_file id="fl-116">
         <path>C:\ti\ccs1020\ccs\tools\compiler\ti-cgt-arm_20.2.2.LTS\lib\</path>
         <kind>archive</kind>
         <file>rtsv7M4_T_le_v4SPD16_eabi.lib</file>
         <name>memset_t2.asm.obj</name>
      </input_file>
      <input_file id="fl-117">
         <path>C:\ti\ccs1020\ccs\tools\compiler\ti-cgt-arm_20.2.2.LTS\lib\</path>
         <kind>archive</kind>
         <file>rtsv7M4_T_le_v4SPD16_eabi.lib</file>
         <name>u_divt2.asm.obj</name>
      </input_file>
      <input_file id="fl-118">
         <path>C:\ti\ccs1020\ccs\tools\compiler\ti-cgt-arm_20.2.2.LTS\lib\</path>
         <kind>archive</kind>
         <file>rtsv7M4_T_le_v4SPD16_eabi.lib</file>
         <name>copy_zero_init.c.obj</name>
      </input_file>
      <input_file id="fl-119">
         <path>C:\ti\ccs1020\ccs\tools\compiler\ti-cgt-arm_20.2.2.LTS\lib\</path>
         <kind>archive</kind>
         <file>rtsv7M4_T_le_v4SPD16_eabi.lib</file>
         <name>copy_decompress_none.c.obj</name>
      </input_file>
      <input_file id="fl-11a">
         <path>C:\ti\ccs1020\ccs\tools\compiler\ti-cgt-arm_20.2.2.LTS\lib\</path>
         <kind>archive</kind>
         <file>rtsv7M4_T_le_v4SPD16_eabi.lib</file>
         <name>copy_decompress_lzss.c.obj</name>
      </input_file>
      <input_file id="fl-11b">
         <path>C:\ti\ccs1020\ccs\tools\compiler\ti-cgt-arm_20.2.2.LTS\lib\</path>
         <kind>archive</kind>
         <file>rtsv7M4_T_le_v4SPD16_eabi.lib</file>
         <name>strcmp.c.obj</name>
      </input_file>
      <input_file id="fl-11c">
         <path>C:\ti\ccs1020\ccs\tools\compiler\ti-cgt-arm_20.2.2.LTS\lib\</path>
         <kind>archive</kind>
         <file>rtsv7M4_T_le_v4SPD16_eabi.lib</file>
         <name>strcpy.c.obj</name>
      </input_file>
      <input_file id="fl-11d">
         <path>C:\ti\ccs1020\ccs\tools\compiler\ti-cgt-arm_20.2.2.LTS\lib\</path>
         <kind>archive</kind>
         <file>rtsv7M4_T_le_v4SPD16_eabi.lib</file>
         <name>strlen.c.obj</name>
      </input_file>
      <input_file id="fl-11e">
         <path>C:\ti\ccs1020\ccs\tools\compiler\ti-cgt-arm_20.2.2.LTS\lib\</path>
         <kind>archive</kind>
         <file>rtsv7M4_T_le_v4SPD16_eabi.lib</file>
         <name>strncmp.c.obj</name>
      </input_file>
      <input_file id="fl-11f">
         <path>C:\ti\ccs1020\ccs\tools\compiler\ti-cgt-arm_20.2.2.LTS\lib\</path>
         <kind>archive</kind>
         <file>rtsv7M4_T_le_v4SPD16_eabi.lib</file>
         <name>strtof.c.obj</name>
      </input_file>
      <input_file id="fl-120">
         <path>C:\ti\ccs1020\ccs\tools\compiler\ti-cgt-arm_20.2.2.LTS\lib\</path>
         <kind>archive</kind>
         <file>rtsv7M4_T_le_v4SPD16_eabi.lib</file>
         <name>strtoul.c.obj</name>
      </input_file>
      <input_file id="fl-121">
         <path>C:\ti\ccs1020\ccs\tools\compiler\ti-cgt-arm_20.2.2.LTS\lib\</path>
         <kind>archive</kind>
         <file>rtsv7M4_T_le_v4SPD16_eabi.lib</file>
         <name>boot_cortex_m.c.obj</name>
      </input_file>
      <input_file id="fl-122">
         <path>C:\ti\ccs1020\ccs\tools\compiler\ti-cgt-arm_20.2.2.LTS\lib\</path>
         <kind>archive</kind>
         <file>rtsv7M4_T_le_v4SPD16_eabi.lib</file>
         <name>errno.c.obj</name>
      </input_file>
      <input_file id="fl-123">
         <path>C:\ti\ccs1020\ccs\tools\compiler\ti-cgt-arm_20.2.2.LTS\lib\</path>
         <kind>archive</kind>
         <file>rtsv7M4_T_le_v4SPD16_eabi.lib</file>
         <name>s_scalbnf.c.obj</name>
      </input_file>
      <input_file id="fl-124">
         <path>C:\ti\ccs1020\ccs\tools\compiler\ti-cgt-arm_20.2.2.LTS\lib\</path>
         <kind>archive</kind>
         <file>rtsv7M4_T_le_v4SPD16_eabi.lib</file>
         <name>s_copysignf.c.obj</name>
      </input_file>
      <input_file id="fl-125">
         <path>C:\ti\ccs1020\ccs\tools\compiler\ti-cgt-arm_20.2.2.LTS\lib\</path>
         <kind>archive</kind>
         <file>rtsv7M4_T_le_v4SPD16_eabi.lib</file>
         <name>_printfi.c.obj</name>
      </input_file>
      <input_file id="fl-126">
         <path>C:\ti\ccs1020\ccs\tools\compiler\ti-cgt-arm_20.2.2.LTS\lib\</path>
         <kind>archive</kind>
         <file>rtsv7M4_T_le_v4SPD16_eabi.lib</file>
         <name>div0.asm.obj</name>
      </input_file>
      <input_file id="fl-127">
         <path>C:\ti\ccs1020\ccs\tools\compiler\ti-cgt-arm_20.2.2.LTS\lib\</path>
         <kind>archive</kind>
         <file>rtsv7M4_T_le_v4SPD16_eabi.lib</file>
         <name>fd_add_t2.asm.obj</name>
      </input_file>
      <input_file id="fl-128">
         <path>C:\ti\ccs1020\ccs\tools\compiler\ti-cgt-arm_20.2.2.LTS\lib\</path>
         <kind>archive</kind>
         <file>rtsv7M4_T_le_v4SPD16_eabi.lib</file>
         <name>fd_cmp_t2.asm.obj</name>
      </input_file>
      <input_file id="fl-129">
         <path>C:\ti\ccs1020\ccs\tools\compiler\ti-cgt-arm_20.2.2.LTS\lib\</path>
         <kind>archive</kind>
         <file>rtsv7M4_T_le_v4SPD16_eabi.lib</file>
         <name>fd_div_t2.asm.obj</name>
      </input_file>
      <input_file id="fl-12a">
         <path>C:\ti\ccs1020\ccs\tools\compiler\ti-cgt-arm_20.2.2.LTS\lib\</path>
         <kind>archive</kind>
         <file>rtsv7M4_T_le_v4SPD16_eabi.lib</file>
         <name>fd_mul_t2.asm.obj</name>
      </input_file>
      <input_file id="fl-12b">
         <path>C:\ti\ccs1020\ccs\tools\compiler\ti-cgt-arm_20.2.2.LTS\lib\</path>
         <kind>archive</kind>
         <file>rtsv7M4_T_le_v4SPD16_eabi.lib</file>
         <name>fd_toi_t2.asm.obj</name>
      </input_file>
      <input_file id="fl-12c">
         <path>C:\ti\ccs1020\ccs\tools\compiler\ti-cgt-arm_20.2.2.LTS\lib\</path>
         <kind>archive</kind>
         <file>rtsv7M4_T_le_v4SPD16_eabi.lib</file>
         <name>i_tofd_t2.asm.obj</name>
      </input_file>
      <input_file id="fl-12d">
         <path>C:\ti\ccs1020\ccs\tools\compiler\ti-cgt-arm_20.2.2.LTS\lib\</path>
         <kind>archive</kind>
         <file>rtsv7M4_T_le_v4SPD16_eabi.lib</file>
         <name>ull_div_t2.asm.obj</name>
      </input_file>
      <input_file id="fl-12e">
         <path>C:\ti\ccs1020\ccs\tools\compiler\ti-cgt-arm_20.2.2.LTS\lib\</path>
         <kind>archive</kind>
         <file>rtsv7M4_T_le_v4SPD16_eabi.lib</file>
         <name>autoinit.c.obj</name>
      </input_file>
      <input_file id="fl-12f">
         <path>C:\ti\ccs1020\ccs\tools\compiler\ti-cgt-arm_20.2.2.LTS\lib\</path>
         <kind>archive</kind>
         <file>rtsv7M4_T_le_v4SPD16_eabi.lib</file>
         <name>pre_init.c.obj</name>
      </input_file>
      <input_file id="fl-130">
         <path>C:\ti\ccs1020\ccs\tools\compiler\ti-cgt-arm_20.2.2.LTS\lib\</path>
         <kind>archive</kind>
         <file>rtsv7M4_T_le_v4SPD16_eabi.lib</file>
         <name>cpy_tbl.c.obj</name>
      </input_file>
      <input_file id="fl-131">
         <path>C:\ti\ccs1020\ccs\tools\compiler\ti-cgt-arm_20.2.2.LTS\lib\</path>
         <kind>archive</kind>
         <file>rtsv7M4_T_le_v4SPD16_eabi.lib</file>
         <name>exit.c.obj</name>
      </input_file>
      <input_file id="fl-132">
         <path>C:\ti\ccs1020\ccs\tools\compiler\ti-cgt-arm_20.2.2.LTS\lib\</path>
         <kind>archive</kind>
         <file>rtsv7M4_T_le_v4SPD16_eabi.lib</file>
         <name>_lock.c.obj</name>
      </input_file>
      <input_file id="fl-133">
         <path>C:\ti\ccs1020\ccs\tools\compiler\ti-cgt-arm_20.2.2.LTS\lib\</path>
         <kind>archive</kind>
         <file>rtsv7M4_T_le_v4SPD16_eabi.lib</file>
         <name>_ltoa.c.obj</name>
      </input_file>
      <input_file id="fl-134">
         <path>C:\ti\ccs1020\ccs\tools\compiler\ti-cgt-arm_20.2.2.LTS\lib\</path>
         <kind>archive</kind>
         <file>rtsv7M4_T_le_v4SPD16_eabi.lib</file>
         <name>args_main.c.obj</name>
      </input_file>
      <input_file id="fl-135">
         <path>C:\ti\ccs1020\ccs\tools\compiler\ti-cgt-arm_20.2.2.LTS\lib\</path>
         <kind>archive</kind>
         <file>rtsv7M4_T_le_v4SPD16_eabi.lib</file>
         <name>atoi.c.obj</name>
      </input_file>
      <input_file id="fl-136">
         <path>C:\ti\ccs1020\ccs\tools\compiler\ti-cgt-arm_20.2.2.LTS\lib\</path>
         <kind>archive</kind>
         <file>rtsv7M4_T_le_v4SPD16_eabi.lib</file>
         <name>ctype.c.obj</name>
      </input_file>
      <input_file id="fl-137">
         <path>C:\ti\ccs1020\ccs\tools\compiler\ti-cgt-arm_20.2.2.LTS\lib\</path>
         <kind>archive</kind>
         <file>rtsv7M4_T_le_v4SPD16_eabi.lib</file>
         <name>memccpy.c.obj</name>
      </input_file>
      <input_file id="fl-138">
         <path>C:\ti\ccs1020\ccs\tools\compiler\ti-cgt-arm_20.2.2.LTS\lib\</path>
         <kind>archive</kind>
         <file>rtsv7M4_T_le_v4SPD16_eabi.lib</file>
         <name>strchr.c.obj</name>
      </input_file>
      <input_file id="fl-139">
         <path>C:\ti\ccs1020\ccs\tools\compiler\ti-cgt-arm_20.2.2.LTS\lib\</path>
         <kind>archive</kind>
         <file>rtsv7M4_T_le_v4SPD16_eabi.lib</file>
         <name>s_frexp.c.obj</name>
      </input_file>
      <input_file id="fl-13a">
         <path>C:\ti\ccs1020\ccs\tools\compiler\ti-cgt-arm_20.2.2.LTS\lib\</path>
         <kind>archive</kind>
         <file>rtsv7M4_T_le_v4SPD16_eabi.lib</file>
         <name>s_scalbn.c.obj</name>
      </input_file>
      <input_file id="fl-13b">
         <path>C:\ti\ccs1020\ccs\tools\compiler\ti-cgt-arm_20.2.2.LTS\lib\</path>
         <kind>archive</kind>
         <file>rtsv7M4_T_le_v4SPD16_eabi.lib</file>
         <name>wcslen.c.obj</name>
      </input_file>
      <input_file id="fl-13c">
         <path>C:\ti\ccs1020\ccs\tools\compiler\ti-cgt-arm_20.2.2.LTS\lib\</path>
         <kind>archive</kind>
         <file>rtsv7M4_T_le_v4SPD16_eabi.lib</file>
         <name>s_copysign.c.obj</name>
      </input_file>
   </input_file_list>
   <object_component_list>
      <object_component id="oc-12">
         <name>.intvecs</name>
         <load_address>0x0</load_address>
         <run_address>0x0</run_address>
         <size>0x26c</size>
         <input_file_ref idref="fl-4"/>
      </object_component>
      <object_component id="oc-545">
         <name>.text</name>
         <load_address>0x26c</load_address>
         <run_address>0x26c</run_address>
         <size>0x3084</size>
         <input_file_ref idref="fl-4c"/>
      </object_component>
      <object_component id="oc-2c1">
         <name>.text</name>
         <load_address>0x32f0</load_address>
         <run_address>0x32f0</run_address>
         <size>0x238c</size>
         <input_file_ref idref="fl-2e"/>
      </object_component>
      <object_component id="oc-97">
         <name>.text</name>
         <load_address>0x567c</load_address>
         <run_address>0x567c</run_address>
         <size>0x211c</size>
         <input_file_ref idref="fl-a"/>
      </object_component>
      <object_component id="oc-ed">
         <name>.text</name>
         <load_address>0x7798</load_address>
         <run_address>0x7798</run_address>
         <size>0x1688</size>
         <input_file_ref idref="fl-28"/>
      </object_component>
      <object_component id="oc-14b">
         <name>.text</name>
         <load_address>0x8e20</load_address>
         <run_address>0x8e20</run_address>
         <size>0x1570</size>
         <input_file_ref idref="fl-3f"/>
      </object_component>
      <object_component id="oc-f3">
         <name>.text</name>
         <load_address>0xa390</load_address>
         <run_address>0xa390</run_address>
         <size>0x1288</size>
         <input_file_ref idref="fl-1c"/>
      </object_component>
      <object_component id="oc-b2">
         <name>.text</name>
         <load_address>0xb618</load_address>
         <run_address>0xb618</run_address>
         <size>0x1234</size>
         <input_file_ref idref="fl-8"/>
      </object_component>
      <object_component id="oc-e7">
         <name>.text</name>
         <load_address>0xc84c</load_address>
         <run_address>0xc84c</run_address>
         <size>0x1040</size>
         <input_file_ref idref="fl-f"/>
      </object_component>
      <object_component id="oc-411">
         <name>.text</name>
         <load_address>0xd88c</load_address>
         <run_address>0xd88c</run_address>
         <size>0xfdc</size>
         <input_file_ref idref="fl-3a"/>
      </object_component>
      <object_component id="oc-2cd">
         <name>.text</name>
         <load_address>0xe868</load_address>
         <run_address>0xe868</run_address>
         <size>0xfa8</size>
         <input_file_ref idref="fl-50"/>
      </object_component>
      <object_component id="oc-38c">
         <name>.text</name>
         <load_address>0xf810</load_address>
         <run_address>0xf810</run_address>
         <size>0xd20</size>
         <input_file_ref idref="fl-2b"/>
      </object_component>
      <object_component id="oc-38">
         <name>.text</name>
         <load_address>0x10530</load_address>
         <run_address>0x10530</run_address>
         <size>0xb8c</size>
         <input_file_ref idref="fl-59"/>
      </object_component>
      <object_component id="oc-b8">
         <name>.text</name>
         <load_address>0x110bc</load_address>
         <run_address>0x110bc</run_address>
         <size>0xb08</size>
         <input_file_ref idref="fl-2c"/>
      </object_component>
      <object_component id="oc-39f">
         <name>.text:__TI_printfi</name>
         <load_address>0x11bc4</load_address>
         <run_address>0x11bc4</run_address>
         <size>0xa4e</size>
         <input_file_ref idref="fl-125"/>
      </object_component>
      <object_component id="oc-21c">
         <name>.text</name>
         <load_address>0x12612</load_address>
         <run_address>0x12612</run_address>
         <size>0x2</size>
         <input_file_ref idref="fl-126"/>
      </object_component>
      <object_component id="oc-68f">
         <name>.text</name>
         <load_address>0x12614</load_address>
         <run_address>0x12614</run_address>
         <size>0x924</size>
         <input_file_ref idref="fl-4a"/>
      </object_component>
      <object_component id="oc-1a3">
         <name>.text</name>
         <load_address>0x12f38</load_address>
         <run_address>0x12f38</run_address>
         <size>0x820</size>
         <input_file_ref idref="fl-b"/>
      </object_component>
      <object_component id="oc-132">
         <name>.text</name>
         <load_address>0x13758</load_address>
         <run_address>0x13758</run_address>
         <size>0x768</size>
         <input_file_ref idref="fl-2"/>
      </object_component>
      <object_component id="oc-405">
         <name>.text</name>
         <load_address>0x13ec0</load_address>
         <run_address>0x13ec0</run_address>
         <size>0x598</size>
         <input_file_ref idref="fl-4e"/>
      </object_component>
      <object_component id="oc-40b">
         <name>.text</name>
         <load_address>0x14458</load_address>
         <run_address>0x14458</run_address>
         <size>0x570</size>
         <input_file_ref idref="fl-52"/>
      </object_component>
      <object_component id="oc-f9">
         <name>.text</name>
         <load_address>0x149c8</load_address>
         <run_address>0x149c8</run_address>
         <size>0x490</size>
         <input_file_ref idref="fl-1f"/>
      </object_component>
      <object_component id="oc-53d">
         <name>.text</name>
         <load_address>0x14e58</load_address>
         <run_address>0x14e58</run_address>
         <size>0x48c</size>
         <input_file_ref idref="fl-53"/>
      </object_component>
      <object_component id="oc-18b">
         <name>.text</name>
         <load_address>0x152e4</load_address>
         <run_address>0x152e4</run_address>
         <size>0x464</size>
         <input_file_ref idref="fl-e"/>
      </object_component>
      <object_component id="oc-11b">
         <name>.text</name>
         <load_address>0x15748</load_address>
         <run_address>0x15748</run_address>
         <size>0x42c</size>
         <input_file_ref idref="fl-32"/>
      </object_component>
      <object_component id="oc-2ae">
         <name>.text:strtof</name>
         <load_address>0x15b74</load_address>
         <run_address>0x15b74</run_address>
         <size>0x3c8</size>
         <input_file_ref idref="fl-11f"/>
      </object_component>
      <object_component id="oc-271">
         <name>.text</name>
         <load_address>0x15f3c</load_address>
         <run_address>0x15f3c</run_address>
         <size>0x3c0</size>
         <input_file_ref idref="fl-36"/>
      </object_component>
      <object_component id="oc-2f2">
         <name>.text</name>
         <load_address>0x162fc</load_address>
         <run_address>0x162fc</run_address>
         <size>0x3bc</size>
         <input_file_ref idref="fl-3d"/>
      </object_component>
      <object_component id="oc-44">
         <name>.text</name>
         <load_address>0x166b8</load_address>
         <run_address>0x166b8</run_address>
         <size>0x378</size>
         <input_file_ref idref="fl-3"/>
      </object_component>
      <object_component id="oc-115">
         <name>.text</name>
         <load_address>0x16a30</load_address>
         <run_address>0x16a30</run_address>
         <size>0x2f2</size>
         <input_file_ref idref="fl-35"/>
      </object_component>
      <object_component id="oc-2ec">
         <name>.text</name>
         <load_address>0x16d22</load_address>
         <run_address>0x16d22</run_address>
         <size>0x2de</size>
         <input_file_ref idref="fl-3b"/>
      </object_component>
      <object_component id="oc-32">
         <name>.text</name>
         <load_address>0x17000</load_address>
         <run_address>0x17000</run_address>
         <size>0x2d0</size>
         <input_file_ref idref="fl-c"/>
      </object_component>
      <object_component id="oc-10f">
         <name>.text</name>
         <load_address>0x172d0</load_address>
         <run_address>0x172d0</run_address>
         <size>0x2b0</size>
         <input_file_ref idref="fl-34"/>
      </object_component>
      <object_component id="oc-50d">
         <name>.text:_pconv_a</name>
         <load_address>0x17580</load_address>
         <run_address>0x17580</run_address>
         <size>0x270</size>
         <input_file_ref idref="fl-125"/>
      </object_component>
      <object_component id="oc-493">
         <name>.text</name>
         <load_address>0x177f0</load_address>
         <run_address>0x177f0</run_address>
         <size>0x1d2</size>
         <input_file_ref idref="fl-4f"/>
      </object_component>
      <object_component id="oc-4fb">
         <name>.text:_pconv_g</name>
         <load_address>0x179c4</load_address>
         <run_address>0x179c4</run_address>
         <size>0x1d0</size>
         <input_file_ref idref="fl-125"/>
      </object_component>
      <object_component id="oc-635">
         <name>.text</name>
         <load_address>0x17b94</load_address>
         <run_address>0x17b94</run_address>
         <size>0x1b6</size>
         <input_file_ref idref="fl-127"/>
      </object_component>
      <object_component id="oc-3e">
         <name>.text</name>
         <load_address>0x17d4c</load_address>
         <run_address>0x17d4c</run_address>
         <size>0x148</size>
         <input_file_ref idref="fl-31"/>
      </object_component>
      <object_component id="oc-507">
         <name>.text:_pconv_e</name>
         <load_address>0x17e94</load_address>
         <run_address>0x17e94</run_address>
         <size>0x13c</size>
         <input_file_ref idref="fl-125"/>
      </object_component>
      <object_component id="oc-61b">
         <name>.text</name>
         <load_address>0x17fd0</load_address>
         <run_address>0x17fd0</run_address>
         <size>0x136</size>
         <input_file_ref idref="fl-129"/>
      </object_component>
      <object_component id="oc-191">
         <name>.text</name>
         <load_address>0x18106</load_address>
         <run_address>0x18106</run_address>
         <size>0x12a</size>
         <input_file_ref idref="fl-7"/>
      </object_component>
      <object_component id="oc-12c">
         <name>.text</name>
         <load_address>0x18230</load_address>
         <run_address>0x18230</run_address>
         <size>0x128</size>
         <input_file_ref idref="fl-30"/>
      </object_component>
      <object_component id="oc-109">
         <name>.text</name>
         <load_address>0x18358</load_address>
         <run_address>0x18358</run_address>
         <size>0x124</size>
         <input_file_ref idref="fl-58"/>
      </object_component>
      <object_component id="oc-647">
         <name>.text:fcvt</name>
         <load_address>0x1847c</load_address>
         <run_address>0x1847c</run_address>
         <size>0x124</size>
         <input_file_ref idref="fl-125"/>
      </object_component>
      <object_component id="oc-65b">
         <name>.text:scalbn</name>
         <load_address>0x185a0</load_address>
         <run_address>0x185a0</run_address>
         <size>0x110</size>
         <input_file_ref idref="fl-13a"/>
      </object_component>
      <object_component id="oc-2b4">
         <name>.text:strtoul</name>
         <load_address>0x186b0</load_address>
         <run_address>0x186b0</run_address>
         <size>0x110</size>
         <input_file_ref idref="fl-120"/>
      </object_component>
      <object_component id="oc-616">
         <name>.text</name>
         <load_address>0x187c0</load_address>
         <run_address>0x187c0</run_address>
         <size>0xfc</size>
         <input_file_ref idref="fl-12a"/>
      </object_component>
      <object_component id="oc-2d3">
         <name>.text</name>
         <load_address>0x188bc</load_address>
         <run_address>0x188bc</run_address>
         <size>0xec</size>
         <input_file_ref idref="fl-54"/>
      </object_component>
      <object_component id="oc-2d">
         <name>.text</name>
         <load_address>0x189a8</load_address>
         <run_address>0x189a8</run_address>
         <size>0xda</size>
         <input_file_ref idref="fl-d"/>
      </object_component>
      <object_component id="oc-452">
         <name>.text:scalbnf</name>
         <load_address>0x18a84</load_address>
         <run_address>0x18a84</run_address>
         <size>0xd0</size>
         <input_file_ref idref="fl-123"/>
      </object_component>
      <object_component id="oc-2c7">
         <name>.text</name>
         <load_address>0x18b54</load_address>
         <run_address>0x18b54</run_address>
         <size>0xc8</size>
         <input_file_ref idref="fl-55"/>
      </object_component>
      <object_component id="oc-4f0">
         <name>.text:_ltostr</name>
         <load_address>0x18c1c</load_address>
         <run_address>0x18c1c</run_address>
         <size>0xb1</size>
         <input_file_ref idref="fl-125"/>
      </object_component>
      <object_component id="oc-2ba">
         <name>.text</name>
         <load_address>0x18cd0</load_address>
         <run_address>0x18cd0</run_address>
         <size>0xac</size>
         <input_file_ref idref="fl-57"/>
      </object_component>
      <object_component id="oc-5e">
         <name>.text</name>
         <load_address>0x18d7c</load_address>
         <run_address>0x18d7c</run_address>
         <size>0x9c</size>
         <input_file_ref idref="fl-115"/>
      </object_component>
      <object_component id="oc-60f">
         <name>.text</name>
         <load_address>0x18e18</load_address>
         <run_address>0x18e18</run_address>
         <size>0x96</size>
         <input_file_ref idref="fl-12d"/>
      </object_component>
      <object_component id="oc-4f6">
         <name>.text:__aeabi_cdcmple</name>
         <load_address>0x18eae</load_address>
         <run_address>0x18eae</run_address>
         <size>0x86</size>
         <input_file_ref idref="fl-128"/>
      </object_component>
      <object_component id="oc-620">
         <name>.text:__aeabi_cdrcmple</name>
         <load_address>0x18f34</load_address>
         <run_address>0x18f34</run_address>
         <size>0x86</size>
         <input_file_ref idref="fl-128"/>
      </object_component>
      <object_component id="oc-121">
         <name>.text</name>
         <load_address>0x18fba</load_address>
         <run_address>0x18fba</run_address>
         <size>0x7a</size>
         <input_file_ref idref="fl-116"/>
      </object_component>
      <object_component id="oc-640">
         <name>.text:_mcpy</name>
         <load_address>0x19034</load_address>
         <run_address>0x19034</run_address>
         <size>0x6e</size>
         <input_file_ref idref="fl-125"/>
      </object_component>
      <object_component id="oc-285">
         <name>.text</name>
         <load_address>0x190a4</load_address>
         <run_address>0x190a4</run_address>
         <size>0x68</size>
         <input_file_ref idref="fl-33"/>
      </object_component>
      <object_component id="oc-1a9">
         <name>.text</name>
         <load_address>0x1910c</load_address>
         <run_address>0x1910c</run_address>
         <size>0x68</size>
         <input_file_ref idref="fl-56"/>
      </object_component>
      <object_component id="oc-15">
         <name>.text:decompress:lzss:__TI_decompress_lzss</name>
         <load_address>0x19174</load_address>
         <run_address>0x19174</run_address>
         <size>0x68</size>
         <input_file_ref idref="fl-11a"/>
      </object_component>
      <object_component id="oc-655">
         <name>.text:frexp</name>
         <load_address>0x191dc</load_address>
         <run_address>0x191dc</run_address>
         <size>0x64</size>
         <input_file_ref idref="fl-139"/>
      </object_component>
      <object_component id="oc-501">
         <name>.text:_pconv_f</name>
         <load_address>0x19240</load_address>
         <run_address>0x19240</run_address>
         <size>0x56</size>
         <input_file_ref idref="fl-125"/>
      </object_component>
      <object_component id="oc-62a">
         <name>.text:__TI_ltoa</name>
         <load_address>0x19296</load_address>
         <run_address>0x19296</run_address>
         <size>0x54</size>
         <input_file_ref idref="fl-133"/>
      </object_component>
      <object_component id="oc-63a">
         <name>.text:_ecpy</name>
         <load_address>0x192ea</load_address>
         <run_address>0x192ea</run_address>
         <size>0x52</size>
         <input_file_ref idref="fl-125"/>
      </object_component>
      <object_component id="oc-28d">
         <name>.text</name>
         <load_address>0x1933c</load_address>
         <run_address>0x1933c</run_address>
         <size>0x50</size>
         <input_file_ref idref="fl-114"/>
      </object_component>
      <object_component id="oc-4ea">
         <name>.text:atoi</name>
         <load_address>0x1938c</load_address>
         <run_address>0x1938c</run_address>
         <size>0x4c</size>
         <input_file_ref idref="fl-135"/>
      </object_component>
      <object_component id="oc-625">
         <name>.text</name>
         <load_address>0x193d8</load_address>
         <run_address>0x193d8</run_address>
         <size>0x48</size>
         <input_file_ref idref="fl-12b"/>
      </object_component>
      <object_component id="oc-31c">
         <name>.text:__TI_auto_init_nobinit_nopinit:__TI_auto_init_nobinit_nopinit</name>
         <load_address>0x19420</load_address>
         <run_address>0x19420</run_address>
         <size>0x44</size>
         <input_file_ref idref="fl-12e"/>
      </object_component>
      <object_component id="oc-d3">
         <name>.text</name>
         <load_address>0x19464</load_address>
         <run_address>0x19464</run_address>
         <size>0x40</size>
         <input_file_ref idref="fl-117"/>
      </object_component>
      <object_component id="oc-1ce">
         <name>.text:sprintf</name>
         <load_address>0x194a4</load_address>
         <run_address>0x194a4</run_address>
         <size>0x40</size>
         <input_file_ref idref="fl-113"/>
      </object_component>
      <object_component id="oc-64d">
         <name>.text:_fcpy</name>
         <load_address>0x194e4</load_address>
         <run_address>0x194e4</run_address>
         <size>0x3e</size>
         <input_file_ref idref="fl-125"/>
      </object_component>
      <object_component id="oc-22f">
         <name>.text</name>
         <load_address>0x19522</load_address>
         <run_address>0x19522</run_address>
         <size>0x3e</size>
         <input_file_ref idref="fl-13"/>
      </object_component>
      <object_component id="oc-7c">
         <name>.text:_c_int00_noargs:_c_int00_noargs</name>
         <load_address>0x19560</load_address>
         <run_address>0x19560</run_address>
         <size>0x34</size>
         <input_file_ref idref="fl-121"/>
      </object_component>
      <object_component id="oc-630">
         <name>.text</name>
         <load_address>0x19594</load_address>
         <run_address>0x19594</run_address>
         <size>0x2e</size>
         <input_file_ref idref="fl-12c"/>
      </object_component>
      <object_component id="oc-27">
         <name>.text</name>
         <load_address>0x195c4</load_address>
         <run_address>0x195c4</run_address>
         <size>0x2c</size>
         <input_file_ref idref="fl-4"/>
      </object_component>
      <object_component id="oc-2a5">
         <name>.text:strncmp</name>
         <load_address>0x195f0</load_address>
         <run_address>0x195f0</run_address>
         <size>0x2c</size>
         <input_file_ref idref="fl-11e"/>
      </object_component>
      <object_component id="oc-1b2">
         <name>.text:GetOverflowCounts</name>
         <load_address>0x1961c</load_address>
         <run_address>0x1961c</run_address>
         <size>0x24</size>
         <input_file_ref idref="fl-56"/>
      </object_component>
      <object_component id="oc-4a">
         <name>.text</name>
         <load_address>0x19640</load_address>
         <run_address>0x19640</run_address>
         <size>0x24</size>
         <input_file_ref idref="fl-40"/>
      </object_component>
      <object_component id="oc-513">
         <name>.text:memccpy</name>
         <load_address>0x19664</load_address>
         <run_address>0x19664</run_address>
         <size>0x1c</size>
         <input_file_ref idref="fl-137"/>
      </object_component>
      <object_component id="oc-717">
         <name>.text:copysign</name>
         <load_address>0x19680</load_address>
         <run_address>0x19680</run_address>
         <size>0x1a</size>
         <input_file_ref idref="fl-13c"/>
      </object_component>
      <object_component id="oc-3a5">
         <name>.text:_outs</name>
         <load_address>0x1969a</load_address>
         <run_address>0x1969a</run_address>
         <size>0x18</size>
         <input_file_ref idref="fl-113"/>
      </object_component>
      <object_component id="oc-59f">
         <name>.text:copysignf</name>
         <load_address>0x196b2</load_address>
         <run_address>0x196b2</run_address>
         <size>0x18</size>
         <input_file_ref idref="fl-124"/>
      </object_component>
      <object_component id="oc-463">
         <name>.text:strcmp</name>
         <load_address>0x196ca</load_address>
         <run_address>0x196ca</run_address>
         <size>0x18</size>
         <input_file_ref idref="fl-11b"/>
      </object_component>
      <object_component id="oc-661">
         <name>.text:strchr</name>
         <load_address>0x196e2</load_address>
         <run_address>0x196e2</run_address>
         <size>0x16</size>
         <input_file_ref idref="fl-138"/>
      </object_component>
      <object_component id="oc-1c2">
         <name>.text:strcpy</name>
         <load_address>0x196f8</load_address>
         <run_address>0x196f8</run_address>
         <size>0x14</size>
         <input_file_ref idref="fl-11c"/>
      </object_component>
      <object_component id="oc-1c8">
         <name>.text:strlen</name>
         <load_address>0x1970c</load_address>
         <run_address>0x1970c</run_address>
         <size>0x14</size>
         <input_file_ref idref="fl-11d"/>
      </object_component>
      <object_component id="oc-519">
         <name>.text:wcslen</name>
         <load_address>0x19720</load_address>
         <run_address>0x19720</run_address>
         <size>0x12</size>
         <input_file_ref idref="fl-13b"/>
      </object_component>
      <object_component id="oc-1b">
         <name>.text:decompress:none:__TI_decompress_none</name>
         <load_address>0x19732</load_address>
         <run_address>0x19732</run_address>
         <size>0xe</size>
         <input_file_ref idref="fl-119"/>
      </object_component>
      <object_component id="oc-70">
         <name>.text:decompress:ZI:__TI_zero_init</name>
         <load_address>0x19740</load_address>
         <run_address>0x19740</run_address>
         <size>0xc</size>
         <input_file_ref idref="fl-118"/>
      </object_component>
      <object_component id="oc-3ab">
         <name>.text:_outc</name>
         <load_address>0x1974c</load_address>
         <run_address>0x1974c</run_address>
         <size>0xa</size>
         <input_file_ref idref="fl-113"/>
      </object_component>
      <object_component id="oc-44c">
         <name>.text:__aeabi_errno_addr</name>
         <load_address>0x19758</load_address>
         <run_address>0x19758</run_address>
         <size>0x8</size>
         <input_file_ref idref="fl-122"/>
      </object_component>
      <object_component id="oc-23e">
         <name>.text:SysCtlDelay</name>
         <load_address>0x19760</load_address>
         <run_address>0x19760</run_address>
         <size>0x6</size>
         <input_file_ref idref="fl-28"/>
      </object_component>
      <object_component id="oc-16f">
         <name>.text:_system_pre_init</name>
         <load_address>0x19766</load_address>
         <run_address>0x19766</run_address>
         <size>0x4</size>
         <input_file_ref idref="fl-12f"/>
      </object_component>
      <object_component id="oc-310">
         <name>.text:abort:abort</name>
         <load_address>0x1976a</load_address>
         <run_address>0x1976a</run_address>
         <size>0x4</size>
         <input_file_ref idref="fl-131"/>
      </object_component>
      <object_component id="oc-435">
         <name>.const:crctttab</name>
         <load_address>0x19770</load_address>
         <run_address>0x19770</run_address>
         <size>0x200</size>
         <input_file_ref idref="fl-33"/>
      </object_component>
      <object_component id="oc-449">
         <name>.const:.string</name>
         <load_address>0x19970</load_address>
         <run_address>0x19970</run_address>
         <size>0x1ca</size>
         <input_file_ref idref="fl-2"/>
      </object_component>
      <object_component id="oc-23b">
         <name>.const:g_pppui32XTALtoVCO</name>
         <load_address>0x19b3c</load_address>
         <run_address>0x19b3c</run_address>
         <size>0x1b0</size>
         <input_file_ref idref="fl-28"/>
      </object_component>
      <object_component id="oc-458">
         <name>.const:.string:_ctypes_</name>
         <load_address>0x19cec</load_address>
         <run_address>0x19cec</run_address>
         <size>0x101</size>
         <input_file_ref idref="fl-136"/>
      </object_component>
      <object_component id="oc-244">
         <name>.const:g_ppui32GPIOIntMapSnowflake</name>
         <load_address>0x19df0</load_address>
         <run_address>0x19df0</run_address>
         <size>0xd8</size>
         <input_file_ref idref="fl-1c"/>
      </object_component>
      <object_component id="oc-241">
         <name>.const:g_ppui32GPIOIntMapBlizzard</name>
         <load_address>0x19ec8</load_address>
         <run_address>0x19ec8</run_address>
         <size>0xc0</size>
         <input_file_ref idref="fl-1c"/>
      </object_component>
      <object_component id="oc-252">
         <name>.const:g_pui32Regs</name>
         <load_address>0x19f88</load_address>
         <run_address>0x19f88</run_address>
         <size>0x9c</size>
         <input_file_ref idref="fl-1f"/>
      </object_component>
      <object_component id="oc-247">
         <name>.const:g_pui32GPIOBaseAddrs</name>
         <load_address>0x1a024</load_address>
         <run_address>0x1a024</run_address>
         <size>0x90</size>
         <input_file_ref idref="fl-1c"/>
      </object_component>
      <object_component id="oc-235">
         <name>.const:g_pui32Xtals</name>
         <load_address>0x1a0b4</load_address>
         <run_address>0x1a0b4</run_address>
         <size>0x6c</size>
         <input_file_ref idref="fl-28"/>
      </object_component>
      <object_component id="oc-4de">
         <name>.const:g_ppui32TimerIntMap</name>
         <load_address>0x1a120</load_address>
         <run_address>0x1a120</run_address>
         <size>0x60</size>
         <input_file_ref idref="fl-2b"/>
      </object_component>
      <object_component id="oc-45b">
         <name>.const:$O1$$</name>
         <load_address>0x1a180</load_address>
         <run_address>0x1a180</run_address>
         <size>0x58</size>
         <input_file_ref idref="fl-11f"/>
      </object_component>
      <object_component id="oc-4e1">
         <name>.const:g_ppui32TimerIntMapSnowflake</name>
         <load_address>0x1a1d8</load_address>
         <run_address>0x1a1d8</run_address>
         <size>0x40</size>
         <input_file_ref idref="fl-2b"/>
      </object_component>
      <object_component id="oc-1fc">
         <name>.const:g_ppui32UARTIntMap</name>
         <load_address>0x1a218</load_address>
         <run_address>0x1a218</run_address>
         <size>0x40</size>
         <input_file_ref idref="fl-2c"/>
      </object_component>
      <object_component id="oc-1ff">
         <name>.const:g_ppui32UARTIntMapSnowflake</name>
         <load_address>0x1a258</load_address>
         <run_address>0x1a258</run_address>
         <size>0x40</size>
         <input_file_ref idref="fl-2c"/>
      </object_component>
      <object_component id="oc-6d9">
         <name>.const:.string:g_pui8ConfigString</name>
         <load_address>0x1a298</load_address>
         <run_address>0x1a298</run_address>
         <size>0x36</size>
         <input_file_ref idref="fl-37"/>
      </object_component>
      <object_component id="oc-2e9">
         <name>.const:g_psUSBDStdRequests</name>
         <load_address>0x1a2d0</load_address>
         <run_address>0x1a2d0</run_address>
         <size>0x34</size>
         <input_file_ref idref="fl-3f"/>
      </object_component>
      <object_component id="oc-554">
         <name>.const:g_sCDCHandlers</name>
         <load_address>0x1a304</load_address>
         <run_address>0x1a304</run_address>
         <size>0x30</size>
         <input_file_ref idref="fl-3a"/>
      </object_component>
      <object_component id="oc-22c">
         <name>.const:g_sXTALtoMEMTIM</name>
         <load_address>0x1a334</load_address>
         <run_address>0x1a334</run_address>
         <size>0x30</size>
         <input_file_ref idref="fl-28"/>
      </object_component>
      <object_component id="oc-6d6">
         <name>.const:.string:g_pui8ControlInterfaceString</name>
         <load_address>0x1a364</load_address>
         <run_address>0x1a364</run_address>
         <size>0x2c</size>
         <input_file_ref idref="fl-37"/>
      </object_component>
      <object_component id="oc-6cd">
         <name>.const:.string:g_pui8ManufacturerString</name>
         <load_address>0x1a390</load_address>
         <run_address>0x1a390</run_address>
         <size>0x24</size>
         <input_file_ref idref="fl-37"/>
      </object_component>
      <object_component id="oc-7b3">
         <name>.const:.string:g_pui8CDCSerCommInterface</name>
         <load_address>0x1a3b4</load_address>
         <run_address>0x1a3b4</run_address>
         <size>0x23</size>
         <input_file_ref idref="fl-3a"/>
      </object_component>
      <object_component id="oc-6d0">
         <name>.const:.string:g_pui8ProductString</name>
         <load_address>0x1a3d7</load_address>
         <run_address>0x1a3d7</run_address>
         <size>0x22</size>
         <input_file_ref idref="fl-37"/>
      </object_component>
      <object_component id="oc-24f">
         <name>.const:g_pui32Priority</name>
         <load_address>0x1a3fc</load_address>
         <run_address>0x1a3fc</run_address>
         <size>0x20</size>
         <input_file_ref idref="fl-1f"/>
      </object_component>
      <object_component id="oc-583">
         <name>.const:g_ppui8StringDescriptors</name>
         <load_address>0x1a41c</load_address>
         <run_address>0x1a41c</run_address>
         <size>0x18</size>
         <input_file_ref idref="fl-37"/>
      </object_component>
      <object_component id="oc-7b8">
         <name>.const:.string:g_pui8CDCSerDataInterface</name>
         <load_address>0x1a434</load_address>
         <run_address>0x1a434</run_address>
         <size>0x17</size>
         <input_file_ref idref="fl-3a"/>
      </object_component>
      <object_component id="oc-7bd">
         <name>.const:.string:g_pui8CDCSerDataInterfaceHS</name>
         <load_address>0x1a44b</load_address>
         <run_address>0x1a44b</run_address>
         <size>0x17</size>
         <input_file_ref idref="fl-3a"/>
      </object_component>
      <object_component id="oc-258">
         <name>.const:g_pui32Dii16Regs</name>
         <load_address>0x1a464</load_address>
         <run_address>0x1a464</run_address>
         <size>0x14</size>
         <input_file_ref idref="fl-1f"/>
      </object_component>
      <object_component id="oc-255">
         <name>.const:g_pui32EnRegs</name>
         <load_address>0x1a478</load_address>
         <run_address>0x1a478</run_address>
         <size>0x14</size>
         <input_file_ref idref="fl-1f"/>
      </object_component>
      <object_component id="oc-25b">
         <name>.const:g_pui32PendRegs</name>
         <load_address>0x1a48c</load_address>
         <run_address>0x1a48c</run_address>
         <size>0x14</size>
         <input_file_ref idref="fl-1f"/>
      </object_component>
      <object_component id="oc-25e">
         <name>.const:g_pui32UnpendRegs</name>
         <load_address>0x1a4a0</load_address>
         <run_address>0x1a4a0</run_address>
         <size>0x14</size>
         <input_file_ref idref="fl-1f"/>
      </object_component>
      <object_component id="oc-6d3">
         <name>.const:.string:g_pui8SerialNumberString</name>
         <load_address>0x1a4b4</load_address>
         <run_address>0x1a4b4</run_address>
         <size>0x12</size>
         <input_file_ref idref="fl-37"/>
      </object_component>
      <object_component id="oc-222">
         <name>.const:.string</name>
         <load_address>0x1a4c8</load_address>
         <run_address>0x1a4c8</run_address>
         <size>0x12</size>
         <input_file_ref idref="fl-59"/>
      </object_component>
      <object_component id="oc-c1">
         <name>.const:g_ui32UARTBase</name>
         <load_address>0x1a4dc</load_address>
         <run_address>0x1a4dc</run_address>
         <size>0xc</size>
         <input_file_ref idref="fl-59"/>
      </object_component>
      <object_component id="oc-c7">
         <name>.const:g_ui32UARTInt</name>
         <load_address>0x1a4e8</load_address>
         <run_address>0x1a4e8</run_address>
         <size>0xc</size>
         <input_file_ref idref="fl-59"/>
      </object_component>
      <object_component id="oc-c4">
         <name>.const:g_ui32UARTPeriph</name>
         <load_address>0x1a4f4</load_address>
         <run_address>0x1a4f4</run_address>
         <size>0xc</size>
         <input_file_ref idref="fl-59"/>
      </object_component>
      <object_component id="oc-238">
         <name>.const:g_pui32VCOFrequencies</name>
         <load_address>0x1a500</load_address>
         <run_address>0x1a500</run_address>
         <size>0x8</size>
         <input_file_ref idref="fl-28"/>
      </object_component>
      <object_component id="oc-6ba">
         <name>.const:g_sCDCCompSerConfigHeader</name>
         <load_address>0x1a508</load_address>
         <run_address>0x1a508</run_address>
         <size>0x8</size>
         <input_file_ref idref="fl-3a"/>
      </object_component>
      <object_component id="oc-6bf">
         <name>.const:g_sCDCCompSerConfigHeaderHS</name>
         <load_address>0x1a510</load_address>
         <run_address>0x1a510</run_address>
         <size>0x8</size>
         <input_file_ref idref="fl-3a"/>
      </object_component>
      <object_component id="oc-798">
         <name>.const:g_sCDCSerCommInterfaceSection</name>
         <load_address>0x1a518</load_address>
         <run_address>0x1a518</run_address>
         <size>0x8</size>
         <input_file_ref idref="fl-3a"/>
      </object_component>
      <object_component id="oc-6b0">
         <name>.const:g_sCDCSerConfigHeader</name>
         <load_address>0x1a520</load_address>
         <run_address>0x1a520</run_address>
         <size>0x8</size>
         <input_file_ref idref="fl-3a"/>
      </object_component>
      <object_component id="oc-6b5">
         <name>.const:g_sCDCSerConfigHeaderHS</name>
         <load_address>0x1a528</load_address>
         <run_address>0x1a528</run_address>
         <size>0x8</size>
         <input_file_ref idref="fl-3a"/>
      </object_component>
      <object_component id="oc-795">
         <name>.const:g_sCDCSerConfigSection</name>
         <load_address>0x1a530</load_address>
         <run_address>0x1a530</run_address>
         <size>0x8</size>
         <input_file_ref idref="fl-3a"/>
      </object_component>
      <object_component id="oc-79b">
         <name>.const:g_sCDCSerDataInterfaceSection</name>
         <load_address>0x1a538</load_address>
         <run_address>0x1a538</run_address>
         <size>0x8</size>
         <input_file_ref idref="fl-3a"/>
      </object_component>
      <object_component id="oc-7a0">
         <name>.const:g_sCDCSerDataInterfaceSectionHS</name>
         <load_address>0x1a540</load_address>
         <run_address>0x1a540</run_address>
         <size>0x8</size>
         <input_file_ref idref="fl-3a"/>
      </object_component>
      <object_component id="oc-7a5">
         <name>.const:g_sIADSerConfigSection</name>
         <load_address>0x1a548</load_address>
         <run_address>0x1a548</run_address>
         <size>0x8</size>
         <input_file_ref idref="fl-3a"/>
      </object_component>
      <object_component id="oc-94">
         <name>.const</name>
         <load_address>0x1a550</load_address>
         <run_address>0x1a550</run_address>
         <size>0x8</size>
         <input_file_ref idref="fl-c"/>
      </object_component>
      <object_component id="oc-6ca">
         <name>.const:.string:g_pui8LangDescriptor</name>
         <load_address>0x1a558</load_address>
         <run_address>0x1a558</run_address>
         <size>0x4</size>
         <input_file_ref idref="fl-37"/>
      </object_component>
      <object_component id="oc-560">
         <name>.const:g_pCDCCompSerConfigDescriptors</name>
         <load_address>0x1a55c</load_address>
         <run_address>0x1a55c</run_address>
         <size>0x4</size>
         <input_file_ref idref="fl-3a"/>
      </object_component>
      <object_component id="oc-563">
         <name>.const:g_pCDCCompSerConfigDescriptorsHS</name>
         <load_address>0x1a560</load_address>
         <run_address>0x1a560</run_address>
         <size>0x4</size>
         <input_file_ref idref="fl-3a"/>
      </object_component>
      <object_component id="oc-55a">
         <name>.const:g_ppCDCSerConfigDescriptors</name>
         <load_address>0x1a564</load_address>
         <run_address>0x1a564</run_address>
         <size>0x4</size>
         <input_file_ref idref="fl-3a"/>
      </object_component>
      <object_component id="oc-55d">
         <name>.const:g_ppCDCSerConfigDescriptorsHS</name>
         <load_address>0x1a568</load_address>
         <run_address>0x1a568</run_address>
         <size>0x4</size>
         <input_file_ref idref="fl-3a"/>
      </object_component>
      <object_component id="oc-1b9">
         <name>.const</name>
         <load_address>0x1a56c</load_address>
         <run_address>0x1a56c</run_address>
         <size>0x4</size>
         <input_file_ref idref="fl-a"/>
      </object_component>
      <object_component id="oc-d8">
         <name>.const</name>
         <load_address>0x1a570</load_address>
         <run_address>0x1a570</run_address>
         <size>0x4</size>
         <input_file_ref idref="fl-59"/>
      </object_component>
      <object_component id="oc-7fb">
         <name>.cinit..data.load</name>
         <load_address>0x1a578</load_address>
         <run_address>0x1a578</run_address>
         <size>0x159</size>
      </object_component>
      <object_component id="oc-7f8">
         <name>__TI_handler_table</name>
         <load_address>0x1a6d4</load_address>
         <run_address>0x1a6d4</run_address>
         <size>0xc</size>
      </object_component>
      <object_component id="oc-7fc">
         <name>.cinit..bss.load</name>
         <load_address>0x1a6e0</load_address>
         <run_address>0x1a6e0</run_address>
         <size>0x8</size>
      </object_component>
      <object_component id="oc-7fa">
         <name>.cinit..vtable.load</name>
         <load_address>0x1a6e8</load_address>
         <run_address>0x1a6e8</run_address>
         <size>0x8</size>
      </object_component>
      <object_component id="oc-7f9">
         <name>__TI_cinit_table</name>
         <load_address>0x1a6f0</load_address>
         <run_address>0x1a6f0</run_address>
         <size>0x18</size>
      </object_component>
      <object_component id="oc-24c">
         <name>.vtable</name>
         <uninitialized>true</uninitialized>
         <run_address>0x20000000</run_address>
         <size>0x26c</size>
         <input_file_ref idref="fl-1f"/>
      </object_component>
      <object_component id="oc-2ab">
         <name>.data:g_psCmdTable</name>
         <load_address>0x20006324</load_address>
         <run_address>0x20006324</run_address>
         <size>0x84</size>
         <input_file_ref idref="fl-2"/>
      </object_component>
      <object_component id="oc-126">
         <name>.data</name>
         <load_address>0x2000653a</load_address>
         <run_address>0x2000653a</run_address>
         <size>0x2</size>
         <input_file_ref idref="fl-3"/>
      </object_component>
      <object_component id="oc-91">
         <name>.data</name>
         <load_address>0x20006408</load_address>
         <run_address>0x20006408</run_address>
         <size>0x3c</size>
         <input_file_ref idref="fl-a"/>
      </object_component>
      <object_component id="oc-374">
         <name>.data</name>
         <load_address>0x20006590</load_address>
         <run_address>0x20006590</run_address>
         <size>0xc</size>
         <input_file_ref idref="fl-b"/>
      </object_component>
      <object_component id="oc-9e">
         <name>.data</name>
         <load_address>0x20006584</load_address>
         <run_address>0x20006584</run_address>
         <size>0xc</size>
         <input_file_ref idref="fl-c"/>
      </object_component>
      <object_component id="oc-35f">
         <name>.data</name>
         <load_address>0x200064fc</load_address>
         <run_address>0x200064fc</run_address>
         <size>0x18</size>
         <input_file_ref idref="fl-e"/>
      </object_component>
      <object_component id="oc-2a0">
         <name>.data</name>
         <load_address>0x20006569</load_address>
         <run_address>0x20006569</run_address>
         <size>0x3</size>
         <input_file_ref idref="fl-30"/>
      </object_component>
      <object_component id="oc-296">
         <name>.data</name>
         <load_address>0x200065e8</load_address>
         <run_address>0x200065e8</run_address>
         <size>0x4</size>
         <input_file_ref idref="fl-32"/>
      </object_component>
      <object_component id="oc-27d">
         <name>.data</name>
         <load_address>0x200065e4</load_address>
         <run_address>0x200065e4</run_address>
         <size>0x4</size>
         <input_file_ref idref="fl-34"/>
      </object_component>
      <object_component id="oc-41d">
         <name>.data</name>
         <load_address>0x2000655c</load_address>
         <run_address>0x2000655c</run_address>
         <size>0xd</size>
         <input_file_ref idref="fl-36"/>
      </object_component>
      <object_component id="oc-423">
         <name>.data:ConfigLinea</name>
         <load_address>0x200065dc</load_address>
         <run_address>0x200065dc</run_address>
         <size>0x7</size>
         <input_file_ref idref="fl-36"/>
      </object_component>
      <object_component id="oc-426">
         <name>.data:g_sCDCDevice</name>
         <load_address>0x200063a8</load_address>
         <run_address>0x200063a8</run_address>
         <size>0x60</size>
         <input_file_ref idref="fl-37"/>
      </object_component>
      <object_component id="oc-417">
         <name>.data:g_sRxBuffer</name>
         <load_address>0x20006444</load_address>
         <run_address>0x20006444</run_address>
         <size>0x38</size>
         <input_file_ref idref="fl-37"/>
      </object_component>
      <object_component id="oc-420">
         <name>.data:g_sTxBuffer</name>
         <load_address>0x2000647c</load_address>
         <run_address>0x2000647c</run_address>
         <size>0x38</size>
         <input_file_ref idref="fl-37"/>
      </object_component>
      <object_component id="oc-557">
         <name>.data:g_pui8CDCSerDeviceDescriptor</name>
         <load_address>0x20006528</load_address>
         <run_address>0x20006528</run_address>
         <size>0x12</size>
         <input_file_ref idref="fl-3a"/>
      </object_component>
      <object_component id="oc-566">
         <name>.data:g_pui8CDCSerDescriptor</name>
         <load_address>0x200065b4</load_address>
         <run_address>0x200065b4</run_address>
         <size>0x9</size>
         <input_file_ref idref="fl-3a"/>
      </object_component>
      <object_component id="oc-7c2">
         <name>.data:g_pui8IADSerDescriptor</name>
         <load_address>0x200065c9</load_address>
         <run_address>0x200065c9</run_address>
         <size>0x8</size>
         <input_file_ref idref="fl-3a"/>
      </object_component>
      <object_component id="oc-758">
         <name>.data:g_psCDCSerSections</name>
         <load_address>0x2000656c</load_address>
         <run_address>0x2000656c</run_address>
         <size>0xc</size>
         <input_file_ref idref="fl-3a"/>
      </object_component>
      <object_component id="oc-75d">
         <name>.data:g_psCDCSerSectionsHS</name>
         <load_address>0x20006578</load_address>
         <run_address>0x20006578</run_address>
         <size>0xc</size>
         <input_file_ref idref="fl-3a"/>
      </object_component>
      <object_component id="oc-762">
         <name>.data:g_psCDCCompSerSections</name>
         <load_address>0x2000653c</load_address>
         <run_address>0x2000653c</run_address>
         <size>0x10</size>
         <input_file_ref idref="fl-3a"/>
      </object_component>
      <object_component id="oc-767">
         <name>.data:g_psCDCCompSerSectionsHS</name>
         <load_address>0x2000654c</load_address>
         <run_address>0x2000654c</run_address>
         <size>0x10</size>
         <input_file_ref idref="fl-3a"/>
      </object_component>
      <object_component id="oc-551">
         <name>.data</name>
         <load_address>0x200065be</load_address>
         <run_address>0x200065be</run_address>
         <size>0x2</size>
         <input_file_ref idref="fl-3a"/>
      </object_component>
      <object_component id="oc-2e0">
         <name>.data</name>
         <load_address>0x200065d4</load_address>
         <run_address>0x200065d4</run_address>
         <size>0x8</size>
         <input_file_ref idref="fl-3f"/>
      </object_component>
      <object_component id="oc-68c">
         <name>.data</name>
         <load_address>0x20006514</load_address>
         <run_address>0x20006514</run_address>
         <size>0x14</size>
         <input_file_ref idref="fl-4c"/>
      </object_component>
      <object_component id="oc-69e">
         <name>.data:g_sUSBHEP0State</name>
         <load_address>0x200064e4</load_address>
         <run_address>0x200064e4</run_address>
         <size>0x18</size>
         <input_file_ref idref="fl-4c"/>
      </object_component>
      <object_component id="oc-2dd">
         <name>.data</name>
         <load_address>0x200065c0</load_address>
         <run_address>0x200065c0</run_address>
         <size>0x9</size>
         <input_file_ref idref="fl-52"/>
      </object_component>
      <object_component id="oc-2f8">
         <name>.data</name>
         <load_address>0x200065a8</load_address>
         <run_address>0x200065a8</run_address>
         <size>0xc</size>
         <input_file_ref idref="fl-54"/>
      </object_component>
      <object_component id="oc-26d">
         <name>.data:g_pui32CPUUsageTimerPeriph</name>
         <load_address>0x200064cc</load_address>
         <run_address>0x200064cc</run_address>
         <size>0x18</size>
         <input_file_ref idref="fl-58"/>
      </object_component>
      <object_component id="oc-267">
         <name>.data:g_pui32CPUUsageTimerBase</name>
         <load_address>0x200064b4</load_address>
         <run_address>0x200064b4</run_address>
         <size>0x18</size>
         <input_file_ref idref="fl-58"/>
      </object_component>
      <object_component id="oc-ca">
         <name>.data</name>
         <load_address>0x2000659c</load_address>
         <run_address>0x2000659c</run_address>
         <size>0xc</size>
         <input_file_ref idref="fl-59"/>
      </object_component>
      <object_component id="oc-59a">
         <name>.data</name>
         <load_address>0x200065ec</load_address>
         <run_address>0x200065ec</run_address>
         <size>0x4</size>
         <input_file_ref idref="fl-122"/>
      </object_component>
      <object_component id="oc-197">
         <name>.bss:pxReadyTasksLists</name>
         <uninitialized>true</uninitialized>
         <run_address>0x20005b38</run_address>
         <size>0x140</size>
         <input_file_ref idref="fl-a"/>
      </object_component>
      <object_component id="oc-1bc">
         <name>.bss:xDelayedTaskList1</name>
         <uninitialized>true</uninitialized>
         <run_address>0x2000623c</run_address>
         <size>0x14</size>
         <input_file_ref idref="fl-a"/>
      </object_component>
      <object_component id="oc-1bf">
         <name>.bss:xDelayedTaskList2</name>
         <uninitialized>true</uninitialized>
         <run_address>0x20006250</run_address>
         <size>0x14</size>
         <input_file_ref idref="fl-a"/>
      </object_component>
      <object_component id="oc-19d">
         <name>.bss</name>
         <uninitialized>true</uninitialized>
         <run_address>0x200062c8</run_address>
         <size>0x8</size>
         <input_file_ref idref="fl-a"/>
      </object_component>
      <object_component id="oc-1af">
         <name>.bss:xPendingReadyList</name>
         <uninitialized>true</uninitialized>
         <run_address>0x20006264</run_address>
         <size>0x14</size>
         <input_file_ref idref="fl-a"/>
      </object_component>
      <object_component id="oc-19a">
         <name>.bss:xTasksWaitingTermination</name>
         <uninitialized>true</uninitialized>
         <run_address>0x2000628c</run_address>
         <size>0x14</size>
         <input_file_ref idref="fl-a"/>
      </object_component>
      <object_component id="oc-1a0">
         <name>.bss:xSuspendedTaskList</name>
         <uninitialized>true</uninitialized>
         <run_address>0x20006278</run_address>
         <size>0x14</size>
         <input_file_ref idref="fl-a"/>
      </object_component>
      <object_component id="oc-37a">
         <name>.bss:xActiveTimerList1</name>
         <uninitialized>true</uninitialized>
[...]
         <value>0x20006314</value>
      </symbol>
      <symbol id="sm-1d81">
         <name>g_eOTGModeState</name>
         <value>0x20006320</value>
      </symbol>
      <symbol id="sm-1d82">
         <name>USBOTGModeTerm</name>
         <value>0x1462f</value>
         <object_component_ref idref="oc-40b"/>
      </symbol>
      <symbol id="sm-1d83">
         <name>USB0DualModeIntHandler</name>
         <value>0x14523</value>
         <object_component_ref idref="oc-40b"/>
      </symbol>
      <symbol id="sm-1d84">
         <name>USBOTGMain</name>
         <value>0x148cf</value>
         <object_component_ref idref="oc-40b"/>
      </symbol>
      <symbol id="sm-1d85">
         <name>USB0OTGModeIntHandler</name>
         <value>0x147cd</value>
         <object_component_ref idref="oc-40b"/>
      </symbol>
      <symbol id="sm-1d86">
         <name>USBDualModeInit</name>
         <value>0x1456f</value>
         <object_component_ref idref="oc-40b"/>
      </symbol>
      <symbol id="sm-1d87">
         <name>USBDualModeTerm</name>
         <value>0x145ed</value>
         <object_component_ref idref="oc-40b"/>
      </symbol>
      <symbol id="sm-1d88">
         <name>g_iUSBMode</name>
         <value>0x200065c0</value>
         <object_component_ref idref="oc-2dd"/>
      </symbol>
      <symbol id="sm-1d89">
         <name>USBOTGModeInit</name>
         <value>0x14677</value>
         <object_component_ref idref="oc-40b"/>
      </symbol>
      <symbol id="sm-1d8a">
         <name>USBStackModeSet</name>
         <value>0x144d9</value>
         <object_component_ref idref="oc-40b"/>
      </symbol>
      <symbol id="sm-1d8b">
         <name>g_ui32WaitTicks</name>
         <value>0x200065c4</value>
         <object_component_ref idref="oc-2dd"/>
      </symbol>
      <symbol id="sm-1d8c">
         <name>USBOTGPollRate</name>
         <value>0x1479d</value>
         <object_component_ref idref="oc-40b"/>
      </symbol>
      <symbol id="sm-1d8d">
         <name>OTGDeviceDisconnect</name>
         <value>0x148b5</value>
         <object_component_ref idref="oc-40b"/>
      </symbol>
      <symbol id="sm-1d8e">
         <name>USBOTGFeatureSet</name>
         <value>0x1496d</value>
         <object_component_ref idref="oc-40b"/>
      </symbol>
      <symbol id="sm-1de5">
         <name>USBRingBufWrite</name>
         <value>0x1521f</value>
         <object_component_ref idref="oc-53d"/>
      </symbol>
      <symbol id="sm-1de6">
         <name>USBRingBufContigUsed</name>
         <value>0x14fa1</value>
         <object_component_ref idref="oc-53d"/>
      </symbol>
      <symbol id="sm-1de7">
         <name>USBRingBufFlush</name>
         <value>0x14f17</value>
         <object_component_ref idref="oc-53d"/>
      </symbol>
      <symbol id="sm-1de8">
         <name>USBRingBufAdvanceWrite</name>
         <value>0x15149</value>
         <object_component_ref idref="oc-53d"/>
      </symbol>
      <symbol id="sm-1de9">
         <name>USBRingBufWriteOne</name>
         <value>0x151d9</value>
         <object_component_ref idref="oc-53d"/>
      </symbol>
      <symbol id="sm-1dea">
         <name>USBRingBufUsed</name>
         <value>0x14f43</value>
         <object_component_ref idref="oc-53d"/>
      </symbol>
      <symbol id="sm-1deb">
         <name>USBRingBufFree</name>
         <value>0x14f7d</value>
         <object_component_ref idref="oc-53d"/>
      </symbol>
      <symbol id="sm-1dec">
         <name>USBRingBufAdvanceRead</name>
         <value>0x150f3</value>
         <object_component_ref idref="oc-53d"/>
      </symbol>
      <symbol id="sm-1ded">
         <name>USBRingBufFull</name>
         <value>0x14ea3</value>
         <object_component_ref idref="oc-53d"/>
      </symbol>
      <symbol id="sm-1dee">
         <name>USBRingBufReadOne</name>
         <value>0x15037</value>
         <object_component_ref idref="oc-53d"/>
      </symbol>
      <symbol id="sm-1def">
         <name>USBRingBufEmpty</name>
         <value>0x14ee5</value>
         <object_component_ref idref="oc-53d"/>
      </symbol>
      <symbol id="sm-1df0">
         <name>USBRingBufSize</name>
         <value>0x1501f</value>
         <object_component_ref idref="oc-53d"/>
      </symbol>
      <symbol id="sm-1df1">
         <name>USBRingBufInit</name>
         <value>0x15295</value>
         <object_component_ref idref="oc-53d"/>
      </symbol>
      <symbol id="sm-1df2">
         <name>USBRingBufRead</name>
         <value>0x1507d</value>
         <object_component_ref idref="oc-53d"/>
      </symbol>
      <symbol id="sm-1df3">
         <name>USBRingBufContigFree</name>
         <value>0x14fd9</value>
         <object_component_ref idref="oc-53d"/>
      </symbol>
      <symbol id="sm-1e1c">
         <name>g_pfnTickHandlers</name>
         <value>0x200061d0</value>
      </symbol>
      <symbol id="sm-1e1d">
         <name>g_pvTickInstance</name>
         <value>0x200061e8</value>
      </symbol>
      <symbol id="sm-1e1e">
         <name>g_ui32USBSOFCount</name>
         <value>0x200065b0</value>
         <object_component_ref idref="oc-2f8"/>
      </symbol>
      <symbol id="sm-1e1f">
         <name>InternalUSBTickReset</name>
         <value>0x188fb</value>
         <object_component_ref idref="oc-2d3"/>
      </symbol>
      <symbol id="sm-1e20">
         <name>g_bUSBTimerInitialized</name>
         <value>0x200065a8</value>
         <object_component_ref idref="oc-2f8"/>
      </symbol>
      <symbol id="sm-1e21">
         <name>g_ui32CurrentUSBTick</name>
         <value>0x200065ac</value>
         <object_component_ref idref="oc-2f8"/>
      </symbol>
      <symbol id="sm-1e22">
         <name>InternalUSBStartOfFrameTick</name>
         <value>0x18953</value>
         <object_component_ref idref="oc-2d3"/>
      </symbol>
      <symbol id="sm-1e23">
         <name>InternalUSBRegisterTickHandler</name>
         <value>0x18903</value>
         <object_component_ref idref="oc-2d3"/>
      </symbol>
      <symbol id="sm-1e24">
         <name>InternalUSBTickInit</name>
         <value>0x188bd</value>
         <object_component_ref idref="oc-2d3"/>
      </symbol>
      <symbol id="sm-1e31">
         <name>ULPIPowerTransceiver</name>
         <value>0x18bf7</value>
         <object_component_ref idref="oc-2c7"/>
      </symbol>
      <symbol id="sm-1e32">
         <name>ULPIConfigSet</name>
         <value>0x18b55</value>
         <object_component_ref idref="oc-2c7"/>
      </symbol>
      <symbol id="sm-1e4c">
         <name>GetOverflowCounts</name>
         <value>0x1961d</value>
         <object_component_ref idref="oc-1b2"/>
      </symbol>
      <symbol id="sm-1e4d">
         <name>vConfigureTimerForRunTimeStats</name>
         <value>0x1910d</value>
         <object_component_ref idref="oc-1a9"/>
      </symbol>
      <symbol id="sm-1e6d">
         <name>CmdLineProcess</name>
         <value>0x18cd1</value>
         <object_component_ref idref="oc-2ba"/>
      </symbol>
      <symbol id="sm-1e9d">
         <name>CPUUsageInit</name>
         <value>0x18397</value>
         <object_component_ref idref="oc-109"/>
      </symbol>
      <symbol id="sm-1e9e">
         <name>CPUUsageTick</name>
         <value>0x18359</value>
         <object_component_ref idref="oc-109"/>
      </symbol>
      <symbol id="sm-1fa8">
         <name>UARTTxBytesFree</name>
         <value>0x10f4b</value>
         <object_component_ref idref="oc-38"/>
      </symbol>
      <symbol id="sm-1fa9">
         <name>UARTFlushRx</name>
         <value>0x10f57</value>
         <object_component_ref idref="oc-38"/>
      </symbol>
      <symbol id="sm-1faa">
         <name>UARTgetc</name>
         <value>0x10be1</value>
         <object_component_ref idref="oc-38"/>
      </symbol>
      <symbol id="sm-1fab">
         <name>UARTgets</name>
         <value>0x10781</value>
         <object_component_ref idref="oc-38"/>
      </symbol>
      <symbol id="sm-1fac">
         <name>UARTFlushTx</name>
         <value>0x10f65</value>
         <object_component_ref idref="oc-38"/>
      </symbol>
      <symbol id="sm-1fad">
         <name>UARTStdioConfig</name>
         <value>0x1058b</value>
         <object_component_ref idref="oc-38"/>
      </symbol>
      <symbol id="sm-1fae">
         <name>UARTStdioIntHandler</name>
         <value>0x10fb3</value>
         <object_component_ref idref="oc-38"/>
      </symbol>
      <symbol id="sm-1faf">
         <name>UARTRxBytesAvail</name>
         <value>0x10f3f</value>
         <object_component_ref idref="oc-38"/>
      </symbol>
      <symbol id="sm-1fb0">
         <name>UARTwrite</name>
         <value>0x106b7</value>
         <object_component_ref idref="oc-38"/>
      </symbol>
      <symbol id="sm-1fb1">
         <name>UARTEchoSet</name>
         <value>0x10f8b</value>
         <object_component_ref idref="oc-38"/>
      </symbol>
      <symbol id="sm-1fb2">
         <name>UARTprintf</name>
         <value>0x10f1b</value>
         <object_component_ref idref="oc-38"/>
      </symbol>
      <symbol id="sm-1fb3">
         <name>UARTvprintf</name>
         <value>0x10c09</value>
         <object_component_ref idref="oc-38"/>
      </symbol>
      <symbol id="sm-1fda">
         <name>sprintf</name>
         <value>0x194a5</value>
         <object_component_ref idref="oc-1ce"/>
      </symbol>
      <symbol id="sm-1fe4">
         <name>__aeabi_f2ulz</name>
         <value>0x1933d</value>
         <object_component_ref idref="oc-28d"/>
      </symbol>
      <symbol id="sm-1fff">
         <name>memcpy</name>
         <value>0x18d7d</value>
         <object_component_ref idref="oc-5e"/>
      </symbol>
      <symbol id="sm-2000">
         <name>__aeabi_memcpy</name>
         <value>0x18d7d</value>
         <object_component_ref idref="oc-5e"/>
      </symbol>
      <symbol id="sm-2001">
         <name>__aeabi_memcpy8</name>
         <value>0x18d7d</value>
         <object_component_ref idref="oc-5e"/>
      </symbol>
      <symbol id="sm-2002">
         <name>__aeabi_memcpy4</name>
         <value>0x18d7d</value>
         <object_component_ref idref="oc-5e"/>
      </symbol>
      <symbol id="sm-2011">
         <name>__aeabi_memset</name>
         <value>0x18fbd</value>
         <object_component_ref idref="oc-121"/>
      </symbol>
      <symbol id="sm-2012">
         <name>memset</name>
         <value>0x18fc3</value>
         <object_component_ref idref="oc-121"/>
      </symbol>
      <symbol id="sm-2013">
         <name>__aeabi_memset8</name>
         <value>0x18fbd</value>
         <object_component_ref idref="oc-121"/>
      </symbol>
      <symbol id="sm-2014">
         <name>__aeabi_memset4</name>
         <value>0x18fbd</value>
         <object_component_ref idref="oc-121"/>
      </symbol>
      <symbol id="sm-2015">
         <name>__aeabi_memclr8</name>
         <value>0x18fbb</value>
         <object_component_ref idref="oc-121"/>
      </symbol>
      <symbol id="sm-2016">
         <name>__aeabi_memclr4</name>
         <value>0x18fbb</value>
         <object_component_ref idref="oc-121"/>
      </symbol>
      <symbol id="sm-2017">
         <name>__aeabi_memclr</name>
         <value>0x18fbb</value>
         <object_component_ref idref="oc-121"/>
      </symbol>
      <symbol id="sm-2026">
         <name>__aeabi_uidivmod</name>
         <value>0x19465</value>
         <object_component_ref idref="oc-d3"/>
      </symbol>
      <symbol id="sm-2027">
         <name>__aeabi_uidiv</name>
         <value>0x19465</value>
         <object_component_ref idref="oc-d3"/>
      </symbol>
      <symbol id="sm-2039">
         <name>__TI_zero_init</name>
         <value>0x19741</value>
         <object_component_ref idref="oc-70"/>
      </symbol>
      <symbol id="sm-2050">
         <name>__TI_decompress_none</name>
         <value>0x19733</value>
         <object_component_ref idref="oc-1b"/>
      </symbol>
      <symbol id="sm-2073">
         <name>__TI_decompress_lzss</name>
         <value>0x19175</value>
         <object_component_ref idref="oc-15"/>
      </symbol>
      <symbol id="sm-2082">
         <name>strcmp</name>
         <value>0x196cb</value>
         <object_component_ref idref="oc-463"/>
      </symbol>
      <symbol id="sm-2090">
         <name>strcpy</name>
         <value>0x196f9</value>
         <object_component_ref idref="oc-1c2"/>
      </symbol>
      <symbol id="sm-209e">
         <name>strlen</name>
         <value>0x1970d</value>
         <object_component_ref idref="oc-1c8"/>
      </symbol>
      <symbol id="sm-20ae">
         <name>strncmp</name>
         <value>0x195f1</value>
         <object_component_ref idref="oc-2a5"/>
      </symbol>
      <symbol id="sm-2100">
         <name>strtof</name>
         <value>0x15b75</value>
         <object_component_ref idref="oc-2ae"/>
      </symbol>
      <symbol id="sm-2120">
         <name>strtoul</name>
         <value>0x186b1</value>
         <object_component_ref idref="oc-2b4"/>
      </symbol>
      <symbol id="sm-2133">
         <name>__stack</name>
         <value>0x200065f0</value>
         <object_component_ref idref="oc-24"/>
      </symbol>
      <symbol id="sm-2134">
         <name>_c_int00_noargs</name>
         <value>0x19561</value>
         <object_component_ref idref="oc-7c"/>
      </symbol>
      <symbol id="sm-214a">
         <name>__aeabi_errno_addr</name>
         <value>0x19759</value>
         <object_component_ref idref="oc-44c"/>
      </symbol>
      <symbol id="sm-214b">
         <name>errno</name>
         <value>0x200065ec</value>
         <object_component_ref idref="oc-59a"/>
      </symbol>
      <symbol id="sm-2172">
         <name>scalbnf</name>
         <value>0x18a85</value>
         <object_component_ref idref="oc-452"/>
      </symbol>
      <symbol id="sm-2173">
         <name>ldexpf</name>
         <value>0x18a85</value>
         <object_component_ref idref="oc-452"/>
      </symbol>
      <symbol id="sm-2180">
         <name>copysignf</name>
         <value>0x196b3</value>
         <object_component_ref idref="oc-59f"/>
      </symbol>
      <symbol id="sm-22e5">
         <name>__TI_printfi</name>
         <value>0x11bc5</value>
         <object_component_ref idref="oc-39f"/>
      </symbol>
      <symbol id="sm-22ef">
         <name>__aeabi_idiv0</name>
         <value>0x12613</value>
         <object_component_ref idref="oc-21c"/>
      </symbol>
      <symbol id="sm-22f0">
         <name>__aeabi_ldiv0</name>
         <value>0x12613</value>
         <object_component_ref idref="oc-21c"/>
      </symbol>
      <symbol id="sm-2307">
         <name>__aeabi_dsub</name>
         <value>0x17b95</value>
         <object_component_ref idref="oc-635"/>
      </symbol>
      <symbol id="sm-2308">
         <name>__aeabi_dadd</name>
         <value>0x17b9f</value>
         <object_component_ref idref="oc-635"/>
      </symbol>
      <symbol id="sm-232a">
         <name>__aeabi_cdcmpeq</name>
         <value>0x18eaf</value>
         <object_component_ref idref="oc-4f6"/>
      </symbol>
      <symbol id="sm-232b">
         <name>__aeabi_cdcmple</name>
         <value>0x18eaf</value>
         <object_component_ref idref="oc-4f6"/>
      </symbol>
      <symbol id="sm-232c">
         <name>__aeabi_cdrcmple</name>
         <value>0x18f35</value>
         <object_component_ref idref="oc-620"/>
      </symbol>
      <symbol id="sm-2340">
         <name>__aeabi_ddiv</name>
         <value>0x17fd1</value>
         <object_component_ref idref="oc-61b"/>
      </symbol>
      <symbol id="sm-234b">
         <name>__aeabi_dmul</name>
         <value>0x187c1</value>
         <object_component_ref idref="oc-616"/>
      </symbol>
      <symbol id="sm-2355">
         <name>__aeabi_d2iz</name>
         <value>0x193d9</value>
         <object_component_ref idref="oc-625"/>
      </symbol>
      <symbol id="sm-235f">
         <name>__aeabi_i2d</name>
         <value>0x19595</value>
         <object_component_ref idref="oc-630"/>
      </symbol>
      <symbol id="sm-236c">
         <name>__aeabi_uldivmod</name>
         <value>0x18e19</value>
         <object_component_ref idref="oc-60f"/>
      </symbol>
      <symbol id="sm-2394">
         <name>__TI_auto_init_nobinit_nopinit</name>
         <value>0x19421</value>
         <object_component_ref idref="oc-31c"/>
      </symbol>
      <symbol id="sm-239e">
         <name>_system_pre_init</name>
         <value>0x19767</value>
         <object_component_ref idref="oc-16f"/>
      </symbol>
      <symbol id="sm-23aa">
         <name>C$$EXIT</name>
         <value>0x1976b</value>
         <object_component_ref idref="oc-310"/>
      </symbol>
      <symbol id="sm-23ab">
         <name>abort</name>
         <value>0x1976b</value>
         <object_component_ref idref="oc-310"/>
      </symbol>
      <symbol id="sm-23bb">
         <name>__TI_ltoa</name>
         <value>0x19297</value>
         <object_component_ref idref="oc-62a"/>
      </symbol>
      <symbol id="sm-23d2">
         <name>atoi</name>
         <value>0x1938d</value>
         <object_component_ref idref="oc-4ea"/>
      </symbol>
      <symbol id="sm-23dd">
         <name>_ctypes_</name>
         <value>0x19cec</value>
         <object_component_ref idref="oc-458"/>
      </symbol>
      <symbol id="sm-23ed">
         <name>memccpy</name>
         <value>0x19665</value>
         <object_component_ref idref="oc-513"/>
      </symbol>
      <symbol id="sm-23fd">
         <name>strchr</name>
         <value>0x196e3</value>
         <object_component_ref idref="oc-661"/>
      </symbol>
      <symbol id="sm-2413">
         <name>frexpl</name>
         <value>0x191dd</value>
         <object_component_ref idref="oc-655"/>
      </symbol>
      <symbol id="sm-2414">
         <name>frexp</name>
         <value>0x191dd</value>
         <object_component_ref idref="oc-655"/>
      </symbol>
      <symbol id="sm-2431">
         <name>scalbn</name>
         <value>0x185a1</value>
         <object_component_ref idref="oc-65b"/>
      </symbol>
      <symbol id="sm-2432">
         <name>scalbnl</name>
         <value>0x185a1</value>
         <object_component_ref idref="oc-65b"/>
      </symbol>
      <symbol id="sm-2433">
         <name>ldexpl</name>
         <value>0x185a1</value>
         <object_component_ref idref="oc-65b"/>
      </symbol>
      <symbol id="sm-2434">
         <name>ldexp</name>
         <value>0x185a1</value>
         <object_component_ref idref="oc-65b"/>
      </symbol>
      <symbol id="sm-244d">
         <name>wcslen</name>
         <value>0x19721</value>
         <object_component_ref idref="oc-519"/>
      </symbol>
      <symbol id="sm-2457">
         <name>copysign</name>
         <value>0x19681</value>
         <object_component_ref idref="oc-717"/>
      </symbol>
      <symbol id="sm-2458">
         <name>copysignl</name>
         <value>0x19681</value>
         <object_component_ref idref="oc-717"/>
      </symbol>
      <symbol id="sm-2459">
         <name>__TI_static_base__</name>
         <value>0x0</value>
      </symbol>
      <symbol id="sm-245c">
         <name>__mpu_init</name>
         <value>0x0</value>
      </symbol>
      <symbol id="sm-245d">
         <name>_system_post_cinit</name>
         <value>0x0</value>
      </symbol>
   </symbol_table>
   <title>Link successful</title>
</link_info>
